Microchip MPLAB XC8 Compiler V2.50

Linker command line:

-W-3 \
  --edf=C:\Program Files\Microchip\xc8\v2.50\pic\dat\20240725155939_en.msgs \
  -cn -h+dist/default/production\Standard.production.sym \
  --cmf=dist/default/production\Standard.production.cmf -z -Q18F4620 \
  -oC:\Users\dell\AppData\Local\Temp\xcAsgeg.\driver_tmp_3.o \
  --defsym=__MPLAB_BUILD=1 --fixupoverflow=error \
  -Mdist/default/production/Standard.production.map \
  --md=C:\Users\dell\AppData\Local\Temp\xcAsgeg.\driver_tmp_0.dat -E1 \
  -ver=XC8 Compiler --acfsm=1493 -ACODE=00h-0FFFFh -ACONST=00h-0FFFFh \
  -ASMALLCONST=01000h-010FFhx240 -AMEDIUMCONST=01000h-0FFFFh \
  -ACOMRAM=01h-07Fh -AABS1=00h-0F7Fh -ABIGRAM=01h-0F7Fh \
  -ARAM=080h-0FFh,0100h-01FFhx14,0F00h-0F7Fh -ABANK0=080h-0FFh \
  -ABANK1=0100h-01FFh -ABANK2=0200h-02FFh -ABANK3=0300h-03FFh \
  -ABANK4=0400h-04FFh -ABANK5=0500h-05FFh -ABANK6=0600h-06FFh \
  -ABANK7=0700h-07FFh -ABANK8=0800h-08FFh -ABANK9=0900h-09FFh \
  -ABANK10=0A00h-0AFFh -ABANK11=0B00h-0BFFh -ABANK12=0C00h-0CFFh \
  -ABANK13=0D00h-0DFFh -ABANK14=0E00h-0EFFh -ABANK15=0F00h-0F7Fh \
  -ASFR=0F80h-0FFFh -ABIGSFR=0F80h-0FFFh -ACONFIG=0300000h-030000Dh \
  -AIDLOC=0200000h-0200007h -AEEDATA=0F00000h-0F003FFh -peeprom_data=EEDATA \
  -preset_vec=00h,intcode=8h,intcodelo,powerup,init -pramtop=01000h \
  -psmallconst=SMALLCONST -pmediumconst=MEDIUMCONST -pconst=CONST \
  -AFARRAM=00h-00h \
  -prdata=COMRAM,nvrram=COMRAM,nvbit=COMRAM,rbss=COMRAM,rbit=COMRAM \
  -pfarbss=FARRAM,fardata=FARRAM,nvFARRAM=FARRAM \
  -pintsave_regs=BIGRAM,bigbss=BIGRAM,bigdata=BIGRAM -pbss=RAM \
  -pidata=CODE,irdata=CODE,ibigdata=CODE,ifardata=CODE -prparam=COMRAM \
  C:\Users\dell\AppData\Local\Temp\xcAsgeg.\driver_tmp_9.o \
  dist/default/production\Standard.production.o 

Object code version is 3.11

Machine type is 18F4620



                Name                               Link     Load   Length Selector   Space Scale
C:\Users\dell\AppData\Local\Temp\xcAsgeg.\driver_tmp_9.o
                config                           300000   300000        E        0       4
                init                                  E        E        4        4       0
                reset_vec                             0        0        4        0       0
dist/default/production\Standard.production.o
                intcode                               8        8        6        4       0
                config                           300000   300000        E        0       4
                temp                                 75       75        1        1       1
                smallconst                         1000     1000       16      800       0
                text32                             1AE8     1AE8        2      80B       0
                text31                             1AE2     1AE2        4      80B       0
                text30                             1ADE     1ADE        4      80B       0
                text29                             1AE6     1AE6        2      80B       0
                text28                             1ADA     1ADA        4      80B       0
                text27                             1AD6     1AD6        4      80B       0
                text26                             1AD2     1AD2        4      80B       0
                text25                             1AC8     1AC8        6      80B       0
                text24                             1932     1932       2E      80B       0
                text23                             1904     1904       2E      80B       0
                text22                             18D6     18D6       2E      80B       0
                text21                             1A6C     1A6C       1A      80B       0
                text20                             1A52     1A52       1A      80B       0
                text19                             1A38     1A38       1A      80B       0
                text18                             1A1E     1A1E       1A      80B       0
                text17                             1ACE     1ACE        4      80B       0
                text16                             1AB4     1AB4        C      80B       0
                text15                             1AA8     1AA8        C      80B       0
                text14                             1AC0     1AC0        8      80B       0
                text13                             1A9C     1A9C        C      80B       0
                intcode_body                       1016     1016      43A      80B       0
                text11                             17E2     17E2       6C      80B       0
                text10                             1450     1450      11A      80B       0
                text9                              1704     1704       72      80B       0
                text8                              1776     1776       6C      80B       0
                text7                              156A     156A       FC      80B       0
                text6                              19D8     19D8       26      80B       0
                text5                              19B0     19B0       28      80B       0
                text4                              1988     1988       28      80B       0
                text3                              1960     1960       28      80B       0
                text2                              1666     1666       9E      80B       0
                text1                              184E     184E       52      80B       0
                text0                              1A86     1A86       16      80B       0
                cstackCOMRAM                         67       67        E        1       1
                dataCOMRAM                           47       47       20        1       1
                bssCOMRAM                             1        1       46        1       1
                cinit                              18A0     18A0       36      80B       0
                idataCOMRAM                        19FE     19FE       20      80B       0

TOTAL           Name                               Link     Load   Length     Space
        CLASS   CODE           
                intcode                               8        8        6         0
                init                                  E        E        4         0
                reset_vec                             0        0        4         0
                text32                             1AE8     1AE8        2         0
                text31                             1AE2     1AE2        4         0
                text30                             1ADE     1ADE        4         0
                text29                             1AE6     1AE6        2         0
                text28                             1ADA     1ADA        4         0
                text27                             1AD6     1AD6        4         0
                text26                             1AD2     1AD2        4         0
                text25                             1AC8     1AC8        6         0
                text24                             1932     1932       2E         0
                text23                             1904     1904       2E         0
                text22                             18D6     18D6       2E         0
                text21                             1A6C     1A6C       1A         0
                text20                             1A52     1A52       1A         0
                text19                             1A38     1A38       1A         0
                text18                             1A1E     1A1E       1A         0
                text17                             1ACE     1ACE        4         0
                text16                             1AB4     1AB4        C         0
                text15                             1AA8     1AA8        C         0
                text14                             1AC0     1AC0        8         0
                text13                             1A9C     1A9C        C         0
                intcode_body                       1016     1016      43A         0
                text11                             17E2     17E2       6C         0
                text10                             1450     1450      11A         0
                text9                              1704     1704       72         0
                text8                              1776     1776       6C         0
                text7                              156A     156A       FC         0
                text6                              19D8     19D8       26         0
                text5                              19B0     19B0       28         0
                text4                              1988     1988       28         0
                text3                              1960     1960       28         0
                text2                              1666     1666       9E         0
                text1                              184E     184E       52         0
                text0                              1A86     1A86       16         0
                cinit                              18A0     18A0       36         0
                idataCOMRAM                        19FE     19FE       20         0

        CLASS   CONST          

        CLASS   SMALLCONST     
                smallconst                         1000     1000       16         0

        CLASS   MEDIUMCONST    

        CLASS   COMRAM         
                temp                                 75       75        1         1
                cstackCOMRAM                         67       67        E         1
                dataCOMRAM                           47       47       20         1
                bssCOMRAM                             1        1       46         1

        CLASS   ABS1           

        CLASS   BIGRAM         

        CLASS   RAM            

        CLASS   BANK0          

        CLASS   BANK1          

        CLASS   BANK2          

        CLASS   BANK3          

        CLASS   BANK4          

        CLASS   BANK5          

        CLASS   BANK6          

        CLASS   BANK7          

        CLASS   BANK8          

        CLASS   BANK9          

        CLASS   BANK10         

        CLASS   BANK11         

        CLASS   BANK12         

        CLASS   BANK13         

        CLASS   BANK14         

        CLASS   BANK15         

        CLASS   SFR            

        CLASS   BIGSFR         

        CLASS   CONFIG         
                config                           300000   300000        E         4

        CLASS   IDLOC          

        CLASS   EEDATA         

        CLASS   FARRAM         

        CLASS   HEAP           

        CLASS   STACK          



SEGMENTS        Name                           Load    Length   Top    Selector   Space  Class

                reset_vec                      000000  000004  000004         0       0  CODE    
                bssCOMRAM                      000001  000075  000076         1       1  COMRAM  
                intcode                        000008  00000A  000012         4       0  CODE    
                smallconst                     001000  000016  001016       800       0  SMALLCON
                intcode_body                   001016  000AD4  001AEA       80B       0  CODE    


UNUSED ADDRESS RANGES

        Name                Unused          Largest block    Delta
        BANK0            000080-0000FF               80
        BANK1            000100-0001FF              100
        BANK10           000A00-000AFF              100
        BANK11           000B00-000BFF              100
        BANK12           000C00-000CFF              100
        BANK13           000D00-000DFF              100
        BANK14           000E00-000EFF              100
        BANK15           000F00-000F7F               80
        BANK2            000200-0002FF              100
        BANK3            000300-0003FF              100
        BANK4            000400-0004FF              100
        BANK5            000500-0005FF              100
        BANK6            000600-0006FF              100
        BANK7            000700-0007FF              100
        BANK8            000800-0008FF              100
        BANK9            000900-0009FF              100
        BIGRAM           000076-000F7F              F0A
        BIGSFR           000F80-000FFF               80
        CODE             000004-000007                4
                         000012-000FFF              FEE
                         001AEA-00FFFF             E516
        COMRAM           000076-00007F                A
        CONST            000004-000007                4
                         000012-000FFF              FEE
                         001AEA-00FFFF             E516
        EEDATA           F00000-F003FF              400
        IDLOC            200000-200007                8
        MEDIUMCONST      001AEA-00FFFF             E516
        RAM              000080-000F7F              100
        SFR              000F80-000FFF               80
        SMALLCONST       001AEA-00FFFF              100

                                  Symbol Table

CCP_Capture_Read_Val@F3139                         bssCOMRAM    000031
INT0_SetInterruptHandler@InterruptHandler          cstackCOMRAM 00006B
INT0_SetInterruptHandler@ret                       cstackCOMRAM 00006D
INT1_SetInterruptHandler@InterruptHandler          cstackCOMRAM 00006B
INT1_SetInterruptHandler@ret                       cstackCOMRAM 00006D
INT2_SetInterruptHandler@InterruptHandler          cstackCOMRAM 00006B
INT2_SetInterruptHandler@ret                       cstackCOMRAM 00006D
Interrupt_INTx_Disable@ext_int                     cstackCOMRAM 00006B
Interrupt_INTx_Disable@ret                         cstackCOMRAM 00006E
Interrupt_INTx_Edge_Set@ext_int                    cstackCOMRAM 00006B
Interrupt_INTx_Edge_Set@ret                        cstackCOMRAM 00006E
Interrupt_INTx_Enable@ext_int                      cstackCOMRAM 00006B
Interrupt_INTx_Enable@ret                          cstackCOMRAM 00006E
Interrupt_INTx_Flag_Clear@ext_int                  cstackCOMRAM 00006B
Interrupt_INTx_Flag_Clear@ret                      cstackCOMRAM 00006E
Interrupt_INTx_Init@ext_int                        cstackCOMRAM 000073
Interrupt_INTx_Init@ret                            cstackCOMRAM 000074
Interrupt_INTx_Pin_Init@ext_int                    cstackCOMRAM 000071
Interrupt_INTx_Pin_Init@ret                        cstackCOMRAM 000072
Interrupt_INTx_SetInterruptHandler@ext_int         cstackCOMRAM 00006E
Interrupt_INTx_SetInterruptHandler@ret             cstackCOMRAM 000071
MSSP_SPI_Msster_Mode_GPIO_PIN_Configurations@F3124 dataCOMRAM   00005C
MSSP_SPI_Msster_Mode_GPIO_PIN_Configurations@F3126 dataCOMRAM   00005B
MSSP_SPI_Msster_Mode_GPIO_PIN_Configurations@F3128 dataCOMRAM   00005A
MSSP_SPI_Slave_Mode_GPIO_PIN_Configurations@F3133  dataCOMRAM   000059
MSSP_SPI_Slave_Mode_GPIO_PIN_Configurations@F3135  dataCOMRAM   000058
MSSP_SPI_Slave_Mode_GPIO_PIN_Configurations@F3137  dataCOMRAM   000057
MSSP_SPI_Slave_Mode_GPIO_PIN_Configurations@F3139  dataCOMRAM   000056
RB4_ISR@RB_src                                     cstackCOMRAM 000067
RB5_ISR@RB_src                                     cstackCOMRAM 000067
RB6_ISR@RB_src                                     cstackCOMRAM 000067
RB7_ISR@RB_src                                     cstackCOMRAM 000067
_ADCON0bits                                        (abs)        000FC2
_ADCON1bits                                        (abs)        000FC1
_ADCON2bits                                        (abs)        000FC0
_ADC_ISR                                           text32       001AE8
_ADRESH                                            (abs)        000FC4
_ADRESL                                            (abs)        000FC3
_BAUDCONbits                                       (abs)        000FB8
_CCP1CONbits                                       (abs)        000FBD
_CCP1_ISR                                          text31       001AE2
_CCP1_InterruptHandler                             bssCOMRAM    000035
_CCP2CONbits                                       (abs)        000FBA
_CCP2_ISR                                          text30       001ADE
_CCP2_InterruptHandler                             bssCOMRAM    000033
_CCPR1H                                            (abs)        000FBF
_CCPR1L                                            (abs)        000FBE
_CCPR2H                                            (abs)        000FBC
_CCPR2L                                            (abs)        000FBB
_EEADR                                             (abs)        000FA9
_EEADRH                                            (abs)        000FAA
_EECON1bits                                        (abs)        000FA6
_EECON2                                            (abs)        000FA7
_EEDATA                                            (abs)        000FA8
_EUSART_FramingErrorHandler                        bssCOMRAM    000001
_EUSART_RXInterruptHandler                         bssCOMRAM    000003
_EUSART_RX_ISR                                     text29       001AE6
_EUSART_TXInterruptHandler                         bssCOMRAM    000005
_EUSART_TX_ISR                                     text28       001ADA
_I2C_BUS_COL_ISR                                   text27       001AD6
_I2C_ISR                                           text26       001AD2
_I2C_InterruptHandler                              bssCOMRAM    00002F
_I2C_Interrupt_Write_Col                           bssCOMRAM    00002D
_INT0_ISR                                          text24       001932
_INT0_InterruptHandler                             bssCOMRAM    00002B
_INT0_SetInterruptHandler                          text5        0019B0
_INT1_ISR                                          text23       001904
_INT1_InterruptHandler                             bssCOMRAM    000029
_INT1_SetInterruptHandler                          text4        001988
_INT2_ISR                                          text22       0018D6
_INT2_InterruptHandler                             bssCOMRAM    000027
_INT2_SetInterruptHandler                          text3        001960
_INTCON2bits                                       (abs)        000FF1
_INTCON3bits                                       (abs)        000FF0
_INTCONbits                                        (abs)        000FF2
_InterruptManager                                  intcode      000008
_Interrupt_INTx_Disable                            text11       0017E2
_Interrupt_INTx_Edge_Set                           text10       001450
_Interrupt_INTx_Enable                             text9        001704
_Interrupt_INTx_Flag_Clear                         text8        001776
_Interrupt_INTx_Init                               text1        00184E
_Interrupt_INTx_Pin_Init                           text6        0019D8
_Interrupt_INTx_SetInterruptHandler                text2        001666
_LATA                                              (abs)        000F89
_LATB                                              (abs)        000F8A
_LATC                                              (abs)        000F8B
_LATD                                              (abs)        000F8C
_LATE                                              (abs)        000F8D
_PIE1bits                                          (abs)        000F9D
_PIE2bits                                          (abs)        000FA0
_PIR1bits                                          (abs)        000F9E
_PIR2bits                                          (abs)        000FA1
_PORTA                                             (abs)        000F80
_PORTB                                             (abs)        000F81
_PORTBbits                                         (abs)        000F81
_PORTC                                             (abs)        000F82
_PORTD                                             (abs)        000F83
_PORTE                                             (abs)        000F84
_PR2                                               (abs)        000FCB
_RB4_Flag                                          dataCOMRAM   000060
_RB4_ISR                                           text21       001A6C
_RB4_InterruptHandler_HIGH                         bssCOMRAM    000025
_RB4_InterruptHandler_LOW                          bssCOMRAM    000023
_RB5_Flag                                          dataCOMRAM   00005F
_RB5_ISR                                           text20       001A52
_RB5_InterruptHandler_HIGH                         bssCOMRAM    000021
_RB5_InterruptHandler_LOW                          bssCOMRAM    00001F
_RB6_Flag                                          dataCOMRAM   00005E
_RB6_ISR                                           text19       001A38
_RB6_InterruptHandler_HIGH                         bssCOMRAM    00001D
_RB6_InterruptHandler_LOW                          bssCOMRAM    00001B
_RB7_Flag                                          dataCOMRAM   00005D
_RB7_ISR                                           text18       001A1E
_RB7_InterruptHandler_HIGH                         bssCOMRAM    000019
_RB7_InterruptHandler_LOW                          bssCOMRAM    000017
_RCREG                                             (abs)        000FAE
_RCSTAbits                                         (abs)        000FAB
_SPBRG                                             (abs)        000FAF
_SPBRGH                                            (abs)        000FB0
_SPI_ISR                                           text17       001ACE
_SPI_InterruptHandler                              bssCOMRAM    000015
_SSPADD                                            (abs)        000FC8
_SSPBUF                                            (abs)        000FC9
_SSPCON1bits                                       (abs)        000FC6
_SSPCON2bits                                       (abs)        000FC5
_SSPSTATbits                                       (abs)        000FC7
_T0CONbits                                         (abs)        000FD5
_T1CONbits                                         (abs)        000FCD
_T2CONbits                                         (abs)        000FCA
_T3CONbits                                         (abs)        000FB1
_TIMR0_ISR                                         text16       001AB4
_TIMR0_InterruptHandler                            bssCOMRAM    000013
_TIMR1_ISR                                         text15       001AA8
_TIMR1_InterruptHandler                            bssCOMRAM    00000F
_TIMR2_ISR                                         text14       001AC0
_TIMR2_InterruptHandler                            bssCOMRAM    00000B
_TIMR3_ISR                                         text13       001A9C
_TIMR3_InterruptHandler                            bssCOMRAM    000009
_TMR0H                                             (abs)        000FD7
_TMR0L                                             (abs)        000FD6
_TMR1H                                             (abs)        000FCF
_TMR1L                                             (abs)        000FCE
_TMR2                                              (abs)        000FCC
_TMR3H                                             (abs)        000FB3
_TMR3L                                             (abs)        000FB2
_TRISA                                             (abs)        000F92
_TRISB                                             (abs)        000F93
_TRISC                                             (abs)        000F94
_TRISCbits                                         (abs)        000F94
_TRISD                                             (abs)        000F95
_TRISE                                             (abs)        000F96
_TXREG                                             (abs)        000FAD
_TXSTAbits                                         (abs)        000FAC
__HRAM                                             (abs)        000000
__H__absolute__                                    __absolute__ 000000
__Habs1                                            abs1         000000
__Hbank0                                           bank0        000000
__Hbank1                                           bank1        000000
__Hbank10                                          bank10       000000
__Hbank11                                          bank11       000000
__Hbank12                                          bank12       000000
__Hbank13                                          bank13       000000
__Hbank14                                          bank14       000000
__Hbank15                                          bank15       000000
__Hbank2                                           bank2        000000
__Hbank3                                           bank3        000000
__Hbank4                                           bank4        000000
__Hbank5                                           bank5        000000
__Hbank6                                           bank6        000000
__Hbank7                                           bank7        000000
__Hbank8                                           bank8        000000
__Hbank9                                           bank9        000000
__Hbigbss                                          bigbss       000000
__Hbigdata                                         bigdata      000000
__Hbigram                                          bigram       000000
__Hbigsfr                                          bigsfr       000000
__Hbss                                             bss          000000
__HbssCOMRAM                                       bssCOMRAM    000000
__Hcinit                                           cinit        000000
__Hclrtext                                         clrtext      000000
__Hcomram                                          comram       000000
__Hconfig                                          config       30000E
__Hconst                                           const        000000
__HcstackCOMRAM                                    cstackCOMRAM 000000
__Hdata                                            data         000000
__HdataCOMRAM                                      dataCOMRAM   000000
__Heeprom_data                                     eeprom_data  000000
__Hfarbss                                          farbss       000000
__Hfardata                                         fardata      000000
__Hheap                                            heap         000000
__Hibigdata                                        ibigdata     000000
__Hidata                                           idata        000000
__HidataCOMRAM                                     idataCOMRAM  000000
__Hidloc                                           idloc        000000
__Hifardata                                        ifardata     000000
__Hinit                                            init         000012
__Hintcode                                         intcode      00000E
__Hintcode_body                                    intcode_body 000000
__Hintcodelo                                       intcodelo    00000E
__Hintentry                                        intentry     000000
__Hintret                                          intret       000000
__Hintsave_regs                                    intsave_regs 000000
__Hirdata                                          irdata       000000
__Hmediumconst                                     mediumconst  000000
__HnvFARRAM                                        nvFARRAM     000000
__Hnvbit                                           nvbit        000000
__Hnvrram                                          nvrram       000000
__Hparam                                           rparam       000000
__Hpowerup                                         powerup      00000E
__Hram                                             ram          000000
__Hramtop                                          ramtop       001000
__Hrbit                                            rbit         000000
__Hrbss                                            rbss         000000
__Hrdata                                           rdata        000000
__Hreset_vec                                       reset_vec    000004
__Hrparam                                          rparam       000000
__Hsfr                                             sfr          000000
__Hsivt_hi                                         sivt_hi      000000
__Hsivt_lo                                         sivt_lo      000000
__Hsmallconst                                      smallconst   001016
__Hspace_0                                         (abs)        001AEA
__Hspace_1                                         (abs)        000076
__Hspace_2                                         (abs)        000000
__Hspace_4                                         (abs)        60000E
__Hstack                                           stack        000000
__Hstruct                                          struct       000000
__Htemp                                            temp         000076
__Htext                                            text         000000
__Htext0                                           text0        000000
__Htext1                                           text1        000000
__Htext10                                          text10       000000
__Htext11                                          text11       000000
__Htext13                                          text13       000000
__Htext14                                          text14       000000
__Htext15                                          text15       000000
__Htext16                                          text16       000000
__Htext17                                          text17       000000
__Htext18                                          text18       000000
__Htext19                                          text19       000000
__Htext2                                           text2        000000
__Htext20                                          text20       000000
__Htext21                                          text21       000000
__Htext22                                          text22       000000
__Htext23                                          text23       000000
__Htext24                                          text24       000000
__Htext25                                          text25       000000
__Htext26                                          text26       000000
__Htext27                                          text27       000000
__Htext28                                          text28       000000
__Htext29                                          text29       000000
__Htext3                                           text3        000000
__Htext30                                          text30       000000
__Htext31                                          text31       000000
__Htext32                                          text32       000000
__Htext4                                           text4        000000
__Htext5                                           text5        000000
__Htext6                                           text6        000000
__Htext7                                           text7        000000
__Htext8                                           text8        000000
__Htext9                                           text9        000000
__LRAM                                             (abs)        000001
__L__absolute__                                    __absolute__ 000000
__Labs1                                            abs1         000000
__Lbank0                                           bank0        000000
__Lbank1                                           bank1        000000
__Lbank10                                          bank10       000000
__Lbank11                                          bank11       000000
__Lbank12                                          bank12       000000
__Lbank13                                          bank13       000000
__Lbank14                                          bank14       000000
__Lbank15                                          bank15       000000
__Lbank2                                           bank2        000000
__Lbank3                                           bank3        000000
__Lbank4                                           bank4        000000
__Lbank5                                           bank5        000000
__Lbank6                                           bank6        000000
__Lbank7                                           bank7        000000
__Lbank8                                           bank8        000000
__Lbank9                                           bank9        000000
__Lbigbss                                          bigbss       000000
__Lbigdata                                         bigdata      000000
__Lbigram                                          bigram       000000
__Lbigsfr                                          bigsfr       000000
__Lbss                                             bss          000000
__LbssCOMRAM                                       bssCOMRAM    000000
__Lcinit                                           cinit        000000
__Lclrtext                                         clrtext      000000
__Lcomram                                          comram       000000
__Lconfig                                          config       000000
__Lconst                                           const        000000
__LcstackCOMRAM                                    cstackCOMRAM 000000
__Ldata                                            data         000000
__LdataCOMRAM                                      dataCOMRAM   000000
__Leeprom_data                                     eeprom_data  000000
__Lfarbss                                          farbss       000000
__Lfardata                                         fardata      000000
__Lheap                                            heap         000000
__Libigdata                                        ibigdata     000000
__Lidata                                           idata        000000
__LidataCOMRAM                                     idataCOMRAM  000000
__Lidloc                                           idloc        000000
__Lifardata                                        ifardata     000000
__Linit                                            init         00000E
__Lintcode                                         intcode      000008
__Lintcode_body                                    intcode_body 000000
__Lintcodelo                                       intcodelo    00000E
__Lintentry                                        intentry     000000
__Lintret                                          intret       000000
__Lintsave_regs                                    intsave_regs 000000
__Lirdata                                          irdata       000000
__Lmediumconst                                     mediumconst  000000
__LnvFARRAM                                        nvFARRAM     000000
__Lnvbit                                           nvbit        000000
__Lnvrram                                          nvrram       000000
__Lparam                                           rparam       000000
__Lpowerup                                         powerup      00000E
__Lram                                             ram          000000
__Lramtop                                          ramtop       001000
__Lrbit                                            rbit         000000
__Lrbss                                            rbss         000000
__Lrdata                                           rdata        000000
__Lreset_vec                                       reset_vec    000000
__Lrparam                                          rparam       000000
__Lsfr                                             sfr          000000
__Lsivt_hi                                         sivt_hi      000000
__Lsivt_lo                                         sivt_lo      000000
__Lsmallconst                                      smallconst   001000
__Lspace_0                                         (abs)        000000
__Lspace_1                                         (abs)        000000
__Lspace_2                                         (abs)        000000
__Lspace_4                                         (abs)        000000
__Lstack                                           stack        000000
__Lstruct                                          struct       000000
__Ltemp                                            temp         000075
__Ltext                                            text         000000
__Ltext0                                           text0        000000
__Ltext1                                           text1        000000
__Ltext10                                          text10       000000
__Ltext11                                          text11       000000
__Ltext13                                          text13       000000
__Ltext14                                          text14       000000
__Ltext15                                          text15       000000
__Ltext16                                          text16       000000
__Ltext17                                          text17       000000
__Ltext18                                          text18       000000
__Ltext19                                          text19       000000
__Ltext2                                           text2        000000
__Ltext20                                          text20       000000
__Ltext21                                          text21       000000
__Ltext22                                          text22       000000
__Ltext23                                          text23       000000
__Ltext24                                          text24       000000
__Ltext25                                          text25       000000
__Ltext26                                          text26       000000
__Ltext27                                          text27       000000
__Ltext28                                          text28       000000
__Ltext29                                          text29       000000
__Ltext3                                           text3        000000
__Ltext30                                          text30       000000
__Ltext31                                          text31       000000
__Ltext32                                          text32       000000
__Ltext4                                           text4        000000
__Ltext5                                           text5        000000
__Ltext6                                           text6        000000
__Ltext7                                           text7        000000
__Ltext8                                           text8        000000
__Ltext9                                           text9        000000
__S0                                               (abs)        001AEA
__S1                                               (abs)        000076
__S4                                               (abs)        000000
__S5                                               (abs)        000000
___heap_hi                                         (abs)        000000
___heap_lo                                         (abs)        000000
___inthi_sp                                        stack        000000
___inthi_stack_hi                                  stack        000000
___inthi_stack_lo                                  stack        000000
___intlo_sp                                        stack        000000
___intlo_stack_hi                                  stack        000000
___intlo_stack_lo                                  stack        000000
___param_bank                                      (abs)        000000
___rparam_used                                     (abs)        000001
___sp                                              stack        000000
___stack_hi                                        stack        000000
___stack_lo                                        stack        000000
__accesstop                                        (abs)        000080
__activetblptr                                     (abs)        000003
__end_of_ADC_ISR                                   text32       001AEA
__end_of_CCP1_ISR                                  text31       001AE6
__end_of_CCP2_ISR                                  text30       001AE2
__end_of_EUSART_RX_ISR                             text29       001AE8
__end_of_EUSART_TX_ISR                             text28       001ADE
__end_of_I2C_BUS_COL_ISR                           text27       001ADA
__end_of_I2C_ISR                                   text26       001AD6
__end_of_INT0_ISR                                  text24       001960
__end_of_INT0_SetInterruptHandler                  text5        0019D8
__end_of_INT1_ISR                                  text23       001932
__end_of_INT1_SetInterruptHandler                  text4        0019B0
__end_of_INT2_ISR                                  text22       001904
__end_of_INT2_SetInterruptHandler                  text3        001988
__end_of_InterruptManager                          intcode_body 001450
__end_of_Interrupt_INTx_Disable                    text11       00184E
__end_of_Interrupt_INTx_Edge_Set                   text10       00156A
__end_of_Interrupt_INTx_Enable                     text9        001776
__end_of_Interrupt_INTx_Flag_Clear                 text8        0017E2
__end_of_Interrupt_INTx_Init                       text1        0018A0
__end_of_Interrupt_INTx_Pin_Init                   text6        0019FE
__end_of_Interrupt_INTx_SetInterruptHandler        text2        001704
__end_of_RB4_ISR                                   text21       001A86
__end_of_RB5_ISR                                   text20       001A6C
__end_of_RB6_ISR                                   text19       001A52
__end_of_RB7_ISR                                   text18       001A38
__end_of_SPI_ISR                                   text17       001AD2
__end_of_TIMR0_ISR                                 text16       001AC0
__end_of_TIMR1_ISR                                 text15       001AB4
__end_of_TIMR2_ISR                                 text14       001AC8
__end_of_TIMR3_ISR                                 text13       001AA8
__end_of__initialization                           cinit        0018CC
__end_of_gpio_pin_set_direction                    text7        001666
__end_of_int0int                                   text25       001ACE
__end_of_keypad_values                             smallconst   001011
__end_of_main                                      text0        001A9C
__initialization                                   cinit        0018A0
__mediumconst                                      mediumconst  000000
__pbssCOMRAM                                       bssCOMRAM    000001
__pcinit                                           cinit        0018A0
__pcstackCOMRAM                                    cstackCOMRAM 000067
__pdataCOMRAM                                      dataCOMRAM   000047
__pidataCOMRAM                                     idataCOMRAM  0019FE
__pintcode                                         intcode      000008
__pintcode_body                                    intcode_body 001016
__psmallconst                                      smallconst   001000
__ptext0                                           text0        001A86
__ptext1                                           text1        00184E
__ptext10                                          text10       001450
__ptext11                                          text11       0017E2
__ptext13                                          text13       001A9C
__ptext14                                          text14       001AC0
__ptext15                                          text15       001AA8
__ptext16                                          text16       001AB4
__ptext17                                          text17       001ACE
__ptext18                                          text18       001A1E
__ptext19                                          text19       001A38
__ptext2                                           text2        001666
__ptext20                                          text20       001A52
__ptext21                                          text21       001A6C
__ptext22                                          text22       0018D6
__ptext23                                          text23       001904
__ptext24                                          text24       001932
__ptext25                                          text25       001AC8
__ptext26                                          text26       001AD2
__ptext27                                          text27       001AD6
__ptext28                                          text28       001ADA
__ptext29                                          text29       001AE6
__ptext3                                           text3        001960
__ptext30                                          text30       001ADE
__ptext31                                          text31       001AE2
__ptext32                                          text32       001AE8
__ptext4                                           text4        001988
__ptext5                                           text5        0019B0
__ptext6                                           text6        0019D8
__ptext7                                           text7        00156A
__ptext8                                           text8        001776
__ptext9                                           text9        001704
__ramtop                                           ramtop       001000
__smallconst                                       smallconst   001000
_gpio_pin_set_direction                            text7        00156A
_int0_obj                                          dataCOMRAM   000061
_int0int                                           text25       001AC8
_keypad_values                                     smallconst   001001
_lat_registers                                     dataCOMRAM   00004C
_main                                              text0        001A86
_port_registers                                    dataCOMRAM   000047
_preload                                           bssCOMRAM    000011
_preload@timer1$F3491                              bssCOMRAM    00000D
_preload@timer2$F3664                              bssCOMRAM    000037
_preload@timer3$F3812                              bssCOMRAM    000007
_tris_registers                                    dataCOMRAM   000051
btemp                                              temp         000075
dc_motor_init@F3071                                bssCOMRAM    000046
dc_motor_init@F3073                                bssCOMRAM    000045
dc_motor_move_dir1@F3078                           bssCOMRAM    000044
dc_motor_move_dir1@F3080                           bssCOMRAM    000043
dc_motor_move_dir2@F3085                           bssCOMRAM    000042
dc_motor_move_dir2@F3087                           bssCOMRAM    000041
dc_motor_stop@F3092                                bssCOMRAM    000040
dc_motor_stop@F3094                                bssCOMRAM    00003F
end_of_initialization                              cinit        0018CC
gpio_pin_set_direction@pin                         cstackCOMRAM 00006B
gpio_pin_set_direction@ret                         cstackCOMRAM 000070
int$flags                                          temp         000075
int_func                                           intcode_body 001016
intlevel0                                          text         000000
intlevel1                                          text         000000
intlevel2                                          text         000000
intlevel3                                          text         000000
isa$std                                            (abs)        000001
isa$xinst                                          (abs)        000000
led_init@F3078                                     bssCOMRAM    00003E
led_toggle@F3093                                   bssCOMRAM    00003B
led_turn_off@F3088                                 bssCOMRAM    00003C
led_turn_on@F3083                                  bssCOMRAM    00003D
relay_init@F3067                                   bssCOMRAM    00003A
relay_turn_off@F3077                               bssCOMRAM    000038
relay_turn_on@F3072                                bssCOMRAM    000039
stackhi                                            (abs)        000000
stacklo                                            (abs)        000000
start                                              init         00000E
start_initialization                               cinit        0018A0
ttemp5                                             temp         000076
ttemp6                                             temp         000079
ttemp7                                             temp         00007D
wtemp8                                             temp         000076


MODULE INFORMATION

Module		Function		Class		Link	Load	Size
MCAL_Layer/Timers/timer3.c
		_TIMR3_ISR     		CODE           	1A9C	0000	12

MCAL_Layer/Timers/timer3.c estimated size: 12

MCAL_Layer/Timers/timer1.c
		_TIMR1_ISR     		CODE           	1AA8	0000	12

MCAL_Layer/Timers/timer1.c estimated size: 12

MCAL_Layer/SPI/spi.c
		_SPI_ISR       		CODE           	1ACE	0000	4

MCAL_Layer/SPI/spi.c estimated size: 4

MCAL_Layer/CCP/ccp.c
		_CCP1_ISR      		CODE           	1AE2	0000	4
		_CCP2_ISR      		CODE           	1ADE	0000	4

MCAL_Layer/CCP/ccp.c estimated size: 8

MCAL_Layer/GPIO/gpio.c
		_gpio_pin_set_direction		CODE           	156A	0000	252

MCAL_Layer/GPIO/gpio.c estimated size: 252

MCAL_Layer/ADC/adc.c
		_ADC_ISR       		CODE           	1AE8	0000	2

MCAL_Layer/ADC/adc.c estimated size: 2

shared
		__initialization		CODE           	18A0	0000	44
		_keypad_values 		SMALLCONST     	1001	0000	16

shared estimated size: 60

MCAL_Layer/Timers/timer2.c
		_TIMR2_ISR     		CODE           	1AC0	0000	8

MCAL_Layer/Timers/timer2.c estimated size: 8

MCAL_Layer/I2C/I2C.c
		_I2C_BUS_COL_ISR		CODE           	1AD6	0000	4
		_I2C_ISR       		CODE           	1AD2	0000	4

MCAL_Layer/I2C/I2C.c estimated size: 8

MCAL_Layer/Timers/timer0.c
		_TIMR0_ISR     		CODE           	1AB4	0000	12

MCAL_Layer/Timers/timer0.c estimated size: 12

MCAL_Layer/Interrupt/external_interrupt.c
		_Interrupt_INTx_Flag_Clear		CODE           	1776	0000	108
		_INT0_SetInterruptHandler		CODE           	19B0	0000	40
		_Interrupt_INTx_SetInterruptHandler		CODE           	1666	0000	158
		_INT1_SetInterruptHandler		CODE           	1988	0000	40
		_Interrupt_INTx_Enable		CODE           	1704	0000	114
		_RB4_ISR       		CODE           	1A6C	0000	26
		_INT2_SetInterruptHandler		CODE           	1960	0000	40
		_RB5_ISR       		CODE           	1A52	0000	26
		_RB6_ISR       		CODE           	1A38	0000	26
		_RB7_ISR       		CODE           	1A1E	0000	26
		_Interrupt_INTx_Init		CODE           	184E	0000	82
		_Interrupt_INTx_Disable		CODE           	17E2	0000	108
		_Interrupt_INTx_Edge_Set		CODE           	1450	0000	282
		_INT0_ISR      		CODE           	1932	0000	46
		_Interrupt_INTx_Pin_Init		CODE           	19D8	0000	38
		_INT1_ISR      		CODE           	1904	0000	46
		_INT2_ISR      		CODE           	18D6	0000	46

MCAL_Layer/Interrupt/external_interrupt.c estimated size: 1252

main.c
		_main          		CODE           	1A86	0000	22
		_int0int       		CODE           	1AC8	0000	6

main.c estimated size: 28

MCAL_Layer/Interrupt/interrupt_manager.c
		_InterruptManager		CODE           	0008	0000	1088

MCAL_Layer/Interrupt/interrupt_manager.c estimated size: 1088

MCAL_Layer/USART/usart.c
		_EUSART_RX_ISR 		CODE           	1AE6	0000	2
		_EUSART_TX_ISR 		CODE           	1ADA	0000	4

MCAL_Layer/USART/usart.c estimated size: 6

