Microchip MPLAB XC8 Compiler V2.46

Linker command line:

-W-3 \
  --edf=C:\Program Files\Microchip\xc8\v2.46\pic\dat\20240104201356_en.msgs \
  -cn -h+dist/default/production\Standard.production.sym \
  --cmf=dist/default/production\Standard.production.cmf -z -Q18F4620 \
  -oC:\Users\dell\AppData\Local\Temp\xcAs2l0.\driver_tmp_3.o \
  --defsym=__MPLAB_BUILD=1 --fixupoverflow=error \
  -Mdist/default/production/Standard.production.map \
  --md=C:\Users\dell\AppData\Local\Temp\xcAs2l0.\driver_tmp_0.dat -E1 \
  -ver=XC8 Compiler --acfsm=1493 -ACODE=00h-0FFFFh -ACONST=00h-0FFFFh \
  -ASMALLCONST=01000h-010FFhx240 -AMEDIUMCONST=01000h-0FFFFh \
  -ACOMRAM=01h-07Fh -AABS1=00h-0F7Fh -ABIGRAM=01h-0F7Fh \
  -ARAM=080h-0FFh,0100h-01FFhx14,0F00h-0F7Fh -ABANK0=080h-0FFh \
  -ABANK1=0100h-01FFh -ABANK2=0200h-02FFh -ABANK3=0300h-03FFh \
  -ABANK4=0400h-04FFh -ABANK5=0500h-05FFh -ABANK6=0600h-06FFh \
  -ABANK7=0700h-07FFh -ABANK8=0800h-08FFh -ABANK9=0900h-09FFh \
  -ABANK10=0A00h-0AFFh -ABANK11=0B00h-0BFFh -ABANK12=0C00h-0CFFh \
  -ABANK13=0D00h-0DFFh -ABANK14=0E00h-0EFFh -ABANK15=0F00h-0F7Fh \
  -ASFR=0F80h-0FFFh -ABIGSFR=0F80h-0FFFh -ACONFIG=0300000h-030000Dh \
  -AIDLOC=0200000h-0200007h -AEEDATA=0F00000h-0F003FFh -peeprom_data=EEDATA \
  -preset_vec=00h,intcode=8h,intcodelo,powerup,init -pramtop=01000h \
  -psmallconst=SMALLCONST -pmediumconst=MEDIUMCONST -pconst=CONST \
  -AFARRAM=00h-00h \
  -prdata=COMRAM,nvrram=COMRAM,nvbit=COMRAM,rbss=COMRAM,rbit=COMRAM \
  -pfarbss=FARRAM,fardata=FARRAM,nvFARRAM=FARRAM \
  -pintsave_regs=BIGRAM,bigbss=BIGRAM,bigdata=BIGRAM -pbss=RAM \
  -pidata=CODE,irdata=CODE,ibigdata=CODE,ifardata=CODE -prparam=COMRAM \
  C:\Users\dell\AppData\Local\Temp\xcAs2l0.\driver_tmp_9.o \
  dist/default/production\Standard.production.o 

Object code version is 3.11

Machine type is 18F4620



                Name                               Link     Load   Length Selector   Space Scale
C:\Users\dell\AppData\Local\Temp\xcAs2l0.\driver_tmp_9.o
                config                           300000   300000        E        0       4
                init                                  E        E        4        4       0
                reset_vec                             0        0        4        0       0
dist/default/production\Standard.production.o
                intcode                               8        8        6        4       0
                config                           300000   300000        E        0       4
                temp                                 72       72        1        1       1
                smallconst                         1000     1000       16      800       0
                text20                             156A     156A        2      A54       0
                text19                             1564     1564        4      A54       0
                text18                             1560     1560        4      A54       0
                text17                             1568     1568        2      A54       0
                text16                             155C     155C        4      A54       0
                text15                             1558     1558        4      A54       0
                text14                             1554     1554        4      A54       0
                text13                             1550     1550        4      A54       0
                text12                             154C     154C        4      A54       0
                text11                             1548     1548        4      A54       0
                text10                             14F6     14F6       1A      A54       0
                text9                              14DC     14DC       1A      A54       0
                text8                              14C2     14C2       1A      A54       0
                text7                              14A8     14A8       1A      A54       0
                text6                              1544     1544        4      A54       0
                text5                              1528     1528        C      A54       0
                text4                              151C     151C        C      A54       0
                text3                              153C     153C        8      A54       0
                text2                              1510     1510        C      A54       0
                intcode_body                       1016     1016      432      80B       0
                text0                              1534     1534        8      A54       0
                cstackCOMRAM                         70       70        2        1       1
                dataCOMRAM                           47       47       29        1       1
                bssCOMRAM                             1        1       46        1       1
                cinit                              1448     1448       36      80B       0
                idataCOMRAM                        147E     147E       29      80B       0

TOTAL           Name                               Link     Load   Length     Space
        CLASS   CODE           
                intcode                               8        8        6         0
                init                                  E        E        4         0
                reset_vec                             0        0        4         0
                text20                             156A     156A        2         0
                text19                             1564     1564        4         0
                text18                             1560     1560        4         0
                text17                             1568     1568        2         0
                text16                             155C     155C        4         0
                text15                             1558     1558        4         0
                text14                             1554     1554        4         0
                text13                             1550     1550        4         0
                text12                             154C     154C        4         0
                text11                             1548     1548        4         0
                text10                             14F6     14F6       1A         0
                text9                              14DC     14DC       1A         0
                text8                              14C2     14C2       1A         0
                text7                              14A8     14A8       1A         0
                text6                              1544     1544        4         0
                text5                              1528     1528        C         0
                text4                              151C     151C        C         0
                text3                              153C     153C        8         0
                text2                              1510     1510        C         0
                intcode_body                       1016     1016      432         0
                text0                              1534     1534        8         0
                cinit                              1448     1448       36         0
                idataCOMRAM                        147E     147E       29         0

        CLASS   CONST          

        CLASS   SMALLCONST     
                smallconst                         1000     1000       16         0

        CLASS   MEDIUMCONST    

        CLASS   COMRAM         
                temp                                 72       72        1         1
                cstackCOMRAM                         70       70        2         1
                dataCOMRAM                           47       47       29         1
                bssCOMRAM                             1        1       46         1

        CLASS   ABS1           

        CLASS   BIGRAM         

        CLASS   RAM            

        CLASS   BANK0          

        CLASS   BANK1          

        CLASS   BANK2          

        CLASS   BANK3          

        CLASS   BANK4          

        CLASS   BANK5          

        CLASS   BANK6          

        CLASS   BANK7          

        CLASS   BANK8          

        CLASS   BANK9          

        CLASS   BANK10         

        CLASS   BANK11         

        CLASS   BANK12         

        CLASS   BANK13         

        CLASS   BANK14         

        CLASS   BANK15         

        CLASS   SFR            

        CLASS   BIGSFR         

        CLASS   CONFIG         
                config                           300000   300000        E         4

        CLASS   IDLOC          

        CLASS   EEDATA         

        CLASS   FARRAM         

        CLASS   HEAP           

        CLASS   STACK          



SEGMENTS        Name                           Load    Length   Top    Selector   Space  Class

                reset_vec                      000000  000004  000004         0       0  CODE    
                bssCOMRAM                      000001  000072  000073         1       1  COMRAM  
                intcode                        000008  00000A  000012         4       0  CODE    
                smallconst                     001000  000016  001016       800       0  SMALLCON
                intcode_body                   001016  000491  0014A7       80B       0  CODE    
                text7                          0014A8  0000C4  00156C       A54       0  CODE    


UNUSED ADDRESS RANGES

        Name                Unused          Largest block    Delta
        BANK0            000080-0000FF               80
        BANK1            000100-0001FF              100
        BANK10           000A00-000AFF              100
        BANK11           000B00-000BFF              100
        BANK12           000C00-000CFF              100
        BANK13           000D00-000DFF              100
        BANK14           000E00-000EFF              100
        BANK15           000F00-000F7F               80
        BANK2            000200-0002FF              100
        BANK3            000300-0003FF              100
        BANK4            000400-0004FF              100
        BANK5            000500-0005FF              100
        BANK6            000600-0006FF              100
        BANK7            000700-0007FF              100
        BANK8            000800-0008FF              100
        BANK9            000900-0009FF              100
        BIGRAM           000073-000F7F              F0D
        BIGSFR           000F80-000FFF               80
        CODE             000004-000007                4
                         000012-000FFF              FEE
                         0014A7-0014A7                1
                         00156C-00FFFF             EA94
        COMRAM           000073-00007F                D
        CONST            000004-000007                4
                         000012-000FFF              FEE
                         0014A7-0014A7                1
                         00156C-00FFFF             EA94
        EEDATA           F00000-F003FF              400
        IDLOC            200000-200007                8
        MEDIUMCONST      0014A7-0014A7                1
                         00156C-00FFFF             EA94
        RAM              000080-000F7F              100
        SFR              000F80-000FFF               80
        SMALLCONST       0014A7-0014A7                1
                         00156C-00FFFF              100

                                  Symbol Table

CCP_Capture_Read_Val@F3139                         bssCOMRAM    000031
MSSP_SPI_Msster_Mode_GPIO_PIN_Configurations@F3124 dataCOMRAM   00006B
MSSP_SPI_Msster_Mode_GPIO_PIN_Configurations@F3126 dataCOMRAM   00006A
MSSP_SPI_Msster_Mode_GPIO_PIN_Configurations@F3128 dataCOMRAM   000069
MSSP_SPI_Slave_Mode_GPIO_PIN_Configurations@F3133  dataCOMRAM   000068
MSSP_SPI_Slave_Mode_GPIO_PIN_Configurations@F3135  dataCOMRAM   000067
MSSP_SPI_Slave_Mode_GPIO_PIN_Configurations@F3137  dataCOMRAM   000066
MSSP_SPI_Slave_Mode_GPIO_PIN_Configurations@F3139  dataCOMRAM   000065
RB4_ISR@RB_src                                     cstackCOMRAM 000070
RB5_ISR@RB_src                                     cstackCOMRAM 000070
RB6_ISR@RB_src                                     cstackCOMRAM 000070
RB7_ISR@RB_src                                     cstackCOMRAM 000070
_ADCON0bits                                        (abs)        000FC2
_ADCON1bits                                        (abs)        000FC1
_ADCON2bits                                        (abs)        000FC0
_ADC_ISR                                           text20       00156A
_ADRESH                                            (abs)        000FC4
_ADRESL                                            (abs)        000FC3
_BAUDCONbits                                       (abs)        000FB8
_CCP1CONbits                                       (abs)        000FBD
_CCP1_ISR                                          text19       001564
_CCP1_InterruptHandler                             bssCOMRAM    000035
_CCP2CONbits                                       (abs)        000FBA
_CCP2_ISR                                          text18       001560
_CCP2_InterruptHandler                             bssCOMRAM    000033
_CCPR1H                                            (abs)        000FBF
_CCPR1L                                            (abs)        000FBE
_CCPR2H                                            (abs)        000FBC
_CCPR2L                                            (abs)        000FBB
_EEADR                                             (abs)        000FA9
_EEADRH                                            (abs)        000FAA
_EECON1bits                                        (abs)        000FA6
_EECON2                                            (abs)        000FA7
_EEDATA                                            (abs)        000FA8
_EUSART_FramingErrorHandler                        bssCOMRAM    000001
_EUSART_RXInterruptHandler                         bssCOMRAM    000003
_EUSART_RX_ISR                                     text17       001568
_EUSART_TXInterruptHandler                         bssCOMRAM    000005
_EUSART_TX_ISR                                     text16       00155C
_I2C_BUS_COL_ISR                                   text15       001558
_I2C_ISR                                           text14       001554
_I2C_InterruptHandler                              bssCOMRAM    00002F
_I2C_Interrupt_Write_Col                           bssCOMRAM    00002D
_INT0_ISR                                          text13       001550
_INT0_InterruptHandler                             bssCOMRAM    00002B
_INT1_ISR                                          text12       00154C
_INT1_InterruptHandler                             bssCOMRAM    000029
_INT2_ISR                                          text11       001548
_INT2_InterruptHandler                             bssCOMRAM    000027
_INTCON2bits                                       (abs)        000FF1
_INTCON3bits                                       (abs)        000FF0
_INTCONbits                                        (abs)        000FF2
_InterruptManager                                  intcode      000008
_LATA                                              (abs)        000F89
_LATB                                              (abs)        000F8A
_LATC                                              (abs)        000F8B
_LATD                                              (abs)        000F8C
_LATE                                              (abs)        000F8D
_PIE1bits                                          (abs)        000F9D
_PIE2bits                                          (abs)        000FA0
_PIR1bits                                          (abs)        000F9E
_PIR2bits                                          (abs)        000FA1
_PORTA                                             (abs)        000F80
_PORTB                                             (abs)        000F81
_PORTBbits                                         (abs)        000F81
_PORTC                                             (abs)        000F82
_PORTD                                             (abs)        000F83
_PORTE                                             (abs)        000F84
_PR2                                               (abs)        000FCB
_RB4_Flag                                          dataCOMRAM   00006F
_RB4_ISR                                           text10       0014F6
_RB4_InterruptHandler_HIGH                         bssCOMRAM    000025
_RB4_InterruptHandler_LOW                          bssCOMRAM    000023
_RB5_Flag                                          dataCOMRAM   00006E
_RB5_ISR                                           text9        0014DC
_RB5_InterruptHandler_HIGH                         bssCOMRAM    000021
_RB5_InterruptHandler_LOW                          bssCOMRAM    00001F
_RB6_Flag                                          dataCOMRAM   00006D
_RB6_ISR                                           text8        0014C2
_RB6_InterruptHandler_HIGH                         bssCOMRAM    00001D
_RB6_InterruptHandler_LOW                          bssCOMRAM    00001B
_RB7_Flag                                          dataCOMRAM   00006C
_RB7_ISR                                           text7        0014A8
_RB7_InterruptHandler_HIGH                         bssCOMRAM    000019
_RB7_InterruptHandler_LOW                          bssCOMRAM    000017
_RCREG                                             (abs)        000FAE
_RCSTAbits                                         (abs)        000FAB
_SPBRG                                             (abs)        000FAF
_SPBRGH                                            (abs)        000FB0
_SPI_ISR                                           text6        001544
_SPI_InterruptHandler                              bssCOMRAM    000015
_SSPADD                                            (abs)        000FC8
_SSPBUF                                            (abs)        000FC9
_SSPCON1bits                                       (abs)        000FC6
_SSPCON2bits                                       (abs)        000FC5
_SSPSTATbits                                       (abs)        000FC7
_T0CONbits                                         (abs)        000FD5
_T1CONbits                                         (abs)        000FCD
_T2CONbits                                         (abs)        000FCA
_T3CONbits                                         (abs)        000FB1
_TIMR0_ISR                                         text5        001528
_TIMR0_InterruptHandler                            bssCOMRAM    000013
_TIMR1_ISR                                         text4        00151C
_TIMR1_InterruptHandler                            bssCOMRAM    00000F
_TIMR2_ISR                                         text3        00153C
_TIMR2_InterruptHandler                            bssCOMRAM    00000B
_TIMR3_ISR                                         text2        001510
_TIMR3_InterruptHandler                            bssCOMRAM    000009
_TMR0H                                             (abs)        000FD7
_TMR0L                                             (abs)        000FD6
_TMR1H                                             (abs)        000FCF
_TMR1L                                             (abs)        000FCE
_TMR2                                              (abs)        000FCC
_TMR3H                                             (abs)        000FB3
_TMR3L                                             (abs)        000FB2
_TRISA                                             (abs)        000F92
_TRISB                                             (abs)        000F93
_TRISC                                             (abs)        000F94
_TRISCbits                                         (abs)        000F94
_TRISD                                             (abs)        000F95
_TRISE                                             (abs)        000F96
_TXREG                                             (abs)        000FAD
_TXSTAbits                                         (abs)        000FAC
__HRAM                                             (abs)        000000
__H__absolute__                                    __absolute__ 000000
__Habs1                                            abs1         000000
__Hbank0                                           bank0        000000
__Hbank1                                           bank1        000000
__Hbank10                                          bank10       000000
__Hbank11                                          bank11       000000
__Hbank12                                          bank12       000000
__Hbank13                                          bank13       000000
__Hbank14                                          bank14       000000
__Hbank15                                          bank15       000000
__Hbank2                                           bank2        000000
__Hbank3                                           bank3        000000
__Hbank4                                           bank4        000000
__Hbank5                                           bank5        000000
__Hbank6                                           bank6        000000
__Hbank7                                           bank7        000000
__Hbank8                                           bank8        000000
__Hbank9                                           bank9        000000
__Hbigbss                                          bigbss       000000
__Hbigdata                                         bigdata      000000
__Hbigram                                          bigram       000000
__Hbigsfr                                          bigsfr       000000
__Hbss                                             bss          000000
__HbssCOMRAM                                       bssCOMRAM    000000
__Hcinit                                           cinit        000000
__Hclrtext                                         clrtext      000000
__Hcomram                                          comram       000000
__Hconfig                                          config       30000E
__Hconst                                           const        000000
__HcstackCOMRAM                                    cstackCOMRAM 000000
__Hdata                                            data         000000
__HdataCOMRAM                                      dataCOMRAM   000000
__Heeprom_data                                     eeprom_data  000000
__Hfarbss                                          farbss       000000
__Hfardata                                         fardata      000000
__Hheap                                            heap         000000
__Hibigdata                                        ibigdata     000000
__Hidata                                           idata        000000
__HidataCOMRAM                                     idataCOMRAM  000000
__Hidloc                                           idloc        000000
__Hifardata                                        ifardata     000000
__Hinit                                            init         000012
__Hintcode                                         intcode      00000E
__Hintcode_body                                    intcode_body 000000
__Hintcodelo                                       intcodelo    00000E
__Hintentry                                        intentry     000000
__Hintret                                          intret       000000
__Hintsave_regs                                    intsave_regs 000000
__Hirdata                                          irdata       000000
__Hmediumconst                                     mediumconst  000000
__HnvFARRAM                                        nvFARRAM     000000
__Hnvbit                                           nvbit        000000
__Hnvrram                                          nvrram       000000
__Hparam                                           rparam       000000
__Hpowerup                                         powerup      00000E
__Hram                                             ram          000000
__Hramtop                                          ramtop       001000
__Hrbit                                            rbit         000000
__Hrbss                                            rbss         000000
__Hrdata                                           rdata        000000
__Hreset_vec                                       reset_vec    000004
__Hrparam                                          rparam       000000
__Hsfr                                             sfr          000000
__Hsivt_hi                                         sivt_hi      000000
__Hsivt_lo                                         sivt_lo      000000
__Hsmallconst                                      smallconst   001016
__Hspace_0                                         (abs)        00156C
__Hspace_1                                         (abs)        000073
__Hspace_2                                         (abs)        000000
__Hspace_4                                         (abs)        60000E
__Hstack                                           stack        000000
__Hstruct                                          struct       000000
__Htemp                                            temp         000073
__Htext                                            text         000000
__Htext0                                           text0        000000
__Htext10                                          text10       000000
__Htext11                                          text11       000000
__Htext12                                          text12       000000
__Htext13                                          text13       000000
__Htext14                                          text14       000000
__Htext15                                          text15       000000
__Htext16                                          text16       000000
__Htext17                                          text17       000000
__Htext18                                          text18       000000
__Htext19                                          text19       000000
__Htext2                                           text2        000000
__Htext20                                          text20       000000
__Htext3                                           text3        000000
__Htext4                                           text4        000000
__Htext5                                           text5        000000
__Htext6                                           text6        000000
__Htext7                                           text7        000000
__Htext8                                           text8        000000
__Htext9                                           text9        000000
__LRAM                                             (abs)        000001
__L__absolute__                                    __absolute__ 000000
__Labs1                                            abs1         000000
__Lbank0                                           bank0        000000
__Lbank1                                           bank1        000000
__Lbank10                                          bank10       000000
__Lbank11                                          bank11       000000
__Lbank12                                          bank12       000000
__Lbank13                                          bank13       000000
__Lbank14                                          bank14       000000
__Lbank15                                          bank15       000000
__Lbank2                                           bank2        000000
__Lbank3                                           bank3        000000
__Lbank4                                           bank4        000000
__Lbank5                                           bank5        000000
__Lbank6                                           bank6        000000
__Lbank7                                           bank7        000000
__Lbank8                                           bank8        000000
__Lbank9                                           bank9        000000
__Lbigbss                                          bigbss       000000
__Lbigdata                                         bigdata      000000
__Lbigram                                          bigram       000000
__Lbigsfr                                          bigsfr       000000
__Lbss                                             bss          000000
__LbssCOMRAM                                       bssCOMRAM    000000
__Lcinit                                           cinit        000000
__Lclrtext                                         clrtext      000000
__Lcomram                                          comram       000000
__Lconfig                                          config       000000
__Lconst                                           const        000000
__LcstackCOMRAM                                    cstackCOMRAM 000000
__Ldata                                            data         000000
__LdataCOMRAM                                      dataCOMRAM   000000
__Leeprom_data                                     eeprom_data  000000
__Lfarbss                                          farbss       000000
__Lfardata                                         fardata      000000
__Lheap                                            heap         000000
__Libigdata                                        ibigdata     000000
__Lidata                                           idata        000000
__LidataCOMRAM                                     idataCOMRAM  000000
__Lidloc                                           idloc        000000
__Lifardata                                        ifardata     000000
__Linit                                            init         00000E
__Lintcode                                         intcode      000008
__Lintcode_body                                    intcode_body 000000
__Lintcodelo                                       intcodelo    00000E
__Lintentry                                        intentry     000000
__Lintret                                          intret       000000
__Lintsave_regs                                    intsave_regs 000000
__Lirdata                                          irdata       000000
__Lmediumconst                                     mediumconst  000000
__LnvFARRAM                                        nvFARRAM     000000
__Lnvbit                                           nvbit        000000
__Lnvrram                                          nvrram       000000
__Lparam                                           rparam       000000
__Lpowerup                                         powerup      00000E
__Lram                                             ram          000000
__Lramtop                                          ramtop       001000
__Lrbit                                            rbit         000000
__Lrbss                                            rbss         000000
__Lrdata                                           rdata        000000
__Lreset_vec                                       reset_vec    000000
__Lrparam                                          rparam       000000
__Lsfr                                             sfr          000000
__Lsivt_hi                                         sivt_hi      000000
__Lsivt_lo                                         sivt_lo      000000
__Lsmallconst                                      smallconst   001000
__Lspace_0                                         (abs)        000000
__Lspace_1                                         (abs)        000000
__Lspace_2                                         (abs)        000000
__Lspace_4                                         (abs)        000000
__Lstack                                           stack        000000
__Lstruct                                          struct       000000
__Ltemp                                            temp         000072
__Ltext                                            text         000000
__Ltext0                                           text0        000000
__Ltext10                                          text10       000000
__Ltext11                                          text11       000000
__Ltext12                                          text12       000000
__Ltext13                                          text13       000000
__Ltext14                                          text14       000000
__Ltext15                                          text15       000000
__Ltext16                                          text16       000000
__Ltext17                                          text17       000000
__Ltext18                                          text18       000000
__Ltext19                                          text19       000000
__Ltext2                                           text2        000000
__Ltext20                                          text20       000000
__Ltext3                                           text3        000000
__Ltext4                                           text4        000000
__Ltext5                                           text5        000000
__Ltext6                                           text6        000000
__Ltext7                                           text7        000000
__Ltext8                                           text8        000000
__Ltext9                                           text9        000000
__S0                                               (abs)        00156C
__S1                                               (abs)        000073
__S4                                               (abs)        000000
__S5                                               (abs)        000000
___heap_hi                                         (abs)        000000
___heap_lo                                         (abs)        000000
___inthi_sp                                        stack        000000
___inthi_stack_hi                                  stack        000000
___inthi_stack_lo                                  stack        000000
___intlo_sp                                        stack        000000
___intlo_stack_hi                                  stack        000000
___intlo_stack_lo                                  stack        000000
___param_bank                                      (abs)        000000
___rparam_used                                     (abs)        000001
___sp                                              stack        000000
___stack_hi                                        stack        000000
___stack_lo                                        stack        000000
__accesstop                                        (abs)        000080
__activetblptr                                     (abs)        000003
__end_of_ADC_ISR                                   text20       00156C
__end_of_CCP1_ISR                                  text19       001568
__end_of_CCP2_ISR                                  text18       001564
__end_of_EUSART_RX_ISR                             text17       00156A
__end_of_EUSART_TX_ISR                             text16       001560
__end_of_I2C_BUS_COL_ISR                           text15       00155C
__end_of_I2C_ISR                                   text14       001558
__end_of_INT0_ISR                                  text13       001554
__end_of_INT1_ISR                                  text12       001550
__end_of_INT2_ISR                                  text11       00154C
__end_of_InterruptManager                          intcode_body 001448
__end_of_RB4_ISR                                   text10       001510
__end_of_RB5_ISR                                   text9        0014F6
__end_of_RB6_ISR                                   text8        0014DC
__end_of_RB7_ISR                                   text7        0014C2
__end_of_SPI_ISR                                   text6        001548
__end_of_TIMR0_ISR                                 text5        001534
__end_of_TIMR1_ISR                                 text4        001528
__end_of_TIMR2_ISR                                 text3        001544
__end_of_TIMR3_ISR                                 text2        00151C
__end_of__initialization                           cinit        001474
__end_of_keypad_values                             smallconst   001011
__end_of_main                                      text0        00153C
__initialization                                   cinit        001448
__mediumconst                                      mediumconst  000000
__pbssCOMRAM                                       bssCOMRAM    000001
__pcinit                                           cinit        001448
__pcstackCOMRAM                                    cstackCOMRAM 000070
__pdataCOMRAM                                      dataCOMRAM   000047
__pidataCOMRAM                                     idataCOMRAM  00147E
__pintcode                                         intcode      000008
__pintcode_body                                    intcode_body 001016
__psmallconst                                      smallconst   001000
__ptext0                                           text0        001534
__ptext10                                          text10       0014F6
__ptext11                                          text11       001548
__ptext12                                          text12       00154C
__ptext13                                          text13       001550
__ptext14                                          text14       001554
__ptext15                                          text15       001558
__ptext16                                          text16       00155C
__ptext17                                          text17       001568
__ptext18                                          text18       001560
__ptext19                                          text19       001564
__ptext2                                           text2        001510
__ptext20                                          text20       00156A
__ptext3                                           text3        00153C
__ptext4                                           text4        00151C
__ptext5                                           text5        001528
__ptext6                                           text6        001544
__ptext7                                           text7        0014A8
__ptext8                                           text8        0014C2
__ptext9                                           text9        0014DC
__ramtop                                           ramtop       001000
__smallconst                                       smallconst   001000
_keypad_values                                     smallconst   001001
_lat_registers                                     dataCOMRAM   000051
_main                                              text0        001534
_port_registers                                    dataCOMRAM   000047
_preload                                           bssCOMRAM    000011
_preload@timer1$F3475                              bssCOMRAM    00000D
_preload@timer2$F3648                              bssCOMRAM    000037
_preload@timer3$F3796                              bssCOMRAM    000007
_tris_registers                                    dataCOMRAM   00005B
btemp                                              temp         000072
dc_motor_init@F3071                                bssCOMRAM    000046
dc_motor_init@F3073                                bssCOMRAM    000045
dc_motor_move_dir1@F3078                           bssCOMRAM    000044
dc_motor_move_dir1@F3080                           bssCOMRAM    000043
dc_motor_move_dir2@F3085                           bssCOMRAM    000042
dc_motor_move_dir2@F3087                           bssCOMRAM    000041
dc_motor_stop@F3092                                bssCOMRAM    000040
dc_motor_stop@F3094                                bssCOMRAM    00003F
end_of_initialization                              cinit        001474
int$flags                                          temp         000072
int_func                                           intcode_body 001016
intlevel0                                          text         000000
intlevel1                                          text         000000
intlevel2                                          text         000000
intlevel3                                          text         000000
isa$std                                            (abs)        000001
isa$xinst                                          (abs)        000000
led_init@F3078                                     bssCOMRAM    00003E
led_toggle@F3093                                   bssCOMRAM    00003B
led_turn_off@F3088                                 bssCOMRAM    00003C
led_turn_on@F3083                                  bssCOMRAM    00003D
relay_init@F3067                                   bssCOMRAM    00003A
relay_turn_off@F3077                               bssCOMRAM    000038
relay_turn_on@F3072                                bssCOMRAM    000039
stackhi                                            (abs)        000000
stacklo                                            (abs)        000000
start                                              init         00000E
start_initialization                               cinit        001448
ttemp5                                             temp         000073
ttemp6                                             temp         000076
ttemp7                                             temp         00007A
wtemp8                                             temp         000073


MODULE INFORMATION

Module		Function		Class		Link	Load	Size
MCAL_Layer/Timers/timer3.c
		_TIMR3_ISR     		CODE           	1510	0000	12

MCAL_Layer/Timers/timer3.c estimated size: 12

MCAL_Layer/Timers/timer1.c
		_TIMR1_ISR     		CODE           	151C	0000	12

MCAL_Layer/Timers/timer1.c estimated size: 12

MCAL_Layer/SPI/spi.c
		_SPI_ISR       		CODE           	1544	0000	4

MCAL_Layer/SPI/spi.c estimated size: 4

MCAL_Layer/CCP/ccp.c
		_CCP1_ISR      		CODE           	1564	0000	4
		_CCP2_ISR      		CODE           	1560	0000	4

MCAL_Layer/CCP/ccp.c estimated size: 8

MCAL_Layer/ADC/adc.c
		_ADC_ISR       		CODE           	156A	0000	2

MCAL_Layer/ADC/adc.c estimated size: 2

shared
		__initialization		CODE           	1448	0000	44
		_keypad_values 		SMALLCONST     	1001	0000	16

shared estimated size: 60

MCAL_Layer/Timers/timer2.c
		_TIMR2_ISR     		CODE           	153C	0000	8

MCAL_Layer/Timers/timer2.c estimated size: 8

MCAL_Layer/I2C/I2C.c
		_I2C_BUS_COL_ISR		CODE           	1558	0000	4
		_I2C_ISR       		CODE           	1554	0000	4

MCAL_Layer/I2C/I2C.c estimated size: 8

MCAL_Layer/Timers/timer0.c
		_TIMR0_ISR     		CODE           	1528	0000	12

MCAL_Layer/Timers/timer0.c estimated size: 12

MCAL_Layer/Interrupt/external_interrupt.c
		_RB4_ISR       		CODE           	14F6	0000	26
		_RB5_ISR       		CODE           	14DC	0000	26
		_RB6_ISR       		CODE           	14C2	0000	26
		_RB7_ISR       		CODE           	14A8	0000	26
		_INT0_ISR      		CODE           	1550	0000	4
		_INT1_ISR      		CODE           	154C	0000	4
		_INT2_ISR      		CODE           	1548	0000	4

MCAL_Layer/Interrupt/external_interrupt.c estimated size: 116

main.c
		_main          		CODE           	1534	0000	8

main.c estimated size: 8

MCAL_Layer/Interrupt/interrupt_manager.c
		_InterruptManager		CODE           	0008	0000	1080

MCAL_Layer/Interrupt/interrupt_manager.c estimated size: 1080

MCAL_Layer/USART/usart.c
		_EUSART_RX_ISR 		CODE           	1568	0000	2
		_EUSART_TX_ISR 		CODE           	155C	0000	4

MCAL_Layer/USART/usart.c estimated size: 6

