Microchip MPLAB XC8 Compiler V2.50

Linker command line:

-W-3 \
  --edf=C:\Program Files\Microchip\xc8\v2.50\pic\dat\20240725155939_en.msgs \
  -cn -h+dist/default/debug\SlaveDevic.X.debug.sym \
  --cmf=dist/default/debug\SlaveDevic.X.debug.cmf -z -Q18F46K20 \
  -oC:\Users\dell\AppData\Local\Temp\xcAs8uk.\driver_tmp_3.o \
  --defsym=__MPLAB_BUILD=1 --fixupoverflow=error \
  -Mdist/default/debug/SlaveDevic.X.debug.map \
  --md=C:\Users\dell\AppData\Local\Temp\xcAs8uk.\driver_tmp_0.dat -E1 \
  -ver=XC8 Compiler --acfsm=1493 -ACODE=00h-0FFFFh -ACONST=00h-0FFFFh \
  -ASMALLCONST=01000h-010FFhx240 -AMEDIUMCONST=01000h-0FFFFh \
  -ACOMRAM=01h-05Fh -AABS1=00h-0F5Fh -ABIGRAM=01h-0F5Fh \
  -ARAM=060h-0FFh,0100h-01FFhx14,0F00h-0F5Fh -ABANK0=060h-0FFh \
  -ABANK1=0100h-01FFh -ABANK2=0200h-02FFh -ABANK3=0300h-03FFh \
  -ABANK4=0400h-04FFh -ABANK5=0500h-05FFh -ABANK6=0600h-06FFh \
  -ABANK7=0700h-07FFh -ABANK8=0800h-08FFh -ABANK9=0900h-09FFh \
  -ABANK10=0A00h-0AFFh -ABANK11=0B00h-0BFFh -ABANK12=0C00h-0CFFh \
  -ABANK13=0D00h-0DFFh -ABANK14=0E00h-0EFFh -ABANK15=0F00h-0F5Fh \
  -ASFR=0F60h-0FFFh -ABIGSFR=0F60h-0FFFh -ACONFIG=0300000h-030000Dh \
  -AIDLOC=0200000h-0200007h -AEEDATA=0F00000h-0F003FFh -peeprom_data=EEDATA \
  -preset_vec=00h,intcode=8h,intcodelo,powerup,init -pramtop=01000h \
  -psmallconst=SMALLCONST -pmediumconst=MEDIUMCONST -pconst=CONST \
  -AFARRAM=00h-00h \
  -prdata=COMRAM,nvrram=COMRAM,nvbit=COMRAM,rbss=COMRAM,rbit=COMRAM \
  -pfarbss=FARRAM,fardata=FARRAM,nvFARRAM=FARRAM \
  -pintsave_regs=BIGRAM,bigbss=BIGRAM,bigdata=BIGRAM -pbss=RAM \
  -pidata=CODE,irdata=CODE,ibigdata=CODE,ifardata=CODE -prparam=COMRAM \
  C:\Users\dell\AppData\Local\Temp\xcAs8uk.\driver_tmp_9.o \
  dist/default/debug\SlaveDevic.X.debug.o 

Object code version is 3.11

Machine type is 18F46K20



                Name                               Link     Load   Length Selector   Space Scale
C:\Users\dell\AppData\Local\Temp\xcAs8uk.\driver_tmp_9.o
                config                           300000   300000        E        0       4
                init                                 6C       6C        4        4       0
                reset_vec                             0        0        4        0       0
dist/default/debug\SlaveDevic.X.debug.o
                intcode                               8        8       64        4       0
                config                           300000   300000        E        0       4
                temp                                 1B       1B        1        1       1
                smallconst                         1000     1000       14      800       0
                text17                             13A2     13A2       1C      80A       0
                text16                             1434     1434        4      80A       0
                text15                             12A6     12A6       64      80A       0
                text14                             142A     142A        6      80A       0
                text13                             1430     1430        4      80A       0
                text12                             1014     1014      19A      80A       0
                text11                             1424     1424        6      80A       0
                text9                              130A     130A       30      80A       0
                text8                              1404     1404        E      80A       0
                text7                              141C     141C        8      80A       0
                text6                              1386     1386       1C      80A       0
                text5                              1362     1362       24      80A       0
                text4                              133A     133A       28      80A       0
                text3                              1412     1412        A      80A       0
                text2                              13BE     13BE       1A      80A       0
                text1                              13EE     13EE       16      80A       0
                text0                              11AE     11AE       F8      80A       0
                cstackCOMRAM                         10       10        B        1       1
                bssCOMRAM                             1        1        F        1       1
                cinit                              13D8     13D8       16      80A       0

TOTAL           Name                               Link     Load   Length     Space
        CLASS   CODE           
                intcode                               8        8       64         0
                init                                 6C       6C        4         0
                reset_vec                             0        0        4         0
                text17                             13A2     13A2       1C         0
                text16                             1434     1434        4         0
                text15                             12A6     12A6       64         0
                text14                             142A     142A        6         0
                text13                             1430     1430        4         0
                text12                             1014     1014      19A         0
                text11                             1424     1424        6         0
                text9                              130A     130A       30         0
                text8                              1404     1404        E         0
                text7                              141C     141C        8         0
                text6                              1386     1386       1C         0
                text5                              1362     1362       24         0
                text4                              133A     133A       28         0
                text3                              1412     1412        A         0
                text2                              13BE     13BE       1A         0
                text1                              13EE     13EE       16         0
                text0                              11AE     11AE       F8         0
                cinit                              13D8     13D8       16         0

        CLASS   CONST          

        CLASS   SMALLCONST     
                smallconst                         1000     1000       14         0

        CLASS   MEDIUMCONST    

        CLASS   COMRAM         
                temp                                 1B       1B        1         1
                cstackCOMRAM                         10       10        B         1
                bssCOMRAM                             1        1        F         1

        CLASS   ABS1           

        CLASS   BIGRAM         

        CLASS   RAM            

        CLASS   BANK0          

        CLASS   BANK1          

        CLASS   BANK2          

        CLASS   BANK3          

        CLASS   BANK4          

        CLASS   BANK5          

        CLASS   BANK6          

        CLASS   BANK7          

        CLASS   BANK8          

        CLASS   BANK9          

        CLASS   BANK10         

        CLASS   BANK11         

        CLASS   BANK12         

        CLASS   BANK13         

        CLASS   BANK14         

        CLASS   BANK15         

        CLASS   SFR            

        CLASS   BIGSFR         

        CLASS   CONFIG         
                config                           300000   300000        E         4

        CLASS   IDLOC          

        CLASS   EEDATA         

        CLASS   FARRAM         

        CLASS   HEAP           

        CLASS   STACK          



SEGMENTS        Name                           Load    Length   Top    Selector   Space  Class

                reset_vec                      000000  000004  000004         0       0  CODE    
                bssCOMRAM                      000001  00001B  00001C         1       1  COMRAM  
                intcode                        000008  000068  000070         4       0  CODE    
                smallconst                     001000  000014  001014       800       0  SMALLCON
                text12                         001014  000424  001438       80A       0  CODE    


UNUSED ADDRESS RANGES

        Name                Unused          Largest block    Delta
        BANK0            000060-0000FF               A0
        BANK1            000100-0001FF              100
        BANK10           000A00-000AFF              100
        BANK11           000B00-000BFF              100
        BANK12           000C00-000CFF              100
        BANK13           000D00-000DFF              100
        BANK14           000E00-000EFF              100
        BANK15           000F00-000F5F               60
        BANK2            000200-0002FF              100
        BANK3            000300-0003FF              100
        BANK4            000400-0004FF              100
        BANK5            000500-0005FF              100
        BANK6            000600-0006FF              100
        BANK7            000700-0007FF              100
        BANK8            000800-0008FF              100
        BANK9            000900-0009FF              100
        BIGRAM           00001C-000F5F              F44
        BIGSFR           000F60-000FFF               A0
        CODE             000004-000007                4
                         000070-000FFF              F90
                         001438-00FFFF             EBC8
        COMRAM           00001C-00005F               44
        CONST            000004-000007                4
                         000070-000FFF              F90
                         001438-00FFFF             EBC8
        EEDATA           F00000-F003FF              400
        IDLOC            200000-200007                8
        MEDIUMCONST      001438-00FFFF             EBC8
        RAM              000060-000F5F              100
        SFR              000F60-000FFF               A0
        SMALLCONST       001438-00FFFF              100

                                  Symbol Table

CCP2_LoadDutyValue@dutyValue                   cstackCOMRAM 000015
I2C1_CallbackRegister@callback                 cstackCOMRAM 000015
I2C_InterruptHandler@clientEvent               cstackCOMRAM 000010
TMR2_OverflowCallbackRegister@InterruptHandler cstackCOMRAM 000015
_ANSELH                                        (abs)        000F7F
_CCP2CON                                       (abs)        000FBA
_CCP2_Initialize                               text8        001404
_CCP2_LoadDutyValue                            text9        00130A
_CCPR2H                                        (abs)        000FBC
_CCPR2L                                        (abs)        000FBB
_CLOCK_Initialize                              text7        00141C
_I2C1_CallbackRegister                         text6        001386
_I2C1_Client                                   smallconst   001001
_I2C1_DefaultCallback                          text16       001434
_I2C1_Deinitialize                             (abs)        000000
_I2C1_ERROR_ISR                                text14       00142A
_I2C1_ErrorEventHandler                        text15       0012A6
_I2C1_ErrorGet                                 (abs)        000000
_I2C1_EventHandler                             text12       001014
_I2C1_ISR                                      text11       001424
_I2C1_Initialize                               text5        001362
_I2C1_InterruptHandler                         bssCOMRAM    000003
_I2C1_LastByteAckStatusGet                     (abs)        000000
_I2C1_ReadByte                                 text13       001430
_I2C1_TransferDirGet                           (abs)        000000
_I2C1_WriteByte                                (abs)        000000
_I2C_InterruptHandler                          text17       0013A2
_INT0_DefaultInterruptHandler                  (abs)        000000
_INT0_InterruptHandler                         bssCOMRAM    00000B
_INT1_DefaultInterruptHandler                  (abs)        000000
_INT1_InterruptHandler                         bssCOMRAM    000009
_INT2_DefaultInterruptHandler                  (abs)        000000
_INT2_InterruptHandler                         bssCOMRAM    000007
_INTCON2bits                                   (abs)        000FF1
_INTCON3bits                                   (abs)        000FF0
_INTCONbits                                    (abs)        000FF2
_INTERRUPT_InterruptManager                    intcode      000008
_IOCB                                          (abs)        000F7D
_LATA                                          (abs)        000F89
_LATB                                          (abs)        000F8A
_LATC                                          (abs)        000F8B
_LATCbits                                      (abs)        000F8B
_LATD                                          (abs)        000F8C
_LATDbits                                      (abs)        000F8C
_LATE                                          (abs)        000F8D
_OSCCON                                        (abs)        000FD3
_OSCTUNE                                       (abs)        000F9B
_PIE1bits                                      (abs)        000F9D
_PIE2bits                                      (abs)        000FA0
_PIN_MANAGER_Initialize                        text4        00133A
_PIR1bits                                      (abs)        000F9E
_PIR2bits                                      (abs)        000FA1
_PORTCbits                                     (abs)        000F82
_PR2                                           (abs)        000FCB
_RCONbits                                      (abs)        000FD0
_SSPADD                                        (abs)        000FC8
_SSPBUF                                        (abs)        000FC9
_SSPCON1                                       (abs)        000FC6
_SSPCON1bits                                   (abs)        000FC6
_SSPCON2                                       (abs)        000FC5
_SSPCON2bits                                   (abs)        000FC5
_SSPMSK                                        (abs)        000F77
_SSPSTAT                                       (abs)        000FC7
_SSPSTATbits                                   (abs)        000FC7
_SYSTEM_Initialize                             text1        0013EE
_T2CON                                         (abs)        000FCA
_T2CONbits                                     (abs)        000FCA
_T3CONbits                                     (abs)        000FB1
_TMR2                                          (abs)        000FCC
_TMR2_DefaultOverflowCallback                  (abs)        000000
_TMR2_Initialize                               text2        0013BE
_TMR2_OverflowCallback                         bssCOMRAM    000001
_TMR2_OverflowCallbackRegister                 text3        001412
_TRISA                                         (abs)        000F92
_TRISB                                         (abs)        000F93
_TRISC                                         (abs)        000F94
_TRISD                                         (abs)        000F95
_TRISE                                         (abs)        000F96
_WPUB                                          (abs)        000F7C
__HRAM                                         (abs)        000000
__H__absolute__                                __absolute__ 000000
__Habs1                                        abs1         000000
__Hbank0                                       bank0        000000
__Hbank1                                       bank1        000000
__Hbank10                                      bank10       000000
__Hbank11                                      bank11       000000
__Hbank12                                      bank12       000000
__Hbank13                                      bank13       000000
__Hbank14                                      bank14       000000
__Hbank15                                      bank15       000000
__Hbank2                                       bank2        000000
__Hbank3                                       bank3        000000
__Hbank4                                       bank4        000000
__Hbank5                                       bank5        000000
__Hbank6                                       bank6        000000
__Hbank7                                       bank7        000000
__Hbank8                                       bank8        000000
__Hbank9                                       bank9        000000
__Hbigbss                                      bigbss       000000
__Hbigdata                                     bigdata      000000
__Hbigram                                      bigram       000000
__Hbigsfr                                      bigsfr       000000
__Hbss                                         bss          000000
__HbssCOMRAM                                   bssCOMRAM    000000
__Hcinit                                       cinit        000000
__Hclrtext                                     clrtext      000000
__Hcomram                                      comram       000000
__Hconfig                                      config       30000E
__Hconst                                       const        000000
__HcstackCOMRAM                                cstackCOMRAM 000000
__Hdata                                        data         000000
__Heeprom_data                                 eeprom_data  000000
__Hfarbss                                      farbss       000000
__Hfardata                                     fardata      000000
__Hheap                                        heap         000000
__Hibigdata                                    ibigdata     000000
__Hidata                                       idata        000000
__Hidloc                                       idloc        000000
__Hifardata                                    ifardata     000000
__Hinit                                        init         000070
__Hintcode                                     intcode      00006C
__Hintcode_body                                intcode_body 000000
__Hintcodelo                                   intcodelo    00006C
__Hintentry                                    intentry     000000
__Hintret                                      intret       000000
__Hintsave_regs                                intsave_regs 000000
__Hirdata                                      irdata       000000
__Hmediumconst                                 mediumconst  000000
__HnvFARRAM                                    nvFARRAM     000000
__Hnvbit                                       nvbit        000000
__Hnvrram                                      nvrram       000000
__Hparam                                       rparam       000000
__Hpowerup                                     powerup      00006C
__Hram                                         ram          000000
__Hramtop                                      ramtop       001000
__Hrbit                                        rbit         000000
__Hrbss                                        rbss         000000
__Hrdata                                       rdata        000000
__Hreset_vec                                   reset_vec    000004
__Hrparam                                      rparam       000000
__Hsfr                                         sfr          000000
__Hsivt_hi                                     sivt_hi      000000
__Hsivt_lo                                     sivt_lo      000000
__Hsmallconst                                  smallconst   001014
__Hspace_0                                     (abs)        001438
__Hspace_1                                     (abs)        00001C
__Hspace_2                                     (abs)        000000
__Hspace_4                                     (abs)        60000E
__Hstack                                       stack        000000
__Hstruct                                      struct       000000
__Htemp                                        temp         00001C
__Htext                                        text         000000
__Htext0                                       text0        000000
__Htext1                                       text1        000000
__Htext11                                      text11       000000
__Htext12                                      text12       000000
__Htext13                                      text13       000000
__Htext14                                      text14       000000
__Htext15                                      text15       000000
__Htext16                                      text16       000000
__Htext17                                      text17       000000
__Htext2                                       text2        000000
__Htext3                                       text3        000000
__Htext4                                       text4        000000
__Htext5                                       text5        000000
__Htext6                                       text6        000000
__Htext7                                       text7        000000
__Htext8                                       text8        000000
__Htext9                                       text9        000000
__LRAM                                         (abs)        000001
__L__absolute__                                __absolute__ 000000
__Labs1                                        abs1         000000
__Lbank0                                       bank0        000000
__Lbank1                                       bank1        000000
__Lbank10                                      bank10       000000
__Lbank11                                      bank11       000000
__Lbank12                                      bank12       000000
__Lbank13                                      bank13       000000
__Lbank14                                      bank14       000000
__Lbank15                                      bank15       000000
__Lbank2                                       bank2        000000
__Lbank3                                       bank3        000000
__Lbank4                                       bank4        000000
__Lbank5                                       bank5        000000
__Lbank6                                       bank6        000000
__Lbank7                                       bank7        000000
__Lbank8                                       bank8        000000
__Lbank9                                       bank9        000000
__Lbigbss                                      bigbss       000000
__Lbigdata                                     bigdata      000000
__Lbigram                                      bigram       000000
__Lbigsfr                                      bigsfr       000000
__Lbss                                         bss          000000
__LbssCOMRAM                                   bssCOMRAM    000000
__Lcinit                                       cinit        000000
__Lclrtext                                     clrtext      000000
__Lcomram                                      comram       000000
__Lconfig                                      config       000000
__Lconst                                       const        000000
__LcstackCOMRAM                                cstackCOMRAM 000000
__Ldata                                        data         000000
__Leeprom_data                                 eeprom_data  000000
__Lfarbss                                      farbss       000000
__Lfardata                                     fardata      000000
__Lheap                                        heap         000000
__Libigdata                                    ibigdata     000000
__Lidata                                       idata        000000
__Lidloc                                       idloc        000000
__Lifardata                                    ifardata     000000
__Linit                                        init         00006C
__Lintcode                                     intcode      000008
__Lintcode_body                                intcode_body 000000
__Lintcodelo                                   intcodelo    00006C
__Lintentry                                    intentry     000000
__Lintret                                      intret       000000
__Lintsave_regs                                intsave_regs 000000
__Lirdata                                      irdata       000000
__Lmediumconst                                 mediumconst  000000
__LnvFARRAM                                    nvFARRAM     000000
__Lnvbit                                       nvbit        000000
__Lnvrram                                      nvrram       000000
__Lparam                                       rparam       000000
__Lpowerup                                     powerup      00006C
__Lram                                         ram          000000
__Lramtop                                      ramtop       001000
__Lrbit                                        rbit         000000
__Lrbss                                        rbss         000000
__Lrdata                                       rdata        000000
__Lreset_vec                                   reset_vec    000000
__Lrparam                                      rparam       000000
__Lsfr                                         sfr          000000
__Lsivt_hi                                     sivt_hi      000000
__Lsivt_lo                                     sivt_lo      000000
__Lsmallconst                                  smallconst   001000
__Lspace_0                                     (abs)        000000
__Lspace_1                                     (abs)        000000
__Lspace_2                                     (abs)        000000
__Lspace_4                                     (abs)        000000
__Lstack                                       stack        000000
__Lstruct                                      struct       000000
__Ltemp                                        temp         00001B
__Ltext                                        text         000000
__Ltext0                                       text0        000000
__Ltext1                                       text1        000000
__Ltext11                                      text11       000000
__Ltext12                                      text12       000000
__Ltext13                                      text13       000000
__Ltext14                                      text14       000000
__Ltext15                                      text15       000000
__Ltext16                                      text16       000000
__Ltext17                                      text17       000000
__Ltext2                                       text2        000000
__Ltext3                                       text3        000000
__Ltext4                                       text4        000000
__Ltext5                                       text5        000000
__Ltext6                                       text6        000000
__Ltext7                                       text7        000000
__Ltext8                                       text8        000000
__Ltext9                                       text9        000000
__S0                                           (abs)        001438
__S1                                           (abs)        00001C
__S4                                           (abs)        000000
__S5                                           (abs)        000000
___heap_hi                                     (abs)        000000
___heap_lo                                     (abs)        000000
___inthi_sp                                    stack        000000
___inthi_stack_hi                              stack        000000
___inthi_stack_lo                              stack        000000
___intlo_sp                                    stack        000000
___intlo_stack_hi                              stack        000000
___intlo_stack_lo                              stack        000000
___param_bank                                  (abs)        000000
___rparam_used                                 (abs)        000001
___sp                                          stack        000000
___stack_hi                                    stack        000000
___stack_lo                                    stack        000000
__accesstop                                    (abs)        000060
__activetblptr                                 (abs)        000003
__end_of_CCP2_Initialize                       text8        001412
__end_of_CCP2_LoadDutyValue                    text9        00133A
__end_of_CLOCK_Initialize                      text7        001424
__end_of_I2C1_CallbackRegister                 text6        0013A2
__end_of_I2C1_Client                           smallconst   001013
__end_of_I2C1_DefaultCallback                  text16       001438
__end_of_I2C1_ERROR_ISR                        text14       001430
__end_of_I2C1_ErrorEventHandler                text15       00130A
__end_of_I2C1_EventHandler                     text12       0011AE
__end_of_I2C1_ISR                              text11       00142A
__end_of_I2C1_Initialize                       text5        001386
__end_of_I2C1_ReadByte                         text13       001434
__end_of_I2C_InterruptHandler                  text17       0013BE
__end_of_INTERRUPT_InterruptManager            intcode      00006C
__end_of_PIN_MANAGER_Initialize                text4        001362
__end_of_SYSTEM_Initialize                     text1        001404
__end_of_TMR2_Initialize                       text2        0013D8
__end_of_TMR2_OverflowCallbackRegister         text3        00141C
__end_of__initialization                       cinit        0013E4
__end_of_main                                  text0        0012A6
__initialization                               cinit        0013D8
__mediumconst                                  mediumconst  000000
__pbssCOMRAM                                   bssCOMRAM    000001
__pcinit                                       cinit        0013D8
__pcstackCOMRAM                                cstackCOMRAM 000010
__pintcode                                     intcode      000008
__psmallconst                                  smallconst   001000
__ptext0                                       text0        0011AE
__ptext1                                       text1        0013EE
__ptext11                                      text11       001424
__ptext12                                      text12       001014
__ptext13                                      text13       001430
__ptext14                                      text14       00142A
__ptext15                                      text15       0012A6
__ptext16                                      text16       001434
__ptext17                                      text17       0013A2
__ptext2                                       text2        0013BE
__ptext3                                       text3        001412
__ptext4                                       text4        00133A
__ptext5                                       text5        001362
__ptext6                                       text6        001386
__ptext7                                       text7        00141C
__ptext8                                       text8        001404
__ptext9                                       text9        00130A
__ramtop                                       ramtop       001000
__smallconst                                   smallconst   001000
_i2c1Addr                                      bssCOMRAM    000005
_i2c1ErrorState                                bssCOMRAM    00000F
_i2c_interrupt_counter                         bssCOMRAM    00000D
_i2c_received_data                             bssCOMRAM    00000E
_main                                          text0        0011AE
btemp                                          temp         00001B
end_of_initialization                          cinit        0013E4
int$flags                                      temp         00001B
intlevel0                                      text         000000
intlevel1                                      text         000000
intlevel2                                      text         000000
intlevel3                                      text         000000
isa$std                                        (abs)        000001
isa$xinst                                      (abs)        000000
main@toggle_dir_flag                           cstackCOMRAM 00001A
stackhi                                        (abs)        000000
stacklo                                        (abs)        000000
start                                          init         00006C
start_initialization                           cinit        0013D8
ttemp5                                         temp         00001C
ttemp6                                         temp         00001F
ttemp7                                         temp         000023
wtemp8                                         temp         00001C


MODULE INFORMATION

Module		Function		Class		Link	Load	Size
mcc_generated_files/system/src/interrupt.c
		_INTERRUPT_InterruptManager		CODE           	0008	0000	100

mcc_generated_files/system/src/interrupt.c estimated size: 100

mcc_generated_files/pwm/src/ccp2.c
		_CCP2_LoadDutyValue		CODE           	130A	0000	48
		_CCP2_Initialize		CODE           	1404	0000	14

mcc_generated_files/pwm/src/ccp2.c estimated size: 62

mcc_generated_files/system/src/pins.c
		_PIN_MANAGER_Initialize		CODE           	133A	0000	40

mcc_generated_files/system/src/pins.c estimated size: 40

shared
		__initialization		CODE           	13D8	0000	12
		_I2C1_Client   		SMALLCONST     	1001	0000	18

shared estimated size: 30

mcc_generated_files/timer/src/tmr2.c
		_TMR2_Initialize		CODE           	13BE	0000	26
		_TMR2_OverflowCallbackRegister		CODE           	1412	0000	10

mcc_generated_files/timer/src/tmr2.c estimated size: 36

mcc_generated_files/system/src/clock.c
		_CLOCK_Initialize		CODE           	141C	0000	8

mcc_generated_files/system/src/clock.c estimated size: 8

mcc_generated_files/i2c_client/src/mssp.c
		_I2C1_ErrorEventHandler		CODE           	12A6	0000	100
		_I2C1_CallbackRegister		CODE           	1386	0000	28
		_I2C1_ReadByte 		CODE           	1430	0000	4
		_I2C1_ISR      		CODE           	1424	0000	6
		_I2C1_EventHandler		CODE           	1014	0000	410
		_I2C1_Initialize		CODE           	1362	0000	36
		_I2C1_ERROR_ISR		CODE           	142A	0000	6
		_I2C1_DefaultCallback		CODE           	1434	0000	4

mcc_generated_files/i2c_client/src/mssp.c estimated size: 594

main.c
		_main          		CODE           	11AE	0000	248
		_I2C_InterruptHandler		CODE           	13A2	0000	28

main.c estimated size: 276

mcc_generated_files/system/src/system.c
		_SYSTEM_Initialize		CODE           	13EE	0000	22

mcc_generated_files/system/src/system.c estimated size: 22

