Microchip MPLAB XC8 Compiler V2.46

Linker command line:

-W-3 \
  --edf=C:\Program Files\Microchip\xc8\v2.46\pic\dat\20240104201356_en.msgs \
  -cn -h+dist/default/debug\Standard.debug.sym \
  --cmf=dist/default/debug\Standard.debug.cmf -z -Q18F4620 \
  -oC:\Users\dell\AppData\Local\Temp\xcAs9no.\driver_tmp_3.o \
  --defsym=__MPLAB_BUILD=1 --fixupoverflow=error \
  -Mdist/default/debug/Standard.debug.map \
  --md=C:\Users\dell\AppData\Local\Temp\xcAs9no.\driver_tmp_0.dat -E1 \
  -ver=XC8 Compiler --acfsm=1493 -ACODE=00h-0FFFFh -ACONST=00h-0FFFFh \
  -ASMALLCONST=01000h-010FFhx240 -AMEDIUMCONST=01000h-0FFFFh \
  -ACOMRAM=01h-07Fh -AABS1=00h-0F7Fh -ABIGRAM=01h-0F7Fh \
  -ARAM=080h-0FFh,0100h-01FFhx14,0F00h-0F7Fh -ABANK0=080h-0FFh \
  -ABANK1=0100h-01FFh -ABANK2=0200h-02FFh -ABANK3=0300h-03FFh \
  -ABANK4=0400h-04FFh -ABANK5=0500h-05FFh -ABANK6=0600h-06FFh \
  -ABANK7=0700h-07FFh -ABANK8=0800h-08FFh -ABANK9=0900h-09FFh \
  -ABANK10=0A00h-0AFFh -ABANK11=0B00h-0BFFh -ABANK12=0C00h-0CFFh \
  -ABANK13=0D00h-0DFFh -ABANK14=0E00h-0EFFh -ABANK15=0F00h-0F7Fh \
  -ASFR=0F80h-0FFFh -ABIGSFR=0F80h-0FFFh -ACONFIG=0300000h-030000Dh \
  -AIDLOC=0200000h-0200007h -AEEDATA=0F00000h-0F003FFh -peeprom_data=EEDATA \
  -preset_vec=00h,intcode=8h,intcodelo,powerup,init -pramtop=01000h \
  -psmallconst=SMALLCONST -pmediumconst=MEDIUMCONST -pconst=CONST \
  -AFARRAM=00h-00h \
  -prdata=COMRAM,nvrram=COMRAM,nvbit=COMRAM,rbss=COMRAM,rbit=COMRAM \
  -pfarbss=FARRAM,fardata=FARRAM,nvFARRAM=FARRAM \
  -pintsave_regs=BIGRAM,bigbss=BIGRAM,bigdata=BIGRAM -pbss=RAM \
  -pidata=CODE,irdata=CODE,ibigdata=CODE,ifardata=CODE -prparam=COMRAM \
  C:\Users\dell\AppData\Local\Temp\xcAs9no.\driver_tmp_14.o \
  dist/default/debug\Standard.debug.o 

Object code version is 3.11

Machine type is 18F4620



                Name                               Link     Load   Length Selector   Space Scale
C:\Users\dell\AppData\Local\Temp\xcAs9no.\driver_tmp_14.o
                config                           300000   300000        E        0       4
                init                                  E        E        4        4       0
                reset_vec                             0        0        4        0       0
dist/default/debug\Standard.debug.o
                intcode                               8        8        6        4       0
                config                           300000   300000        E        0       4
                temp                                 74       74        1        1       1
                smallconst                         1000     1000       20      800       0
                text44                             290C     290C        4     1482       0
                text43                             2908     2908        4     1482       0
                text42                             28C0     28C0       2E     141A       0
                text41                             2892     2892       2E     141A       0
                text40                             2864     2864       2E     141A       0
                text39                             2904     2904        4     1482       0
                text38                             2546     2546       54      810       0
                text37                             24F2     24F2       54      810       0
                text36                             249E     249E       54      810       0
                text35                             244A     244A       54      810       0
                intcode_body                       1020     1020      296      810       0
                text33                             27CC     27CC       34      810       0
                text32                             25E4     25E4       44      810       0
                text31                             19E6     19E6      112      810       0
                text30                             1AF8     1AF8       F6      810       0
                text29                             2834     2834       30     141A       0
                text28                             1CBA     1CBA       C4      810       0
                text27                             1D7E     1D7E       B0      810       0
                text26                             2798     2798       34      810       0
                text25                             2910     2910        2     1482       0
                text24                             1E2E     1E2E       AA      810       0
                text23                             12B6     12B6      1C0      810       0
                text22                             26AC     26AC       40      810       0
                text21                             2764     2764       34      810       0
                text20                             266A     266A       42      810       0
                text19                             1BEE     1BEE       CC      810       0
                text18                             15FC     15FC      162      810       0
                text17                             175E     175E      154      810       0
                text16                             2334     2334       5E      810       0
                text15                             20A2     20A2       82      810       0
                text14                             2728     2728       3C      810       0
                text13                             22D2     22D2       62      810       0
                text12                             23EE     23EE       5C      810       0
                text11                             18B2     18B2      134      810       0
                text10                             2392     2392       5C      810       0
                text9                              200E     200E       94      810       0
                text8                              26EC     26EC       3C      810       0
                text7                              1F78     1F78       96      810       0
                text6                              259A     259A       4A      810       0
                text5                              1ED8     1ED8       A0      810       0
                text4                              220A     220A       66      810       0
                text3                              2198     2198       72      810       0
                text2                              2628     2628       42      810       0
                text1                              2124     2124       74      810       0
                text0                              1476     1476      186      810       0
                cstackCOMRAM                          1        1       33        1       1
                cstackBANK0                          D7       D7        9       80       1
                dataBANK0                            80       80       33       80       1
                bssBANK0                             B3       B3       24       80       1
                dataCOMRAM                           5F       5F       15        1       1
                bssCOMRAM                            34       34       2B        1       1
                cinit                              2270     2270       62      810       0
                idataBANK0                         2800     2800       33      810       0
                idataCOMRAM                        28EE     28EE       15     141A       0

TOTAL           Name                               Link     Load   Length     Space
        CLASS   CODE           
                intcode                               8        8        6         0
                init                                  E        E        4         0
                reset_vec                             0        0        4         0
                text44                             290C     290C        4         0
                text43                             2908     2908        4         0
                text42                             28C0     28C0       2E         0
                text41                             2892     2892       2E         0
                text40                             2864     2864       2E         0
                text39                             2904     2904        4         0
                text38                             2546     2546       54         0
                text37                             24F2     24F2       54         0
                text36                             249E     249E       54         0
                text35                             244A     244A       54         0
                intcode_body                       1020     1020      296         0
                text33                             27CC     27CC       34         0
                text32                             25E4     25E4       44         0
                text31                             19E6     19E6      112         0
                text30                             1AF8     1AF8       F6         0
                text29                             2834     2834       30         0
                text28                             1CBA     1CBA       C4         0
                text27                             1D7E     1D7E       B0         0
                text26                             2798     2798       34         0
                text25                             2910     2910        2         0
                text24                             1E2E     1E2E       AA         0
                text23                             12B6     12B6      1C0         0
                text22                             26AC     26AC       40         0
                text21                             2764     2764       34         0
                text20                             266A     266A       42         0
                text19                             1BEE     1BEE       CC         0
                text18                             15FC     15FC      162         0
                text17                             175E     175E      154         0
                text16                             2334     2334       5E         0
                text15                             20A2     20A2       82         0
                text14                             2728     2728       3C         0
                text13                             22D2     22D2       62         0
                text12                             23EE     23EE       5C         0
                text11                             18B2     18B2      134         0
                text10                             2392     2392       5C         0
                text9                              200E     200E       94         0
                text8                              26EC     26EC       3C         0
                text7                              1F78     1F78       96         0
                text6                              259A     259A       4A         0
                text5                              1ED8     1ED8       A0         0
                text4                              220A     220A       66         0
                text3                              2198     2198       72         0
                text2                              2628     2628       42         0
                text1                              2124     2124       74         0
                text0                              1476     1476      186         0
                cinit                              2270     2270       62         0
                idataBANK0                         2800     2800       33         0
                idataCOMRAM                        28EE     28EE       15         0

        CLASS   CONST          

        CLASS   SMALLCONST     
                smallconst                         1000     1000       20         0

        CLASS   MEDIUMCONST    

        CLASS   COMRAM         
                temp                                 74       74        1         1
                cstackCOMRAM                          1        1       33         1
                dataCOMRAM                           5F       5F       15         1
                bssCOMRAM                            34       34       2B         1

        CLASS   ABS1           

        CLASS   BIGRAM         

        CLASS   RAM            

        CLASS   BANK0          
                cstackBANK0                          D7       D7        9         1
                dataBANK0                            80       80       33         1
                bssBANK0                             B3       B3       24         1

        CLASS   BANK1          

        CLASS   BANK2          

        CLASS   BANK3          

        CLASS   BANK4          

        CLASS   BANK5          

        CLASS   BANK6          

        CLASS   BANK7          

        CLASS   BANK8          

        CLASS   BANK9          

        CLASS   BANK10         

        CLASS   BANK11         

        CLASS   BANK12         

        CLASS   BANK13         

        CLASS   BANK14         

        CLASS   BANK15         

        CLASS   SFR            

        CLASS   BIGSFR         

        CLASS   CONFIG         
                config                           300000   300000        E         4

        CLASS   IDLOC          

        CLASS   EEDATA         

        CLASS   FARRAM         

        CLASS   HEAP           

        CLASS   STACK          



SEGMENTS        Name                           Load    Length   Top    Selector   Space  Class

                reset_vec                      000000  000004  000004         0       0  CODE    
                cstackCOMRAM                   000001  000074  000075         1       1  COMRAM  
                intcode                        000008  00000A  000012         4       0  CODE    
                dataBANK0                      000080  000060  0000E0        80       1  BANK0   
                smallconst                     001000  000020  001020       800       0  SMALLCON
                intcode_body                   001020  001813  002833       810       0  CODE    
                text29                         002834  0000CF  002903      141A       0  CODE    
                text39                         002904  00000E  002912      1482       0  CODE    


UNUSED ADDRESS RANGES

        Name                Unused          Largest block    Delta
        BANK0            0000E0-0000FF               20
        BANK1            000100-0001FF              100
        BANK10           000A00-000AFF              100
        BANK11           000B00-000BFF              100
        BANK12           000C00-000CFF              100
        BANK13           000D00-000DFF              100
        BANK14           000E00-000EFF              100
        BANK15           000F00-000F7F               80
        BANK2            000200-0002FF              100
        BANK3            000300-0003FF              100
        BANK4            000400-0004FF              100
        BANK5            000500-0005FF              100
        BANK6            000600-0006FF              100
        BANK7            000700-0007FF              100
        BANK8            000800-0008FF              100
        BANK9            000900-0009FF              100
        BIGRAM           000075-00007F                B
                         0000E0-000F7F              EA0
        BIGSFR           000F80-000FFF               80
        CODE             000004-000007                4
                         000012-000FFF              FEE
                         002833-002833                1
                         002903-002903                1
                         002912-00FFFF             D6EE
        COMRAM           000075-00007F                B
        CONST            000004-000007                4
                         000012-000FFF              FEE
                         002833-002833                1
                         002903-002903                1
                         002912-00FFFF             D6EE
        EEDATA           F00000-F003FF              400
        IDLOC            200000-200007                8
        MEDIUMCONST      002833-002833                1
                         002903-002903                1
                         002912-00FFFF             D6EE
        RAM              0000E0-000F7F              100
        SFR              000F80-000FFF               80
        SMALLCONST       002833-002833                1
                         002903-002903                1
                         002912-00FFFF              100

                                  Symbol Table

?___awdiv                                cstackCOMRAM 000004
?___awmod                                cstackCOMRAM 000004
?_abs                                    cstackCOMRAM 00000A
?_sprintf                                cstackCOMRAM 00001D
?_vfprintf                               cstackCOMRAM 000019
EEPROM_ReadByte@bAdd                     cstackCOMRAM 000004
EEPROM_ReadByte@bData                    cstackCOMRAM 000006
EEPROM_WriteByte@Global_Interrupt_Status cstackCOMRAM 000007
EEPROM_WriteByte@bAdd                    cstackCOMRAM 000004
EEPROM_WriteByte@bData                   cstackCOMRAM 000006
Interrupt_RBx_Init@ext_int               cstackCOMRAM 00000B
RB4_ISR@RB_src                           cstackCOMRAM 000001
RB5_ISR@RB_src                           cstackCOMRAM 000001
RB6_ISR@RB_src                           cstackCOMRAM 000001
RB7_ISR@RB_src                           cstackCOMRAM 000001
_EEADR                                   (abs)        000FA9
_EEADRH                                  (abs)        000FAA
_EECON1bits                              (abs)        000FA6
_EECON2                                  (abs)        000FA7
_EEDATA                                  (abs)        000FA8
_EEPROM_ReadByte                         text33       0027CC
_EEPROM_WriteByte                        text32       0025E4
_INT0_ISR                                text42       0028C0
_INT0_InterruptHandler                   bssCOMRAM    00004C
_INT1_ISR                                text41       002892
_INT1_InterruptHandler                   bssCOMRAM    00004A
_INT2_ISR                                text40       002864
_INT2_InterruptHandler                   bssCOMRAM    000048
_INTCON2bits                             (abs)        000FF1
_INTCON3bits                             (abs)        000FF0
_INTCONbits                              (abs)        000FF2
_InterruptManager                        intcode      000008
_Interrupt_RBx_Init                      text30       001AF8
_LATA                                    (abs)        000F89
_LATB                                    (abs)        000F8A
_LATC                                    (abs)        000F8B
_LATD                                    (abs)        000F8C
_LATE                                    (abs)        000F8D
_PORTA                                   (abs)        000F80
_PORTB                                   (abs)        000F81
_PORTBbits                               (abs)        000F81
_PORTC                                   (abs)        000F82
_PORTD                                   (abs)        000F83
_PORTE                                   (abs)        000F84
_RB4_Flag                                dataCOMRAM   00006C
_RB4_ISR                                 text38       002546
_RB4_InterruptHandler_HIGH               bssCOMRAM    000046
_RB4_InterruptHandler_LOW                bssCOMRAM    000044
_RB5_Flag                                dataCOMRAM   00006B
_RB5_ISR                                 text37       0024F2
_RB5_InterruptHandler_HIGH               bssCOMRAM    000042
_RB5_InterruptHandler_LOW                bssCOMRAM    000040
_RB6_Flag                                dataCOMRAM   00006A
_RB6_ISR                                 text36       00249E
_RB6_InterruptHandler_HIGH               bssCOMRAM    00003E
_RB6_InterruptHandler_LOW                bssCOMRAM    00003C
_RB7_Flag                                dataCOMRAM   000069
_RB7_ISR                                 text35       00244A
_RB7_InterruptHandler_HIGH               bssCOMRAM    00003A
_RB7_InterruptHandler_LOW                bssCOMRAM    000038
_TRISA                                   (abs)        000F92
_TRISB                                   (abs)        000F93
_TRISC                                   (abs)        000F94
_TRISD                                   (abs)        000F95
_TRISE                                   (abs)        000F96
__HRAM                                   (abs)        000000
__H__absolute__                          __absolute__ 000000
__Habs1                                  abs1         000000
__Hbank0                                 bank0        000000
__Hbank1                                 bank1        000000
__Hbank10                                bank10       000000
__Hbank11                                bank11       000000
__Hbank12                                bank12       000000
__Hbank13                                bank13       000000
__Hbank14                                bank14       000000
__Hbank15                                bank15       000000
__Hbank2                                 bank2        000000
__Hbank3                                 bank3        000000
__Hbank4                                 bank4        000000
__Hbank5                                 bank5        000000
__Hbank6                                 bank6        000000
__Hbank7                                 bank7        000000
__Hbank8                                 bank8        000000
__Hbank9                                 bank9        000000
__Hbigbss                                bigbss       000000
__Hbigdata                               bigdata      000000
__Hbigram                                bigram       000000
__Hbigsfr                                bigsfr       000000
__Hbss                                   bss          000000
__HbssBANK0                              bssBANK0     000000
__HbssCOMRAM                             bssCOMRAM    000000
__Hcinit                                 cinit        000000
__Hclrtext                               clrtext      000000
__Hcomram                                comram       000000
__Hconfig                                config       30000E
__Hconst                                 const        000000
__HcstackBANK0                           cstackBANK0  000000
__HcstackCOMRAM                          cstackCOMRAM 000000
__Hdata                                  data         000000
__HdataBANK0                             dataBANK0    000000
__HdataCOMRAM                            dataCOMRAM   000000
__Heeprom_data                           eeprom_data  000000
__Hfarbss                                farbss       000000
__Hfardata                               fardata      000000
__Hheap                                  heap         000000
__Hibigdata                              ibigdata     000000
__Hidata                                 idata        000000
__HidataBANK0                            idataBANK0   000000
__HidataCOMRAM                           idataCOMRAM  000000
__Hidloc                                 idloc        000000
__Hifardata                              ifardata     000000
__Hinit                                  init         000012
__Hintcode                               intcode      00000E
__Hintcode_body                          intcode_body 000000
__Hintcodelo                             intcodelo    00000E
__Hintentry                              intentry     000000
__Hintret                                intret       000000
__Hintsave_regs                          intsave_regs 000000
__Hirdata                                irdata       000000
__Hmediumconst                           mediumconst  000000
__HnvFARRAM                              nvFARRAM     000000
__Hnvbit                                 nvbit        000000
__Hnvrram                                nvrram       000000
__Hparam                                 rparam       000000
__Hpowerup                               powerup      00000E
__Hram                                   ram          000000
__Hramtop                                ramtop       001000
__Hrbit                                  rbit         000000
__Hrbss                                  rbss         000000
__Hrdata                                 rdata        000000
__Hreset_vec                             reset_vec    000004
__Hrparam                                rparam       000000
__Hsfr                                   sfr          000000
__Hsivt_hi                               sivt_hi      000000
__Hsivt_lo                               sivt_lo      000000
__Hsmallconst                            smallconst   001020
__Hspace_0                               (abs)        002912
__Hspace_1                               (abs)        0000E0
__Hspace_2                               (abs)        000000
__Hspace_4                               (abs)        60000E
__Hstack                                 stack        000000
__Hstruct                                struct       000000
__Htemp                                  temp         000075
__Htext                                  text         000000
__Htext0                                 text0        000000
__Htext1                                 text1        000000
__Htext10                                text10       000000
__Htext11                                text11       000000
__Htext12                                text12       000000
__Htext13                                text13       000000
__Htext14                                text14       000000
__Htext15                                text15       000000
__Htext16                                text16       000000
__Htext17                                text17       000000
__Htext18                                text18       000000
__Htext19                                text19       000000
__Htext2                                 text2        000000
__Htext20                                text20       000000
__Htext21                                text21       000000
__Htext22                                text22       000000
__Htext23                                text23       000000
__Htext24                                text24       000000
__Htext25                                text25       000000
__Htext26                                text26       000000
__Htext27                                text27       000000
__Htext28                                text28       000000
__Htext29                                text29       000000
__Htext3                                 text3        000000
__Htext30                                text30       000000
__Htext31                                text31       000000
__Htext32                                text32       000000
__Htext33                                text33       000000
__Htext35                                text35       000000
__Htext36                                text36       000000
__Htext37                                text37       000000
__Htext38                                text38       000000
__Htext39                                text39       000000
__Htext4                                 text4        000000
__Htext40                                text40       000000
__Htext41                                text41       000000
__Htext42                                text42       000000
__Htext43                                text43       000000
__Htext44                                text44       000000
__Htext5                                 text5        000000
__Htext6                                 text6        000000
__Htext7                                 text7        000000
__Htext8                                 text8        000000
__Htext9                                 text9        000000
__LRAM                                   (abs)        000001
__L__absolute__                          __absolute__ 000000
__Labs1                                  abs1         000000
__Lbank0                                 bank0        000000
__Lbank1                                 bank1        000000
__Lbank10                                bank10       000000
__Lbank11                                bank11       000000
__Lbank12                                bank12       000000
__Lbank13                                bank13       000000
__Lbank14                                bank14       000000
__Lbank15                                bank15       000000
__Lbank2                                 bank2        000000
__Lbank3                                 bank3        000000
__Lbank4                                 bank4        000000
__Lbank5                                 bank5        000000
__Lbank6                                 bank6        000000
__Lbank7                                 bank7        000000
__Lbank8                                 bank8        000000
__Lbank9                                 bank9        000000
__Lbigbss                                bigbss       000000
__Lbigdata                               bigdata      000000
__Lbigram                                bigram       000000
__Lbigsfr                                bigsfr       000000
__Lbss                                   bss          000000
__LbssBANK0                              bssBANK0     000000
__LbssCOMRAM                             bssCOMRAM    000000
__Lcinit                                 cinit        000000
__Lclrtext                               clrtext      000000
__Lcomram                                comram       000000
__Lconfig                                config       000000
__Lconst                                 const        000000
__LcstackBANK0                           cstackBANK0  000000
__LcstackCOMRAM                          cstackCOMRAM 000000
__Ldata                                  data         000000
__LdataBANK0                             dataBANK0    000000
__LdataCOMRAM                            dataCOMRAM   000000
__Leeprom_data                           eeprom_data  000000
__Lfarbss                                farbss       000000
__Lfardata                               fardata      000000
__Lheap                                  heap         000000
__Libigdata                              ibigdata     000000
__Lidata                                 idata        000000
__LidataBANK0                            idataBANK0   000000
__LidataCOMRAM                           idataCOMRAM  000000
__Lidloc                                 idloc        000000
__Lifardata                              ifardata     000000
__Linit                                  init         00000E
__Lintcode                               intcode      000008
__Lintcode_body                          intcode_body 000000
__Lintcodelo                             intcodelo    00000E
__Lintentry                              intentry     000000
__Lintret                                intret       000000
__Lintsave_regs                          intsave_regs 000000
__Lirdata                                irdata       000000
__Lmediumconst                           mediumconst  000000
__LnvFARRAM                              nvFARRAM     000000
__Lnvbit                                 nvbit        000000
__Lnvrram                                nvrram       000000
__Lparam                                 rparam       000000
__Lpowerup                               powerup      00000E
__Lram                                   ram          000000
__Lramtop                                ramtop       001000
__Lrbit                                  rbit         000000
__Lrbss                                  rbss         000000
__Lrdata                                 rdata        000000
__Lreset_vec                             reset_vec    000000
__Lrparam                                rparam       000000
__Lsfr                                   sfr          000000
__Lsivt_hi                               sivt_hi      000000
__Lsivt_lo                               sivt_lo      000000
__Lsmallconst                            smallconst   001000
__Lspace_0                               (abs)        000000
__Lspace_1                               (abs)        000000
__Lspace_2                               (abs)        000000
__Lspace_4                               (abs)        000000
__Lstack                                 stack        000000
__Lstruct                                struct       000000
__Ltemp                                  temp         000074
__Ltext                                  text         000000
__Ltext0                                 text0        000000
__Ltext1                                 text1        000000
__Ltext10                                text10       000000
__Ltext11                                text11       000000
__Ltext12                                text12       000000
__Ltext13                                text13       000000
__Ltext14                                text14       000000
__Ltext15                                text15       000000
__Ltext16                                text16       000000
__Ltext17                                text17       000000
__Ltext18                                text18       000000
__Ltext19                                text19       000000
__Ltext2                                 text2        000000
__Ltext20                                text20       000000
__Ltext21                                text21       000000
__Ltext22                                text22       000000
__Ltext23                                text23       000000
__Ltext24                                text24       000000
__Ltext25                                text25       000000
__Ltext26                                text26       000000
__Ltext27                                text27       000000
__Ltext28                                text28       000000
__Ltext29                                text29       000000
__Ltext3                                 text3        000000
__Ltext30                                text30       000000
__Ltext31                                text31       000000
__Ltext32                                text32       000000
__Ltext33                                text33       000000
__Ltext35                                text35       000000
__Ltext36                                text36       000000
__Ltext37                                text37       000000
__Ltext38                                text38       000000
__Ltext39                                text39       000000
__Ltext4                                 text4        000000
__Ltext40                                text40       000000
__Ltext41                                text41       000000
__Ltext42                                text42       000000
__Ltext43                                text43       000000
__Ltext44                                text44       000000
__Ltext5                                 text5        000000
__Ltext6                                 text6        000000
__Ltext7                                 text7        000000
__Ltext8                                 text8        000000
__Ltext9                                 text9        000000
__S0                                     (abs)        002912
__S1                                     (abs)        0000E0
__S4                                     (abs)        000000
__S5                                     (abs)        000000
___awdiv                                 text28       001CBA
___awdiv@counter                         cstackCOMRAM 000008
___awdiv@dividend                        cstackCOMRAM 000004
___awdiv@divisor                         cstackCOMRAM 000006
___awdiv@quotient                        cstackCOMRAM 00000A
___awdiv@sign                            cstackCOMRAM 000009
___awmod                                 text27       001D7E
___awmod@counter                         cstackCOMRAM 000008
___awmod@dividend                        cstackCOMRAM 000004
___awmod@divisor                         cstackCOMRAM 000006
___awmod@sign                            cstackCOMRAM 000009
___heap_hi                               (abs)        000000
___heap_lo                               (abs)        000000
___inthi_sp                              stack        000000
___inthi_stack_hi                        stack        000000
___inthi_stack_lo                        stack        000000
___intlo_sp                              stack        000000
___intlo_stack_hi                        stack        000000
___intlo_stack_lo                        stack        000000
___param_bank                            (abs)        000000
___rparam_used                           (abs)        000001
___sp                                    stack        000000
___stack_hi                              stack        000000
___stack_lo                              stack        000000
__accesstop                              (abs)        000080
__activetblptr                           (abs)        000003
__end_of_EEPROM_ReadByte                 text33       002800
__end_of_EEPROM_WriteByte                text32       002628
__end_of_INT0_ISR                        text42       0028EE
__end_of_INT1_ISR                        text41       0028C0
__end_of_INT2_ISR                        text40       002892
__end_of_InterruptManager                intcode_body 0012B6
__end_of_Interrupt_RBx_Init              text30       001BEE
__end_of_RB4_ISR                         text38       00259A
__end_of_RB5_ISR                         text37       002546
__end_of_RB6_ISR                         text36       0024F2
__end_of_RB7_ISR                         text35       00249E
__end_of___awdiv                         text28       001D7E
__end_of___awmod                         text27       001E2E
__end_of__initialization                 cinit        0022C8
__end_of_abs                             text26       0027CC
__end_of_convert_uint8_to_string         text20       0026AC
__end_of_fputc                           text24       001ED8
__end_of_gpio_pin_initialize             text16       002392
__end_of_gpio_pin_read                   text19       001CBA
__end_of_gpio_pin_set_direction          text31       001AF8
__end_of_gpio_pin_write                  text18       00175E
__end_of_int0_app_handler                text43       00290C
__end_of_int1_app_handler                text44       002910
__end_of_keypad_get_value                text17       0018B2
__end_of_keypad_init                     text15       002124
__end_of_keypad_values                   smallconst   001011
__end_of_lcd_4bit_init                   text11       0019E6
__end_of_lcd_4bit_send_char              text10       0023EE
__end_of_lcd_4bit_send_char_pos          text8        002728
__end_of_lcd_4bit_send_cmd               text12       00244A
__end_of_lcd_4bit_send_string            text7        00200E
__end_of_lcd_4bit_send_string_pos        text6        0025E4
__end_of_lcd_4bit_set_cursor             text9        0020A2
__end_of_lcd_4bits_send_enable_signal    text14       002764
__end_of_lcd_send_4bits                  text13       002334
__end_of_led_init                        text5        001F78
__end_of_led_turn_off                    text4        002270
__end_of_led_turn_on                     text3        00220A
__end_of_main                            text0        0015FC
__end_of_memset                          text29       002864
__end_of_putch                           text25       002912
__end_of_rb4_app_handler                 text39       002908
__end_of_seven_seg_init                  text2        00266A
__end_of_seven_seg_write_number          text1        002198
__end_of_sprintf                         text21       002798
__end_of_vfpfcnvrt                       text23       001476
__end_of_vfprintf                        text22       0026EC
__initialization                         cinit        002270
__mediumconst                            mediumconst  000000
__pbssBANK0                              bssBANK0     0000B3
__pbssCOMRAM                             bssCOMRAM    000034
__pcinit                                 cinit        002270
__pcstackBANK0                           cstackBANK0  0000D7
__pcstackCOMRAM                          cstackCOMRAM 000001
__pdataBANK0                             dataBANK0    000080
__pdataCOMRAM                            dataCOMRAM   00005F
__pidataBANK0                            idataBANK0   002800
__pidataCOMRAM                           idataCOMRAM  0028EE
__pintcode                               intcode      000008
__pintcode_body                          intcode_body 001020
__psmallconst                            smallconst   001000
__ptext0                                 text0        001476
__ptext1                                 text1        002124
__ptext10                                text10       002392
__ptext11                                text11       0018B2
__ptext12                                text12       0023EE
__ptext13                                text13       0022D2
__ptext14                                text14       002728
__ptext15                                text15       0020A2
__ptext16                                text16       002334
__ptext17                                text17       00175E
__ptext18                                text18       0015FC
__ptext19                                text19       001BEE
__ptext2                                 text2        002628
__ptext20                                text20       00266A
__ptext21                                text21       002764
__ptext22                                text22       0026AC
__ptext23                                text23       0012B6
__ptext24                                text24       001E2E
__ptext25                                text25       002910
__ptext26                                text26       002798
__ptext27                                text27       001D7E
__ptext28                                text28       001CBA
__ptext29                                text29       002834
__ptext3                                 text3        002198
__ptext30                                text30       001AF8
__ptext31                                text31       0019E6
__ptext32                                text32       0025E4
__ptext33                                text33       0027CC
__ptext35                                text35       00244A
__ptext36                                text36       00249E
__ptext37                                text37       0024F2
__ptext38                                text38       002546
__ptext39                                text39       002904
__ptext4                                 text4        00220A
__ptext40                                text40       002864
__ptext41                                text41       002892
__ptext42                                text42       0028C0
__ptext43                                text43       002908
__ptext44                                text44       00290C
__ptext5                                 text5        001ED8
__ptext6                                 text6        00259A
__ptext7                                 text7        001F78
__ptext8                                 text8        0026EC
__ptext9                                 text9        00200E
__ramtop                                 ramtop       001000
__smallconst                             smallconst   001000
_abs                                     text26       002798
_convert_uint8_to_string                 text20       00266A
_count                                   bssCOMRAM    00004F
_dbuf                                    bssBANK0     0000B3
_flags                                   bssCOMRAM    00004E
_fputc                                   text24       001E2E
_gpio_pin_initialize                     text16       002334
_gpio_pin_read                           text19       001BEE
_gpio_pin_set_direction                  text31       0019E6
_gpio_pin_write                          text18       0015FC
_int0                                    dataBANK0    00009A
_int0_app_handler                        text43       002908
_int1                                    dataBANK0    000094
_int1_app_handler                        text44       00290C
_keypad1                                 dataBANK0    0000A0
_keypad_get_value                        text17       00175E
_keypad_init                             text15       0020A2
_keypad_values                           smallconst   001001
_lat_registers                           dataBANK0    00008A
_lcd1                                    dataCOMRAM   00006D
_lcd_4bit_init                           text11       0018B2
_lcd_4bit_send_char                      text10       002392
_lcd_4bit_send_char_pos                  text8        0026EC
_lcd_4bit_send_cmd                       text12       0023EE
_lcd_4bit_send_string                    text7        001F78
_lcd_4bit_send_string_pos                text6        00259A
_lcd_4bit_set_cursor                     text9        00200E
_lcd_4bits_send_enable_signal            text14       002728
_lcd_send_4bits                          text13       0022D2
_led1                                    dataCOMRAM   000073
_led_init                                text5        001ED8
_led_turn_off                            text4        00220A
_led_turn_on                             text3        002198
_main                                    text0        001476
_memset                                  text29       002834
_port_registers                          dataBANK0    000080
_prec                                    bssCOMRAM    000036
_putch                                   text25       002910
_rb4                                     dataBANK0    0000A8
_rb4_app_handler                         text39       002904
_seg1                                    dataBANK0    0000AE
_seven_seg_init                          text2        002628
_seven_seg_write_number                  text1        002124
_sprintf                                 text21       002764
_tris_registers                          dataCOMRAM   00005F
_vfpfcnvrt                               text23       0012B6
_vfprintf                                text22       0026AC
_width                                   bssCOMRAM    000034
abs@a                                    cstackCOMRAM 00000A
btemp                                    temp         000074
convert_uint8_to_string@str              cstackCOMRAM 000030
convert_uint8_to_string@value            cstackCOMRAM 000031
dc_motor_init@F3071                      bssCOMRAM    00005E
dc_motor_init@F3073                      bssCOMRAM    00005D
dc_motor_move_dir1@F3078                 bssCOMRAM    00005C
dc_motor_move_dir1@F3080                 bssCOMRAM    00005B
dc_motor_move_dir2@F3085                 bssCOMRAM    00005A
dc_motor_move_dir2@F3087                 bssCOMRAM    000059
dc_motor_stop@F3092                      bssCOMRAM    000058
dc_motor_stop@F3094                      bssCOMRAM    000057
end_of_initialization                    cinit        0022C8
fputc@c                                  cstackCOMRAM 000004
fputc@fp                                 cstackCOMRAM 000006
gpio_pin_initialize@pin                  cstackCOMRAM 00000C
gpio_pin_initialize@ret                  cstackCOMRAM 00000E
gpio_pin_read@logic                      cstackCOMRAM 000005
gpio_pin_read@pin                        cstackCOMRAM 000004
gpio_pin_read@ret                        cstackCOMRAM 00000D
gpio_pin_set_direction@pin               cstackCOMRAM 000004
gpio_pin_set_direction@ret               cstackCOMRAM 00000A
gpio_pin_write@logic                     cstackCOMRAM 000005
gpio_pin_write@pin                       cstackCOMRAM 000004
gpio_pin_write@ret                       cstackCOMRAM 00000B
int$flags                                temp         000074
int_func                                 intcode_body 001020
intlevel0                                text         000000
intlevel1                                text         000000
intlevel2                                text         000000
intlevel3                                text         000000
isa$std                                  (abs)        000001
isa$xinst                                (abs)        000000
keypad_get_value@column_logic            cstackCOMRAM 000012
keypad_get_value@columns_counter         cstackCOMRAM 000013
keypad_get_value@keypad                  cstackCOMRAM 00000E
keypad_get_value@ret                     cstackCOMRAM 000011
keypad_get_value@rows_counter            cstackCOMRAM 000014
keypad_get_value@value                   cstackCOMRAM 00000F
keypad_init@columns_counter              cstackCOMRAM 000010
keypad_init@keypad                       cstackCOMRAM 00000F
keypad_init@rows_counter                 cstackCOMRAM 000011
lcd_4bit_init@lcd                        cstackCOMRAM 000015
lcd_4bit_init@pins_counter               cstackCOMRAM 000018
lcd_4bit_init@ret                        cstackCOMRAM 000017
lcd_4bit_send_char@data                  cstackCOMRAM 000013
lcd_4bit_send_char@lcd                   cstackCOMRAM 000012
lcd_4bit_send_char@ret                   cstackCOMRAM 000014
lcd_4bit_send_char_pos@column            cstackCOMRAM 00001C
lcd_4bit_send_char_pos@data              cstackCOMRAM 00001A
lcd_4bit_send_char_pos@lcd               cstackCOMRAM 000019
lcd_4bit_send_char_pos@ret               cstackCOMRAM 00001D
lcd_4bit_send_char_pos@row               cstackCOMRAM 00001B
lcd_4bit_send_cmd@cmd                    cstackCOMRAM 000013
lcd_4bit_send_cmd@lcd                    cstackCOMRAM 000012
lcd_4bit_send_cmd@ret                    cstackCOMRAM 000014
lcd_4bit_send_string@lcd                 cstackCOMRAM 000015
lcd_4bit_send_string@ret                 cstackCOMRAM 000018
lcd_4bit_send_string@str                 cstackCOMRAM 000016
lcd_4bit_send_string_pos@column          cstackCOMRAM 00001C
lcd_4bit_send_string_pos@lcd             cstackCOMRAM 000019
lcd_4bit_send_string_pos@row             cstackCOMRAM 00001B
lcd_4bit_send_string_pos@str             cstackCOMRAM 00001A
lcd_4bit_set_cursor@column               cstackCOMRAM 000017
lcd_4bit_set_cursor@lcd                  cstackCOMRAM 000015
lcd_4bit_set_cursor@ret                  cstackCOMRAM 000018
lcd_4bit_set_cursor@row                  cstackCOMRAM 000016
lcd_4bits_send_enable_signal@lcd         cstackCOMRAM 00000C
lcd_4bits_send_enable_signal@ret         cstackCOMRAM 00000D
lcd_send_4bits@_data_cmd                 cstackCOMRAM 00000D
lcd_send_4bits@l_pin_counter             cstackCOMRAM 000011
lcd_send_4bits@lcd                       cstackCOMRAM 00000C
lcd_send_4bits@ret                       cstackCOMRAM 000010
led_init@F3078                           bssCOMRAM    000056
led_init@led                             cstackCOMRAM 00000F
led_init@pin                             cstackCOMRAM 000011
led_toggle@F3093                         bssCOMRAM    000053
led_turn_off@F3088                       bssCOMRAM    000054
led_turn_off@led                         cstackCOMRAM 00000C
led_turn_off@pin                         cstackCOMRAM 00000E
led_turn_on@F3083                        bssCOMRAM    000055
led_turn_on@led                          cstackCOMRAM 00000C
led_turn_on@pin                          cstackCOMRAM 00000E
main@buff                                cstackBANK0  0000D7
main@data                                cstackBANK0  0000DB
main@i                                   cstackBANK0  0000DC
main@ret                                 cstackBANK0  0000DE
main@val                                 cstackBANK0  0000DF
memset@c                                 cstackCOMRAM 000005
memset@dest                              cstackCOMRAM 000004
memset@n                                 cstackCOMRAM 000007
memset@p                                 cstackCOMRAM 000009
relay_init@F3067                         bssCOMRAM    000052
relay_turn_off@F3077                     bssCOMRAM    000050
relay_turn_on@F3072                      bssCOMRAM    000051
seven_seg_init@ret                       cstackCOMRAM 000010
seven_seg_init@seg                       cstackCOMRAM 00000F
seven_seg_write_number@number            cstackCOMRAM 00000D
seven_seg_write_number@ret               cstackCOMRAM 00000E
seven_seg_write_number@seg               cstackCOMRAM 00000C
sprintf@ap                               cstackCOMRAM 000023
sprintf@f                                cstackCOMRAM 000024
sprintf@fmt                              cstackCOMRAM 00001E
sprintf@s                                cstackCOMRAM 00001D
stackhi                                  (abs)        000000
stacklo                                  (abs)        000000
start                                    init         00000E
start_initialization                     cinit        002270
ttemp5                                   temp         000075
ttemp6                                   temp         000078
ttemp7                                   temp         00007C
vfpfcnvrt@ap                             cstackCOMRAM 000010
vfpfcnvrt@c                              cstackCOMRAM 000018
vfpfcnvrt@convarg                        cstackCOMRAM 000014
vfpfcnvrt@cp                             cstackCOMRAM 000013
vfpfcnvrt@done                           cstackCOMRAM 000012
vfpfcnvrt@fmt                            cstackCOMRAM 00000F
vfpfcnvrt@fp                             cstackCOMRAM 00000E
vfprintf@ap                              cstackCOMRAM 00001B
vfprintf@cfmt                            cstackCOMRAM 00001C
vfprintf@fmt                             cstackCOMRAM 00001A
vfprintf@fp                              cstackCOMRAM 000019
wtemp8                                   temp         000075


MODULE INFORMATION

Module		Function		Class		Link	Load	Size
ECU_Layer/LED/led.c
		_led_init      		CODE           	1ED8	0000	160
		_led_turn_on   		CODE           	2198	0000	114
		_led_turn_off  		CODE           	220A	0000	102

ECU_Layer/LED/led.c estimated size: 376

C:\Program Files\Microchip\xc8\v2.46\pic\sources\c99\common\nf_fputc.c
		_fputc         		CODE           	1E2E	0000	170

C:\Program Files\Microchip\xc8\v2.46\pic\sources\c99\common\nf_fputc.c estimated size: 170

C:\Program Files\Microchip\xc8\v2.46\pic\sources\c99\common\awdiv.c
		___awdiv       		CODE           	1CBA	0000	196

C:\Program Files\Microchip\xc8\v2.46\pic\sources\c99\common\awdiv.c estimated size: 196

C:\Program Files\Microchip\xc8\v2.46\pic\sources\c99\common\memset.c
		_memset        		CODE           	2834	0000	48

C:\Program Files\Microchip\xc8\v2.46\pic\sources\c99\common\memset.c estimated size: 48

MCAL_Layer/GPIO/gpio.c
		_gpio_pin_write		CODE           	15FC	0000	354
		_gpio_pin_set_direction		CODE           	19E6	0000	274
		_gpio_pin_read 		CODE           	1BEE	0000	204
		_gpio_pin_initialize		CODE           	2334	0000	94

MCAL_Layer/GPIO/gpio.c estimated size: 926

ECU_Layer/Chr_LCD/chr_lcd.c
		_lcd_4bit_send_string_pos		CODE           	259A	0000	74
		_lcd_4bit_send_char		CODE           	2392	0000	92
		_lcd_send_4bits		CODE           	22D2	0000	98
		_lcd_4bit_set_cursor		CODE           	200E	0000	148
		_lcd_4bit_send_char_pos		CODE           	26EC	0000	60
		_lcd_4bits_send_enable_signal		CODE           	2728	0000	60
		_lcd_4bit_init 		CODE           	18B2	0000	308
		_lcd_4bit_send_cmd		CODE           	23EE	0000	92
		_convert_uint8_to_string		CODE           	266A	0000	66
		_lcd_4bit_send_string		CODE           	1F78	0000	150

ECU_Layer/Chr_LCD/chr_lcd.c estimated size: 1148

C:\Program Files\Microchip\xc8\v2.46\pic\sources\c99\common\doprnt.c
		_vfpfcnvrt     		CODE           	12B6	0000	448
		_vfprintf      		CODE           	26AC	0000	64

C:\Program Files\Microchip\xc8\v2.46\pic\sources\c99\common\doprnt.c estimated size: 512

C:\Program Files\Microchip\xc8\v2.46\pic\sources\c99\common\nf_sprintf.c
		_sprintf       		CODE           	2764	0000	52

C:\Program Files\Microchip\xc8\v2.46\pic\sources\c99\common\nf_sprintf.c estimated size: 52

shared
		__initialization		CODE           	2270	0000	88
		_keypad_values 		SMALLCONST     	1001	0000	16

shared estimated size: 104

C:\Program Files\Microchip\xc8\v2.46\pic\sources\c99\common\putch.c
		_putch         		CODE           	2910	0000	2

C:\Program Files\Microchip\xc8\v2.46\pic\sources\c99\common\putch.c estimated size: 2

ECU_Layer/Keypad/keypad.c
		_keypad_init   		CODE           	20A2	0000	130
		_keypad_get_value		CODE           	175E	0000	340

ECU_Layer/Keypad/keypad.c estimated size: 470

MCAL_Layer/EEPROM/eeprom.c
		_EEPROM_WriteByte		CODE           	25E4	0000	68
		_EEPROM_ReadByte		CODE           	27CC	0000	52

MCAL_Layer/EEPROM/eeprom.c estimated size: 120

C:\Program Files\Microchip\xc8\v2.46\pic\sources\c99\common\abs.c
		_abs           		CODE           	2798	0000	52

C:\Program Files\Microchip\xc8\v2.46\pic\sources\c99\common\abs.c estimated size: 52

C:\Program Files\Microchip\xc8\v2.46\pic\sources\c99\common\awmod.c
		___awmod       		CODE           	1D7E	0000	176

C:\Program Files\Microchip\xc8\v2.46\pic\sources\c99\common\awmod.c estimated size: 176

MCAL_Layer/Interrupt/external_interrupt.c
		_RB4_ISR       		CODE           	2546	0000	84
		_RB5_ISR       		CODE           	24F2	0000	84
		_RB6_ISR       		CODE           	249E	0000	84
		_RB7_ISR       		CODE           	244A	0000	84
		_INT0_ISR      		CODE           	28C0	0000	46
		_Interrupt_RBx_Init		CODE           	1AF8	0000	246
		_INT1_ISR      		CODE           	2892	0000	46
		_INT2_ISR      		CODE           	2864	0000	46

MCAL_Layer/Interrupt/external_interrupt.c estimated size: 720

main.c
		_main          		CODE           	1476	0000	390
		_int0_app_handler		CODE           	2908	0000	4
		_rb4_app_handler		CODE           	2904	0000	4
		_int1_app_handler		CODE           	290C	0000	4

main.c estimated size: 402

MCAL_Layer/Interrupt/interrupt_manager.c
		_InterruptManager		CODE           	0008	0000	668

MCAL_Layer/Interrupt/interrupt_manager.c estimated size: 668

ECU_Layer/7_Seg/seven_seg.c
		_seven_seg_init		CODE           	2628	0000	66
		_seven_seg_write_number		CODE           	2124	0000	116

ECU_Layer/7_Seg/seven_seg.c estimated size: 182

