Microchip MPLAB XC8 Compiler V2.46

Linker command line:

-W-3 \
  --edf=C:\Program Files\Microchip\xc8\v2.46\pic\dat\20240104201356_en.msgs \
  -cn -h+dist/default/debug\Standard.debug.sym \
  --cmf=dist/default/debug\Standard.debug.cmf -z -Q18F4620 \
  -oC:\Users\dell\AppData\Local\Temp\xcAskt8.\driver_tmp_3.o \
  --defsym=__MPLAB_BUILD=1 --fixupoverflow=error \
  -Mdist/default/debug/Standard.debug.map \
  --md=C:\Users\dell\AppData\Local\Temp\xcAskt8.\driver_tmp_0.dat -E1 \
  -ver=XC8 Compiler --acfsm=1493 -ACODE=00h-0FFFFh -ACONST=00h-0FFFFh \
  -ASMALLCONST=01000h-010FFhx240 -AMEDIUMCONST=01000h-0FFFFh \
  -ACOMRAM=01h-07Fh -AABS1=00h-0F7Fh -ABIGRAM=01h-0F7Fh \
  -ARAM=080h-0FFh,0100h-01FFhx14,0F00h-0F7Fh -ABANK0=080h-0FFh \
  -ABANK1=0100h-01FFh -ABANK2=0200h-02FFh -ABANK3=0300h-03FFh \
  -ABANK4=0400h-04FFh -ABANK5=0500h-05FFh -ABANK6=0600h-06FFh \
  -ABANK7=0700h-07FFh -ABANK8=0800h-08FFh -ABANK9=0900h-09FFh \
  -ABANK10=0A00h-0AFFh -ABANK11=0B00h-0BFFh -ABANK12=0C00h-0CFFh \
  -ABANK13=0D00h-0DFFh -ABANK14=0E00h-0EFFh -ABANK15=0F00h-0F7Fh \
  -ASFR=0F80h-0FFFh -ABIGSFR=0F80h-0FFFh -ACONFIG=0300000h-030000Dh \
  -AIDLOC=0200000h-0200007h -AEEDATA=0F00000h-0F003FFh -peeprom_data=EEDATA \
  -preset_vec=00h,intcode,sivt_hi,intcodelo,sivt_lo,powerup,init \
  -pramtop=01000h -psmallconst=SMALLCONST -pmediumconst=MEDIUMCONST \
  -pconst=CONST -AFARRAM=00h-00h \
  -prdata=COMRAM,nvrram=COMRAM,nvbit=COMRAM,rbss=COMRAM,rbit=COMRAM \
  -pfarbss=FARRAM,fardata=FARRAM,nvFARRAM=FARRAM \
  -pintsave_regs=BIGRAM,bigbss=BIGRAM,bigdata=BIGRAM -pbss=RAM \
  -pidata=CODE,irdata=CODE,ibigdata=CODE,ifardata=CODE -prparam=COMRAM \
  C:\Users\dell\AppData\Local\Temp\xcAskt8.\driver_tmp_9.o \
  dist/default/debug\Standard.debug.o 

Object code version is 3.11

Machine type is 18F4620



                Name                               Link     Load   Length Selector   Space Scale
C:\Users\dell\AppData\Local\Temp\xcAskt8.\driver_tmp_9.o
                config                           300000   300000        E        0       4
                init                                  0        0        4        0       0
dist/default/debug\Standard.debug.o
                config                           300000   300000        E        0       4
                smallconst                         1000     1000       12      800       0
                text18                             160E     160E       CC      809       0
                text17                             1012     1012      162      809       0
                text16                             1174     1174      152      809       0
                text15                             13FA     13FA      112      809       0
                text14                             1A3E     1A3E       5E      809       0
                text13                             180E     180E       82      809       0
                text12                             1BD2     1BD2       3C      809       0
                text11                             19DC     19DC       62      809       0
                text10                             1AF8     1AF8       5C      809       0
                text9                              12C6     12C6      134      809       0
                text8                              1A9C     1A9C       5C      809       0
                text7                              177A     177A       94      809       0
                text6                              1B96     1B96       3C      809       0
                text5                              16DA     16DA       A0      809       0
                text4                              1976     1976       66      809       0
                text3                              1904     1904       72      809       0
                text2                              1B54     1B54       42      809       0
                text1                              1890     1890       74      809       0
                text0                              150C     150C      102      809       0
                cstackCOMRAM                         33       33       1F        1       1
                dataCOMRAM                            1        1       32        1       1
                bssCOMRAM                            52       52        F        1       1
                cinit                              1C0E     1C0E       36      809       0
                idataCOMRAM                        1C44     1C44       32      809       0

TOTAL           Name                               Link     Load   Length     Space
        CLASS   CODE           
                init                                  0        0        4         0
                text18                             160E     160E       CC         0
                text17                             1012     1012      162         0
                text16                             1174     1174      152         0
                text15                             13FA     13FA      112         0
                text14                             1A3E     1A3E       5E         0
                text13                             180E     180E       82         0
                text12                             1BD2     1BD2       3C         0
                text11                             19DC     19DC       62         0
                text10                             1AF8     1AF8       5C         0
                text9                              12C6     12C6      134         0
                text8                              1A9C     1A9C       5C         0
                text7                              177A     177A       94         0
                text6                              1B96     1B96       3C         0
                text5                              16DA     16DA       A0         0
                text4                              1976     1976       66         0
                text3                              1904     1904       72         0
                text2                              1B54     1B54       42         0
                text1                              1890     1890       74         0
                text0                              150C     150C      102         0
                cinit                              1C0E     1C0E       36         0
                idataCOMRAM                        1C44     1C44       32         0

        CLASS   CONST          

        CLASS   SMALLCONST     
                smallconst                         1000     1000       12         0

        CLASS   MEDIUMCONST    

        CLASS   COMRAM         
                cstackCOMRAM                         33       33       1F         1
                dataCOMRAM                            1        1       32         1
                bssCOMRAM                            52       52        F         1

        CLASS   ABS1           

        CLASS   BIGRAM         

        CLASS   RAM            

        CLASS   BANK0          

        CLASS   BANK1          

        CLASS   BANK2          

        CLASS   BANK3          

        CLASS   BANK4          

        CLASS   BANK5          

        CLASS   BANK6          

        CLASS   BANK7          

        CLASS   BANK8          

        CLASS   BANK9          

        CLASS   BANK10         

        CLASS   BANK11         

        CLASS   BANK12         

        CLASS   BANK13         

        CLASS   BANK14         

        CLASS   BANK15         

        CLASS   SFR            

        CLASS   BIGSFR         

        CLASS   CONFIG         
                config                           300000   300000        E         4

        CLASS   IDLOC          

        CLASS   EEDATA         

        CLASS   FARRAM         

        CLASS   HEAP           

        CLASS   STACK          



SEGMENTS        Name                           Load    Length   Top    Selector   Space  Class

                reset_vec                      000000  000004  000004         0       0  CODE    
                dataCOMRAM                     000001  000060  000061         1       1  COMRAM  
                smallconst                     001000  000012  001012       800       0  SMALLCON
                text17                         001012  000C64  001C76       809       0  CODE    


UNUSED ADDRESS RANGES

        Name                Unused          Largest block    Delta
        BANK0            000080-0000FF               80
        BANK1            000100-0001FF              100
        BANK10           000A00-000AFF              100
        BANK11           000B00-000BFF              100
        BANK12           000C00-000CFF              100
        BANK13           000D00-000DFF              100
        BANK14           000E00-000EFF              100
        BANK15           000F00-000F7F               80
        BANK2            000200-0002FF              100
        BANK3            000300-0003FF              100
        BANK4            000400-0004FF              100
        BANK5            000500-0005FF              100
        BANK6            000600-0006FF              100
        BANK7            000700-0007FF              100
        BANK8            000800-0008FF              100
        BANK9            000900-0009FF              100
        BIGRAM           000061-000F7F              F1F
        BIGSFR           000F80-000FFF               80
        CODE             000004-000FFF              FFC
                         001C76-00FFFF             E38A
        COMRAM           000061-00007F               1F
        CONST            000004-000FFF              FFC
                         001C76-00FFFF             E38A
        EEDATA           F00000-F003FF              400
        IDLOC            200000-200007                8
        MEDIUMCONST      001C76-00FFFF             E38A
        RAM              000080-000F7F              100
        SFR              000F80-000FFF               80
        SMALLCONST       001C76-00FFFF              100

                                  Symbol Table

_LATA                                 (abs)        000F89
_LATB                                 (abs)        000F8A
_LATC                                 (abs)        000F8B
_LATD                                 (abs)        000F8C
_LATE                                 (abs)        000F8D
_PORTA                                (abs)        000F80
_PORTB                                (abs)        000F81
_PORTC                                (abs)        000F82
_PORTD                                (abs)        000F83
_PORTE                                (abs)        000F84
_TRISA                                (abs)        000F92
_TRISB                                (abs)        000F93
_TRISC                                (abs)        000F94
_TRISD                                (abs)        000F95
_TRISE                                (abs)        000F96
__HRAM                                (abs)        000000
__H__absolute__                       __absolute__ 000000
__Habs1                               abs1         000000
__Hbank0                              bank0        000000
__Hbank1                              bank1        000000
__Hbank10                             bank10       000000
__Hbank11                             bank11       000000
__Hbank12                             bank12       000000
__Hbank13                             bank13       000000
__Hbank14                             bank14       000000
__Hbank15                             bank15       000000
__Hbank2                              bank2        000000
__Hbank3                              bank3        000000
__Hbank4                              bank4        000000
__Hbank5                              bank5        000000
__Hbank6                              bank6        000000
__Hbank7                              bank7        000000
__Hbank8                              bank8        000000
__Hbank9                              bank9        000000
__Hbigbss                             bigbss       000000
__Hbigdata                            bigdata      000000
__Hbigram                             bigram       000000
__Hbigsfr                             bigsfr       000000
__Hbss                                bss          000000
__HbssCOMRAM                          bssCOMRAM    000000
__Hcinit                              cinit        000000
__Hclrtext                            clrtext      000000
__Hcomram                             comram       000000
__Hconfig                             config       30000E
__Hconst                              const        000000
__HcstackCOMRAM                       cstackCOMRAM 000000
__Hdata                               data         000000
__HdataCOMRAM                         dataCOMRAM   000000
__Heeprom_data                        eeprom_data  000000
__Hfarbss                             farbss       000000
__Hfardata                            fardata      000000
__Hheap                               heap         000000
__Hibigdata                           ibigdata     000000
__Hidata                              idata        000000
__HidataCOMRAM                        idataCOMRAM  000000
__Hidloc                              idloc        000000
__Hifardata                           ifardata     000000
__Hinit                               init         000004
__Hintcode                            intcode      000000
__Hintcode_body                       intcode_body 000000
__Hintcodelo                          intcodelo    000000
__Hintentry                           intentry     000000
__Hintret                             intret       000000
__Hintsave_regs                       intsave_regs 000000
__Hirdata                             irdata       000000
__Hmediumconst                        mediumconst  000000
__HnvFARRAM                           nvFARRAM     000000
__Hnvbit                              nvbit        000000
__Hnvrram                             nvrram       000000
__Hparam                              rparam       000000
__Hpowerup                            powerup      000000
__Hram                                ram          000000
__Hramtop                             ramtop       001000
__Hrbit                               rbit         000000
__Hrbss                               rbss         000000
__Hrdata                              rdata        000000
__Hreset_vec                          reset_vec    000000
__Hrparam                             rparam       000000
__Hsfr                                sfr          000000
__Hsivt_hi                            sivt_hi      000000
__Hsivt_lo                            sivt_lo      000000
__Hsmallconst                         smallconst   001012
__Hspace_0                            (abs)        001C76
__Hspace_1                            (abs)        000061
__Hspace_2                            (abs)        000000
__Hspace_4                            (abs)        60000E
__Hstack                              stack        000000
__Hstruct                             struct       000000
__Htemp                               temp         000000
__Htext                               text         000000
__Htext0                              text0        000000
__Htext1                              text1        000000
__Htext10                             text10       000000
__Htext11                             text11       000000
__Htext12                             text12       000000
__Htext13                             text13       000000
__Htext14                             text14       000000
__Htext15                             text15       000000
__Htext16                             text16       000000
__Htext17                             text17       000000
__Htext18                             text18       000000
__Htext2                              text2        000000
__Htext3                              text3        000000
__Htext4                              text4        000000
__Htext5                              text5        000000
__Htext6                              text6        000000
__Htext7                              text7        000000
__Htext8                              text8        000000
__Htext9                              text9        000000
__LRAM                                (abs)        000001
__L__absolute__                       __absolute__ 000000
__Labs1                               abs1         000000
__Lbank0                              bank0        000000
__Lbank1                              bank1        000000
__Lbank10                             bank10       000000
__Lbank11                             bank11       000000
__Lbank12                             bank12       000000
__Lbank13                             bank13       000000
__Lbank14                             bank14       000000
__Lbank15                             bank15       000000
__Lbank2                              bank2        000000
__Lbank3                              bank3        000000
__Lbank4                              bank4        000000
__Lbank5                              bank5        000000
__Lbank6                              bank6        000000
__Lbank7                              bank7        000000
__Lbank8                              bank8        000000
__Lbank9                              bank9        000000
__Lbigbss                             bigbss       000000
__Lbigdata                            bigdata      000000
__Lbigram                             bigram       000000
__Lbigsfr                             bigsfr       000000
__Lbss                                bss          000000
__LbssCOMRAM                          bssCOMRAM    000000
__Lcinit                              cinit        000000
__Lclrtext                            clrtext      000000
__Lcomram                             comram       000000
__Lconfig                             config       000000
__Lconst                              const        000000
__LcstackCOMRAM                       cstackCOMRAM 000000
__Ldata                               data         000000
__LdataCOMRAM                         dataCOMRAM   000000
__Leeprom_data                        eeprom_data  000000
__Lfarbss                             farbss       000000
__Lfardata                            fardata      000000
__Lheap                               heap         000000
__Libigdata                           ibigdata     000000
__Lidata                              idata        000000
__LidataCOMRAM                        idataCOMRAM  000000
__Lidloc                              idloc        000000
__Lifardata                           ifardata     000000
__Linit                               init         000000
__Lintcode                            intcode      000000
__Lintcode_body                       intcode_body 000000
__Lintcodelo                          intcodelo    000000
__Lintentry                           intentry     000000
__Lintret                             intret       000000
__Lintsave_regs                       intsave_regs 000000
__Lirdata                             irdata       000000
__Lmediumconst                        mediumconst  000000
__LnvFARRAM                           nvFARRAM     000000
__Lnvbit                              nvbit        000000
__Lnvrram                             nvrram       000000
__Lparam                              rparam       000000
__Lpowerup                            powerup      000000
__Lram                                ram          000000
__Lramtop                             ramtop       001000
__Lrbit                               rbit         000000
__Lrbss                               rbss         000000
__Lrdata                              rdata        000000
__Lreset_vec                          reset_vec    000000
__Lrparam                             rparam       000000
__Lsfr                                sfr          000000
__Lsivt_hi                            sivt_hi      000000
__Lsivt_lo                            sivt_lo      000000
__Lsmallconst                         smallconst   001000
__Lspace_0                            (abs)        000000
__Lspace_1                            (abs)        000000
__Lspace_2                            (abs)        000000
__Lspace_4                            (abs)        000000
__Lstack                              stack        000000
__Lstruct                             struct       000000
__Ltemp                               temp         000000
__Ltext                               text         000000
__Ltext0                              text0        000000
__Ltext1                              text1        000000
__Ltext10                             text10       000000
__Ltext11                             text11       000000
__Ltext12                             text12       000000
__Ltext13                             text13       000000
__Ltext14                             text14       000000
__Ltext15                             text15       000000
__Ltext16                             text16       000000
__Ltext17                             text17       000000
__Ltext18                             text18       000000
__Ltext2                              text2        000000
__Ltext3                              text3        000000
__Ltext4                              text4        000000
__Ltext5                              text5        000000
__Ltext6                              text6        000000
__Ltext7                              text7        000000
__Ltext8                              text8        000000
__Ltext9                              text9        000000
__S0                                  (abs)        001C76
__S1                                  (abs)        000061
__S4                                  (abs)        000000
__S5                                  (abs)        000000
___heap_hi                            (abs)        000000
___heap_lo                            (abs)        000000
___inthi_sp                           stack        000000
___inthi_stack_hi                     stack        000000
___inthi_stack_lo                     stack        000000
___intlo_sp                           stack        000000
___intlo_stack_hi                     stack        000000
___intlo_stack_lo                     stack        000000
___param_bank                         (abs)        000000
___rparam_used                        (abs)        000001
___sp                                 stack        000000
___stack_hi                           stack        000000
___stack_lo                           stack        000000
__accesstop                           (abs)        000080
__activetblptr                        (abs)        000002
__end_of__initialization              cinit        001C3A
__end_of_gpio_pin_initialize          text14       001A9C
__end_of_gpio_pin_read                text18       0016DA
__end_of_gpio_pin_set_direction       text15       00150C
__end_of_gpio_pin_write               text17       001174
__end_of_keypad_get_value             text16       0012C6
__end_of_keypad_init                  text13       001890
__end_of_keypad_values                smallconst   001011
__end_of_lcd_4bit_init                text9        0013FA
__end_of_lcd_4bit_send_char           text8        001AF8
__end_of_lcd_4bit_send_char_pos       text6        001BD2
__end_of_lcd_4bit_send_cmd            text10       001B54
__end_of_lcd_4bit_set_cursor          text7        00180E
__end_of_lcd_4bits_send_enable_signal text12       001C0E
__end_of_lcd_send_4bits               text11       001A3E
__end_of_led_init                     text5        00177A
__end_of_led_turn_off                 text4        0019DC
__end_of_led_turn_on                  text3        001976
__end_of_main                         text0        00160E
__end_of_seven_seg_init               text2        001B96
__end_of_seven_seg_write_number       text1        001904
__initialization                      cinit        001C0E
__mediumconst                         mediumconst  000000
__pbssCOMRAM                          bssCOMRAM    000052
__pcinit                              cinit        001C0E
__pcstackCOMRAM                       cstackCOMRAM 000033
__pdataCOMRAM                         dataCOMRAM   000001
__pidataCOMRAM                        idataCOMRAM  001C44
__psmallconst                         smallconst   001000
__ptext0                              text0        00150C
__ptext1                              text1        001890
__ptext10                             text10       001AF8
__ptext11                             text11       0019DC
__ptext12                             text12       001BD2
__ptext13                             text13       00180E
__ptext14                             text14       001A3E
__ptext15                             text15       0013FA
__ptext16                             text16       001174
__ptext17                             text17       001012
__ptext18                             text18       00160E
__ptext2                              text2        001B54
__ptext3                              text3        001904
__ptext4                              text4        001976
__ptext5                              text5        0016DA
__ptext6                              text6        001B96
__ptext7                              text7        00177A
__ptext8                              text8        001A9C
__ptext9                              text9        0012C6
__ramtop                              ramtop       001000
__smallconst                          smallconst   001000
_gpio_pin_initialize                  text14       001A3E
_gpio_pin_read                        text18       00160E
_gpio_pin_set_direction               text15       0013FA
_gpio_pin_write                       text17       001012
_keypad1                              dataCOMRAM   00001F
_keypad_get_value                     text16       001174
_keypad_init                          text13       00180E
_keypad_values                        smallconst   001001
_lat_registers                        dataCOMRAM   00000B
_lcd1                                 dataCOMRAM   000027
_lcd_4bit_init                        text9        0012C6
_lcd_4bit_send_char                   text8        001A9C
_lcd_4bit_send_char_pos               text6        001B96
_lcd_4bit_send_cmd                    text10       001AF8
_lcd_4bit_set_cursor                  text7        00177A
_lcd_4bits_send_enable_signal         text12       001BD2
_lcd_send_4bits                       text11       0019DC
_led1                                 dataCOMRAM   000032
_led_init                             text5        0016DA
_led_turn_off                         text4        001976
_led_turn_on                          text3        001904
_main                                 text0        00150C
_port_registers                       dataCOMRAM   000001
_seg1                                 dataCOMRAM   00002D
_seven_seg_init                       text2        001B54
_seven_seg_write_number               text1        001890
_tris_registers                       dataCOMRAM   000015
dc_motor_init@F3071                   bssCOMRAM    000060
dc_motor_init@F3073                   bssCOMRAM    00005F
dc_motor_move_dir1@F3078              bssCOMRAM    00005E
dc_motor_move_dir1@F3080              bssCOMRAM    00005D
dc_motor_move_dir2@F3085              bssCOMRAM    00005C
dc_motor_move_dir2@F3087              bssCOMRAM    00005B
dc_motor_stop@F3092                   bssCOMRAM    00005A
dc_motor_stop@F3094                   bssCOMRAM    000059
end_of_initialization                 cinit        001C3A
gpio_pin_initialize@pin               cstackCOMRAM 00003B
gpio_pin_initialize@ret               cstackCOMRAM 00003D
gpio_pin_read@logic                   cstackCOMRAM 000034
gpio_pin_read@pin                     cstackCOMRAM 000033
gpio_pin_read@ret                     cstackCOMRAM 00003C
gpio_pin_set_direction@pin            cstackCOMRAM 000033
gpio_pin_set_direction@ret            cstackCOMRAM 000039
gpio_pin_write@logic                  cstackCOMRAM 000034
gpio_pin_write@pin                    cstackCOMRAM 000033
gpio_pin_write@ret                    cstackCOMRAM 00003A
intlevel0                             text         000000
intlevel1                             text         000000
intlevel2                             text         000000
intlevel3                             text         000000
isa$std                               (abs)        000001
isa$xinst                             (abs)        000000
keypad_get_value@column_logic         cstackCOMRAM 000041
keypad_get_value@columns_counter      cstackCOMRAM 000042
keypad_get_value@keypad               cstackCOMRAM 00003D
keypad_get_value@ret                  cstackCOMRAM 000040
keypad_get_value@rows_counter         cstackCOMRAM 000043
keypad_get_value@value                cstackCOMRAM 00003E
keypad_init@columns_counter           cstackCOMRAM 00003F
keypad_init@keypad                    cstackCOMRAM 00003E
keypad_init@rows_counter              cstackCOMRAM 000040
lcd_4bit_init@lcd                     cstackCOMRAM 000044
lcd_4bit_init@pins_counter            cstackCOMRAM 000047
lcd_4bit_init@ret                     cstackCOMRAM 000046
lcd_4bit_send_char@data               cstackCOMRAM 000042
lcd_4bit_send_char@lcd                cstackCOMRAM 000041
lcd_4bit_send_char@ret                cstackCOMRAM 000043
lcd_4bit_send_char_pos@column         cstackCOMRAM 00004B
lcd_4bit_send_char_pos@data           cstackCOMRAM 000049
lcd_4bit_send_char_pos@lcd            cstackCOMRAM 000048
lcd_4bit_send_char_pos@ret            cstackCOMRAM 00004C
lcd_4bit_send_char_pos@row            cstackCOMRAM 00004A
lcd_4bit_send_cmd@cmd                 cstackCOMRAM 000042
lcd_4bit_send_cmd@lcd                 cstackCOMRAM 000041
lcd_4bit_send_cmd@ret                 cstackCOMRAM 000043
lcd_4bit_set_cursor@column            cstackCOMRAM 000046
lcd_4bit_set_cursor@lcd               cstackCOMRAM 000044
lcd_4bit_set_cursor@ret               cstackCOMRAM 000047
lcd_4bit_set_cursor@row               cstackCOMRAM 000045
lcd_4bits_send_enable_signal@lcd      cstackCOMRAM 00003B
lcd_4bits_send_enable_signal@ret      cstackCOMRAM 00003C
lcd_send_4bits@_data_cmd              cstackCOMRAM 00003C
lcd_send_4bits@l_pin_counter          cstackCOMRAM 000040
lcd_send_4bits@lcd                    cstackCOMRAM 00003B
lcd_send_4bits@ret                    cstackCOMRAM 00003F
led_init@F3078                        bssCOMRAM    000058
led_init@led                          cstackCOMRAM 00003E
led_init@pin                          cstackCOMRAM 000040
led_toggle@F3093                      bssCOMRAM    000055
led_turn_off@F3088                    bssCOMRAM    000056
led_turn_off@led                      cstackCOMRAM 00003B
led_turn_off@pin                      cstackCOMRAM 00003D
led_turn_on@F3083                     bssCOMRAM    000057
led_turn_on@led                       cstackCOMRAM 00003B
led_turn_on@pin                       cstackCOMRAM 00003D
main@i                                cstackCOMRAM 00004F
main@val                              cstackCOMRAM 000051
relay_init@F3067                      bssCOMRAM    000054
relay_turn_off@F3077                  bssCOMRAM    000052
relay_turn_on@F3072                   bssCOMRAM    000053
seven_seg_init@ret                    cstackCOMRAM 00003F
seven_seg_init@seg                    cstackCOMRAM 00003E
seven_seg_write_number@number         cstackCOMRAM 00003C
seven_seg_write_number@ret            cstackCOMRAM 00003D
seven_seg_write_number@seg            cstackCOMRAM 00003B
stackhi                               (abs)        000000
stacklo                               (abs)        000000
start                                 init         000000
start_initialization                  cinit        001C0E


MODULE INFORMATION

Module		Function		Class		Link	Load	Size
ECU_Layer/LED/led.c
		_led_init      		CODE           	16DA	0000	160
		_led_turn_on   		CODE           	1904	0000	114
		_led_turn_off  		CODE           	1976	0000	102

ECU_Layer/LED/led.c estimated size: 376

MCAL_Layer/GPIO/gpio.c
		_gpio_pin_write		CODE           	1012	0000	354
		_gpio_pin_set_direction		CODE           	13FA	0000	274
		_gpio_pin_read 		CODE           	160E	0000	204
		_gpio_pin_initialize		CODE           	1A3E	0000	94

MCAL_Layer/GPIO/gpio.c estimated size: 926

ECU_Layer/Chr_LCD/chr_lcd.c
		_lcd_4bit_send_char		CODE           	1A9C	0000	92
		_lcd_send_4bits		CODE           	19DC	0000	98
		_lcd_4bit_set_cursor		CODE           	177A	0000	148
		_lcd_4bit_send_char_pos		CODE           	1B96	0000	60
		_lcd_4bits_send_enable_signal		CODE           	1BD2	0000	60
		_lcd_4bit_init 		CODE           	12C6	0000	308
		_lcd_4bit_send_cmd		CODE           	1AF8	0000	92

ECU_Layer/Chr_LCD/chr_lcd.c estimated size: 858

shared
		__initialization		CODE           	1C0E	0000	44
		_keypad_values 		SMALLCONST     	1001	0000	16

shared estimated size: 60

ECU_Layer/Keypad/keypad.c
		_keypad_init   		CODE           	180E	0000	130
		_keypad_get_value		CODE           	1174	0000	338

ECU_Layer/Keypad/keypad.c estimated size: 468

main.c
		_main          		CODE           	150C	0000	258

main.c estimated size: 258

ECU_Layer/7_Seg/seven_seg.c
		_seven_seg_init		CODE           	1B54	0000	66
		_seven_seg_write_number		CODE           	1890	0000	116

ECU_Layer/7_Seg/seven_seg.c estimated size: 182

