Microchip MPLAB XC8 Compiler V2.50

Linker command line:

-W-3 \
  --edf=C:\Program Files\Microchip\xc8\v2.50\pic\dat\20240725155939_en.msgs \
  -cn -h+dist/default/production\masterDevice.X.production.sym \
  --cmf=dist/default/production\masterDevice.X.production.cmf -z -Q18F46K20 \
  -oC:\Users\dell\AppData\Local\Temp\xcAsn2s.\driver_tmp_3.o \
  --defsym=__MPLAB_BUILD=1 --fixupoverflow=error \
  -Mdist/default/production/masterDevice.X.production.map \
  --md=C:\Users\dell\AppData\Local\Temp\xcAsn2s.\driver_tmp_0.dat -E1 \
  -ver=XC8 Compiler --acfsm=1493 -ACODE=00h-0FFFFh -ACONST=00h-0FFFFh \
  -ASMALLCONST=01000h-010FFhx240 -AMEDIUMCONST=01000h-0FFFFh \
  -ACOMRAM=01h-05Fh -AABS1=00h-0F5Fh -ABIGRAM=01h-0F5Fh \
  -ARAM=060h-0FFh,0100h-01FFhx14,0F00h-0F5Fh -ABANK0=060h-0FFh \
  -ABANK1=0100h-01FFh -ABANK2=0200h-02FFh -ABANK3=0300h-03FFh \
  -ABANK4=0400h-04FFh -ABANK5=0500h-05FFh -ABANK6=0600h-06FFh \
  -ABANK7=0700h-07FFh -ABANK8=0800h-08FFh -ABANK9=0900h-09FFh \
  -ABANK10=0A00h-0AFFh -ABANK11=0B00h-0BFFh -ABANK12=0C00h-0CFFh \
  -ABANK13=0D00h-0DFFh -ABANK14=0E00h-0EFFh -ABANK15=0F00h-0F5Fh \
  -ASFR=0F60h-0FFFh -ABIGSFR=0F60h-0FFFh -ACONFIG=0300000h-030000Dh \
  -AIDLOC=0200000h-0200007h -AEEDATA=0F00000h-0F003FFh -peeprom_data=EEDATA \
  -preset_vec=00h,intcode=8h,intcodelo,powerup,init -pramtop=01000h \
  -psmallconst=SMALLCONST -pmediumconst=MEDIUMCONST -pconst=CONST \
  -AFARRAM=00h-00h \
  -prdata=COMRAM,nvrram=COMRAM,nvbit=COMRAM,rbss=COMRAM,rbit=COMRAM \
  -pfarbss=FARRAM,fardata=FARRAM,nvFARRAM=FARRAM \
  -pintsave_regs=BIGRAM,bigbss=BIGRAM,bigdata=BIGRAM -pbss=RAM \
  -pidata=CODE,irdata=CODE,ibigdata=CODE,ifardata=CODE -prparam=COMRAM \
  C:\Users\dell\AppData\Local\Temp\xcAsn2s.\driver_tmp_9.o \
  dist/default/production\masterDevice.X.production.o 

Object code version is 3.11

Machine type is 18F46K20



                Name                               Link     Load   Length Selector   Space Scale
C:\Users\dell\AppData\Local\Temp\xcAsn2s.\driver_tmp_9.o
                config                           300000   300000        E        0       4
                init                                 CC       CC        4        4       0
                reset_vec                             0        0        4        0       0
dist/default/production\masterDevice.X.production.o
                intcode                               8        8       C4        4       0
                config                           300000   300000        E        0       4
                temp                                 50       50        1        1       1
                smallconst                         1000     1000       82      800       0
                text62                             1A92     1A92        2      841       0
                text61                             1A66     1A66        6      841       0
                text60                             1A8C     1A8C        4      841       0
                text59                             1A88     1A88        4      841       0
                text58                             1A60     1A60        6      841       0
                text57                             18B2     18B2       22      841       0
                text56                             1A84     1A84        4      841       0
                text55                             1A5A     1A5A        6      841       0
                text54                             1A80     1A80        4      841       0
                text53                             1992     1992       14      841       0
                text52                             1A54     1A54        6      841       0
                text51                             1A7C     1A7C        4      841       0
                text50                             1A78     1A78        4      841       0
                text49                             1A34     1A34        8      841       0
                text48                             1A74     1A74        4      841       0
                text47                             1622     1622       5A      841       0
                text46                             1A4E     1A4E        6      841       0
                text45                             19BE     19BE        C      841       0
                text44                             19B2     19B2        C      841       0
                text43                             14F4     14F4       70      841       0
                text42                             1A1A     1A1A        A      841       0
                text41                             1A10     1A10        A      841       0
                text40                             19A6     19A6        C      841       0
                text39                             1A06     1A06        A      841       0
                text38                             1564     1564       60      841       0
                text37                             1A48     1A48        6      841       0
                text36                             197E     197E       14      841       0
                text35                             196A     196A       14      841       0
                text34                             1956     1956       14      841       0
                text33                             13DA     13DA       A4      841       0
                text32                             1A42     1A42        6      841       0
                text31                             1A70     1A70        4      841       0
                text30                             1A90     1A90        2      841       0
                text29                             1782     1782       36      841       0
                text27                             1868     1868       28      841       0
                text26                             1A6C     1A6C        4      841       0
                text25                             19FC     19FC        A      841       0
                text24                             16C2     16C2       46      841       0
                text23                             1A2C     1A2C        8      841       0
                text22                             190C     190C       1C      841       0
                text21                             18F0     18F0       1C      841       0
                text20                             174C     174C       36      841       0
                text19                             18D4     18D4       1C      841       0
                text18                             1A3C     1A3C        6      841       0
                text17                             1890     1890       22      841       0
                text16                             19F2     19F2        A      841       0
                text15                             19E8     19E8        A      841       0
                text14                             19DE     19DE        A      841       0
                text13                             17B8     17B8       34      841       0
                text12                             1840     1840       28      841       0
                text11                             19D4     19D4        A      841       0
                text10                             17EC     17EC       2C      841       0
                text9                              1928     1928       1A      841       0
                text8                              1942     1942       14      841       0
                text7                              1A24     1A24        8      841       0
                text6                              147E     147E       76      841       0
                text5                              1296     1296      144      841       0
                text4                              19CA     19CA        A      841       0
                text3                              167C     167C       46      841       0
                text2                              1708     1708       44      841       0
                text1                              15C4     15C4       5E      841       0
                text0                              1082     1082      214      841       0
                cstackCOMRAM                         35       35       1A        1       1
                cstackBANK0                          60       60        9       60       1
                dataCOMRAM                           4F       4F        1        1       1
                bssCOMRAM                             1        1       34        1       1
                cinit                              1818     1818       28      841       0
                idataCOMRAM                        1A94     1A94        1      841       0

TOTAL           Name                               Link     Load   Length     Space
        CLASS   CODE           
                intcode                               8        8       C4         0
                init                                 CC       CC        4         0
                reset_vec                             0        0        4         0
                text62                             1A92     1A92        2         0
                text61                             1A66     1A66        6         0
                text60                             1A8C     1A8C        4         0
                text59                             1A88     1A88        4         0
                text58                             1A60     1A60        6         0
                text57                             18B2     18B2       22         0
                text56                             1A84     1A84        4         0
                text55                             1A5A     1A5A        6         0
                text54                             1A80     1A80        4         0
                text53                             1992     1992       14         0
                text52                             1A54     1A54        6         0
                text51                             1A7C     1A7C        4         0
                text50                             1A78     1A78        4         0
                text49                             1A34     1A34        8         0
                text48                             1A74     1A74        4         0
                text47                             1622     1622       5A         0
                text46                             1A4E     1A4E        6         0
                text45                             19BE     19BE        C         0
                text44                             19B2     19B2        C         0
                text43                             14F4     14F4       70         0
                text42                             1A1A     1A1A        A         0
                text41                             1A10     1A10        A         0
                text40                             19A6     19A6        C         0
                text39                             1A06     1A06        A         0
                text38                             1564     1564       60         0
                text37                             1A48     1A48        6         0
                text36                             197E     197E       14         0
                text35                             196A     196A       14         0
                text34                             1956     1956       14         0
                text33                             13DA     13DA       A4         0
                text32                             1A42     1A42        6         0
                text31                             1A70     1A70        4         0
                text30                             1A90     1A90        2         0
                text29                             1782     1782       36         0
                text27                             1868     1868       28         0
                text26                             1A6C     1A6C        4         0
                text25                             19FC     19FC        A         0
                text24                             16C2     16C2       46         0
                text23                             1A2C     1A2C        8         0
                text22                             190C     190C       1C         0
                text21                             18F0     18F0       1C         0
                text20                             174C     174C       36         0
                text19                             18D4     18D4       1C         0
                text18                             1A3C     1A3C        6         0
                text17                             1890     1890       22         0
                text16                             19F2     19F2        A         0
                text15                             19E8     19E8        A         0
                text14                             19DE     19DE        A         0
                text13                             17B8     17B8       34         0
                text12                             1840     1840       28         0
                text11                             19D4     19D4        A         0
                text10                             17EC     17EC       2C         0
                text9                              1928     1928       1A         0
                text8                              1942     1942       14         0
                text7                              1A24     1A24        8         0
                text6                              147E     147E       76         0
                text5                              1296     1296      144         0
                text4                              19CA     19CA        A         0
                text3                              167C     167C       46         0
                text2                              1708     1708       44         0
                text1                              15C4     15C4       5E         0
                text0                              1082     1082      214         0
                cinit                              1818     1818       28         0
                idataCOMRAM                        1A94     1A94        1         0

        CLASS   CONST          

        CLASS   SMALLCONST     
                smallconst                         1000     1000       82         0

        CLASS   MEDIUMCONST    

        CLASS   COMRAM         
                temp                                 50       50        1         1
                cstackCOMRAM                         35       35       1A         1
                dataCOMRAM                           4F       4F        1         1
                bssCOMRAM                             1        1       34         1

        CLASS   ABS1           

        CLASS   BIGRAM         

        CLASS   RAM            

        CLASS   BANK0          
                cstackBANK0                          60       60        9         1

        CLASS   BANK1          

        CLASS   BANK2          

        CLASS   BANK3          

        CLASS   BANK4          

        CLASS   BANK5          

        CLASS   BANK6          

        CLASS   BANK7          

        CLASS   BANK8          

        CLASS   BANK9          

        CLASS   BANK10         

        CLASS   BANK11         

        CLASS   BANK12         

        CLASS   BANK13         

        CLASS   BANK14         

        CLASS   BANK15         

        CLASS   SFR            

        CLASS   BIGSFR         

        CLASS   CONFIG         
                config                           300000   300000        E         4

        CLASS   IDLOC          

        CLASS   EEDATA         

        CLASS   FARRAM         

        CLASS   HEAP           

        CLASS   STACK          



SEGMENTS        Name                           Load    Length   Top    Selector   Space  Class

                reset_vec                      000000  000004  000004         0       0  CODE    
                bssCOMRAM                      000001  000050  000051         1       1  COMRAM  
                intcode                        000008  0000C8  0000D0         4       0  CODE    
                cstackBANK0                    000060  000009  000069        60       1  BANK0   
                smallconst                     001000  000082  001082       800       0  SMALLCON
                text0                          001082  000A13  001A95       841       0  CODE    


UNUSED ADDRESS RANGES

        Name                Unused          Largest block    Delta
        BANK0            000069-0000FF               97
        BANK1            000100-0001FF              100
        BANK10           000A00-000AFF              100
        BANK11           000B00-000BFF              100
        BANK12           000C00-000CFF              100
        BANK13           000D00-000DFF              100
        BANK14           000E00-000EFF              100
        BANK15           000F00-000F5F               60
        BANK2            000200-0002FF              100
        BANK3            000300-0003FF              100
        BANK4            000400-0004FF              100
        BANK5            000500-0005FF              100
        BANK6            000600-0006FF              100
        BANK7            000700-0007FF              100
        BANK8            000800-0008FF              100
        BANK9            000900-0009FF              100
        BIGRAM           000051-00005F                F
                         000069-000F5F              EF7
        BIGSFR           000F60-000FFF               A0
        CODE             000004-000007                4
                         0000D0-000FFF              F30
                         001A95-00FFFF             E56B
        COMRAM           000051-00005F                F
        CONST            000004-000007                4
                         0000D0-000FFF              F30
                         001A95-00FFFF             E56B
        EEDATA           F00000-F003FF              400
        IDLOC            200000-200007                8
        MEDIUMCONST      001A95-00FFFF             E56B
        RAM              000069-000F5F              100
        SFR              000F60-000FFF               A0
        SMALLCONST       001A95-00FFFF              100

                                  Symbol Table

EUSART_FramingErrorCallbackRegister@callbackHandler cstackCOMRAM 000044
EUSART_OverrunErrorCallbackRegister@callbackHandler cstackCOMRAM 000044
EUSART_Write@txData                                 cstackCOMRAM 000044
I2C1_CallbackRegister@callbackHandler               cstackCOMRAM 000044
I2C1_DataTransmit@data                              cstackCOMRAM 000035
I2C1_EVENT_ERROR@retEventState                      cstackCOMRAM 000035
I2C1_EVENT_NACK@retEventState                       cstackCOMRAM 000035
I2C1_EVENT_RX@retEventState                         cstackCOMRAM 000035
I2C1_EVENT_TX@retEventState                         cstackCOMRAM 000036
I2C1_Read@address                                   cstackCOMRAM 000045
I2C1_Read@data                                      cstackCOMRAM 000047
I2C1_Read@dataLength                                cstackCOMRAM 000048
I2C1_Write@address                                  cstackCOMRAM 000045
I2C1_Write@data                                     cstackCOMRAM 000047
I2C1_Write@dataLength                               cstackCOMRAM 000049
I2C1_WriteRead@address                              cstackCOMRAM 000045
I2C1_WriteRead@readData                             cstackCOMRAM 00004A
I2C1_WriteRead@readLength                           cstackCOMRAM 00004B
I2C1_WriteRead@writeData                            cstackCOMRAM 000047
I2C1_WriteRead@writeLength                          cstackCOMRAM 000048
INT0_SetInterruptHandler@InterruptHandler           cstackCOMRAM 000044
INT1_SetInterruptHandler@InterruptHandler           cstackCOMRAM 000044
INT2_SetInterruptHandler@InterruptHandler           cstackCOMRAM 000044
Timer0_OverflowCallbackRegister@CallbackHandler     cstackCOMRAM 000044
_ANSELH                                             (abs)        000F7F
_BAUDCON                                            (abs)        000FB8
_BAUDCONbits                                        (abs)        000FB8
_CLOCK_Initialize                                   text23       001A2C
_EUSART_AutoBaudQuery                               (abs)        000000
_EUSART_AutoBaudSet                                 (abs)        000000
_EUSART_DefaultFramingErrorCallback                 (abs)        000000
_EUSART_DefaultOverrunErrorCallback                 (abs)        000000
_EUSART_Deinitialize                                (abs)        000000
_EUSART_ErrorGet                                    (abs)        000000
_EUSART_FramingErrorCallbackRegister                text22       00190C
_EUSART_FramingErrorHandler                         bssCOMRAM    000021
_EUSART_Initialize                                  text20       00174C
_EUSART_IsRxReady                                   (abs)        000000
_EUSART_IsTxDone                                    text8        001942
_EUSART_IsTxReady                                   (abs)        000000
_EUSART_OverrunErrorCallbackRegister                text21       0018F0
_EUSART_OverrunErrorHandler                         bssCOMRAM    00001F
_EUSART_Read                                        (abs)        000000
_EUSART_TransmitDisable                             (abs)        000000
_EUSART_TransmitEnable                              (abs)        000000
_EUSART_Write                                       text7        001A24
_I2C1_AckSend                                       text55       001A5A
_I2C1_BusReset                                      text61       001A66
_I2C1_Callback                                      bssCOMRAM    000017
_I2C1_CallbackRegister                              text19       0018D4
_I2C1_Close                                         text57       0018B2
_I2C1_DataReceive                                   text54       001A80
_I2C1_DataTransmit                                  text49       001A34
_I2C1_DefaultCallback                               text62       001A92
_I2C1_Deinitialize                                  (abs)        000000
_I2C1_ERROR_ISR                                     text37       001A48
_I2C1_EVENT_ERROR                                   text41       001A10
_I2C1_EVENT_IDLE                                    text46       001A4E
_I2C1_EVENT_NACK                                    text42       001A1A
_I2C1_EVENT_RESET                                   text39       001A06
_I2C1_EVENT_RX                                      text43       0014F4
_I2C1_EVENT_SEND_RD_ADDR                            text45       0019BE
_I2C1_EVENT_SEND_WR_ADDR                            text44       0019B2
_I2C1_EVENT_STOP                                    text40       0019A6
_I2C1_EVENT_TX                                      text47       001622
_I2C1_ErrorEventHandler                             text38       001564
_I2C1_ErrorGet                                      (abs)        000000
_I2C1_ErrorInterruptClear                           text60       001A8C
_I2C1_EventHandler                                  text33       0013DA
_I2C1_Host                                          smallconst   001031
_I2C1_ISR                                           text32       001A42
_I2C1_Initialize                                    text17       001890
_I2C1_InterruptClear                                text59       001A88
_I2C1_InterruptsEnable                              text18       001A3C
_I2C1_IsAddr                                        text36       00197E
_I2C1_IsBusy                                        text27       001868
_I2C1_IsBusy$1913                                   cstackCOMRAM 000044
_I2C1_IsData                                        text35       00196A
_I2C1_IsNack                                        text34       001956
_I2C1_IsRxBufFull                                   text53       001992
_I2C1_NackSend                                      text52       001A54
_I2C1_Read                                          text3        00167C
_I2C1_ReadStart                                     text4        0019CA
_I2C1_ReceiveEnable                                 text51       001A7C
_I2C1_RestartDisable                                text50       001A78
_I2C1_RestartEnable                                 text48       001A74
_I2C1_StartSend                                     text26       001A6C
_I2C1_StatusFlagsClear                              text58       001A60
_I2C1_StopSend                                      text56       001A84
_I2C1_Write                                         text2        001708
_I2C1_WriteRead                                     text24       0016C2
_I2C1_WriteStart                                    text25       0019FC
_INT0_DefaultInterruptHandler                       (abs)        000000
_INT0_InterruptHandler                              bssCOMRAM    00001D
_INT0_SetInterruptHandler                           text16       0019F2
_INT1_DefaultInterruptHandler                       (abs)        000000
_INT1_InterruptHandler                              bssCOMRAM    00001B
_INT1_SetInterruptHandler                           text15       0019E8
_INT2_DefaultInterruptHandler                       (abs)        000000
_INT2_InterruptHandler                              bssCOMRAM    000019
_INT2_SetInterruptHandler                           text14       0019DE
_INTCON2bits                                        (abs)        000FF1
_INTCON3bits                                        (abs)        000FF0
_INTCONbits                                         (abs)        000FF2
_INTERRUPT_Initialize                               text13       0017B8
_INTERRUPT_InterruptManager                         intcode      000008
_IOCB                                               (abs)        000F7D
_LATA                                               (abs)        000F89
_LATAbits                                           (abs)        000F89
_LATB                                               (abs)        000F8A
_LATC                                               (abs)        000F8B
_LATD                                               (abs)        000F8C
_LATE                                               (abs)        000F8D
_OSCCON                                             (abs)        000FD3
_OSCTUNE                                            (abs)        000F9B
_PIE1bits                                           (abs)        000F9D
_PIE2bits                                           (abs)        000FA0
_PIN_MANAGER_Initialize                             text12       001840
_PIR1bits                                           (abs)        000F9E
_PIR2bits                                           (abs)        000FA1
_RCONbits                                           (abs)        000FD0
_RCREG                                              (abs)        000FAE
_RCSTA                                              (abs)        000FAB
_RCSTAbits                                          (abs)        000FAB
_SPBRG                                              (abs)        000FAF
_SPBRGH                                             (abs)        000FB0
_SSPADD                                             (abs)        000FC8
_SSPBUF                                             (abs)        000FC9
_SSPCON1                                            (abs)        000FC6
_SSPCON1bits                                        (abs)        000FC6
_SSPCON2                                            (abs)        000FC5
_SSPCON2bits                                        (abs)        000FC5
_SSPSTAT                                            (abs)        000FC7
_SSPSTATbits                                        (abs)        000FC7
_SYSTEM_Initialize                                  text9        001928
_T0CON                                              (abs)        000FD5
_T0CONbits                                          (abs)        000FD5
_TMR0H                                              (abs)        000FD7
_TMR0L                                              (abs)        000FD6
_TRISA                                              (abs)        000F92
_TRISB                                              (abs)        000F93
_TRISC                                              (abs)        000F94
_TRISD                                              (abs)        000F95
_TRISE                                              (abs)        000F96
_TXREG                                              (abs)        000FAD
_TXSTA                                              (abs)        000FAC
_TXSTAbits                                          (abs)        000FAC
_Timer0                                             smallconst   001057
_Timer0_DefaultOverflowCallback                     text30       001A90
_Timer0_Initialize                                  text10       0017EC
_Timer0_OverflowCallback                            bssCOMRAM    000025
_Timer0_OverflowCallbackRegister                    text11       0019D4
_Timer0_OverflowISR                                 text29       001782
_Timer0_PeriodCountSet                              (abs)        000000
_Timer0_Start                                       (abs)        000000
_Timer0_Stop                                        (abs)        000000
_UART1                                              smallconst   001001
_WPUB                                               (abs)        000F7C
__HRAM                                              (abs)        000000
__H__absolute__                                     __absolute__ 000000
__Habs1                                             abs1         000000
__Hbank0                                            bank0        000000
__Hbank1                                            bank1        000000
__Hbank10                                           bank10       000000
__Hbank11                                           bank11       000000
__Hbank12                                           bank12       000000
__Hbank13                                           bank13       000000
__Hbank14                                           bank14       000000
__Hbank15                                           bank15       000000
__Hbank2                                            bank2        000000
__Hbank3                                            bank3        000000
__Hbank4                                            bank4        000000
__Hbank5                                            bank5        000000
__Hbank6                                            bank6        000000
__Hbank7                                            bank7        000000
__Hbank8                                            bank8        000000
__Hbank9                                            bank9        000000
__Hbigbss                                           bigbss       000000
__Hbigdata                                          bigdata      000000
__Hbigram                                           bigram       000000
__Hbigsfr                                           bigsfr       000000
__Hbss                                              bss          000000
__HbssCOMRAM                                        bssCOMRAM    000000
__Hcinit                                            cinit        000000
__Hclrtext                                          clrtext      000000
__Hcomram                                           comram       000000
__Hconfig                                           config       30000E
__Hconst                                            const        000000
__HcstackBANK0                                      cstackBANK0  000000
__HcstackCOMRAM                                     cstackCOMRAM 000000
__Hdata                                             data         000000
__HdataCOMRAM                                       dataCOMRAM   000000
__Heeprom_data                                      eeprom_data  000000
__Hfarbss                                           farbss       000000
__Hfardata                                          fardata      000000
__Hheap                                             heap         000000
__Hibigdata                                         ibigdata     000000
__Hidata                                            idata        000000
__HidataCOMRAM                                      idataCOMRAM  000000
__Hidloc                                            idloc        000000
__Hifardata                                         ifardata     000000
__Hinit                                             init         0000D0
__Hintcode                                          intcode      0000CC
__Hintcode_body                                     intcode_body 000000
__Hintcodelo                                        intcodelo    0000CC
__Hintentry                                         intentry     000000
__Hintret                                           intret       000000
__Hintsave_regs                                     intsave_regs 000000
__Hirdata                                           irdata       000000
__Hmediumconst                                      mediumconst  000000
__HnvFARRAM                                         nvFARRAM     000000
__Hnvbit                                            nvbit        000000
__Hnvrram                                           nvrram       000000
__Hparam                                            rparam       000000
__Hpowerup                                          powerup      0000CC
__Hram                                              ram          000000
__Hramtop                                           ramtop       001000
__Hrbit                                             rbit         000000
__Hrbss                                             rbss         000000
__Hrdata                                            rdata        000000
__Hreset_vec                                        reset_vec    000004
__Hrparam                                           rparam       000000
__Hsfr                                              sfr          000000
__Hsivt_hi                                          sivt_hi      000000
__Hsivt_lo                                          sivt_lo      000000
__Hsmallconst                                       smallconst   001082
__Hspace_0                                          (abs)        001A95
__Hspace_1                                          (abs)        000069
__Hspace_2                                          (abs)        000000
__Hspace_4                                          (abs)        60000E
__Hstack                                            stack        000000
__Hstruct                                           struct       000000
__Htemp                                             temp         000051
__Htext                                             text         000000
__Htext0                                            text0        000000
__Htext1                                            text1        000000
__Htext10                                           text10       000000
__Htext11                                           text11       000000
__Htext12                                           text12       000000
__Htext13                                           text13       000000
__Htext14                                           text14       000000
__Htext15                                           text15       000000
__Htext16                                           text16       000000
__Htext17                                           text17       000000
__Htext18                                           text18       000000
__Htext19                                           text19       000000
__Htext2                                            text2        000000
__Htext20                                           text20       000000
__Htext21                                           text21       000000
__Htext22                                           text22       000000
__Htext23                                           text23       000000
__Htext24                                           text24       000000
__Htext25                                           text25       000000
__Htext26                                           text26       000000
__Htext27                                           text27       000000
__Htext29                                           text29       000000
__Htext3                                            text3        000000
__Htext30                                           text30       000000
__Htext31                                           text31       000000
__Htext32                                           text32       000000
__Htext33                                           text33       000000
__Htext34                                           text34       000000
__Htext35                                           text35       000000
__Htext36                                           text36       000000
__Htext37                                           text37       000000
__Htext38                                           text38       000000
__Htext39                                           text39       000000
__Htext4                                            text4        000000
__Htext40                                           text40       000000
__Htext41                                           text41       000000
__Htext42                                           text42       000000
__Htext43                                           text43       000000
__Htext44                                           text44       000000
__Htext45                                           text45       000000
__Htext46                                           text46       000000
__Htext47                                           text47       000000
__Htext48                                           text48       000000
__Htext49                                           text49       000000
__Htext5                                            text5        000000
__Htext50                                           text50       000000
__Htext51                                           text51       000000
__Htext52                                           text52       000000
__Htext53                                           text53       000000
__Htext54                                           text54       000000
__Htext55                                           text55       000000
__Htext56                                           text56       000000
__Htext57                                           text57       000000
__Htext58                                           text58       000000
__Htext59                                           text59       000000
__Htext6                                            text6        000000
__Htext60                                           text60       000000
__Htext61                                           text61       000000
__Htext62                                           text62       000000
__Htext7                                            text7        000000
__Htext8                                            text8        000000
__Htext9                                            text9        000000
__LRAM                                              (abs)        000001
__L__absolute__                                     __absolute__ 000000
__Labs1                                             abs1         000000
__Lbank0                                            bank0        000000
__Lbank1                                            bank1        000000
__Lbank10                                           bank10       000000
__Lbank11                                           bank11       000000
__Lbank12                                           bank12       000000
__Lbank13                                           bank13       000000
__Lbank14                                           bank14       000000
__Lbank15                                           bank15       000000
__Lbank2                                            bank2        000000
__Lbank3                                            bank3        000000
__Lbank4                                            bank4        000000
__Lbank5                                            bank5        000000
__Lbank6                                            bank6        000000
__Lbank7                                            bank7        000000
__Lbank8                                            bank8        000000
__Lbank9                                            bank9        000000
__Lbigbss                                           bigbss       000000
__Lbigdata                                          bigdata      000000
__Lbigram                                           bigram       000000
__Lbigsfr                                           bigsfr       000000
__Lbss                                              bss          000000
__LbssCOMRAM                                        bssCOMRAM    000000
__Lcinit                                            cinit        000000
__Lclrtext                                          clrtext      000000
__Lcomram                                           comram       000000
__Lconfig                                           config       000000
__Lconst                                            const        000000
__LcstackBANK0                                      cstackBANK0  000000
__LcstackCOMRAM                                     cstackCOMRAM 000000
__Ldata                                             data         000000
__LdataCOMRAM                                       dataCOMRAM   000000
__Leeprom_data                                      eeprom_data  000000
__Lfarbss                                           farbss       000000
__Lfardata                                          fardata      000000
__Lheap                                             heap         000000
__Libigdata                                         ibigdata     000000
__Lidata                                            idata        000000
__LidataCOMRAM                                      idataCOMRAM  000000
__Lidloc                                            idloc        000000
__Lifardata                                         ifardata     000000
__Linit                                             init         0000CC
__Lintcode                                          intcode      000008
__Lintcode_body                                     intcode_body 000000
__Lintcodelo                                        intcodelo    0000CC
__Lintentry                                         intentry     000000
__Lintret                                           intret       000000
__Lintsave_regs                                     intsave_regs 000000
__Lirdata                                           irdata       000000
__Lmediumconst                                      mediumconst  000000
__LnvFARRAM                                         nvFARRAM     000000
__Lnvbit                                            nvbit        000000
__Lnvrram                                           nvrram       000000
__Lparam                                            rparam       000000
__Lpowerup                                          powerup      0000CC
__Lram                                              ram          000000
__Lramtop                                           ramtop       001000
__Lrbit                                             rbit         000000
__Lrbss                                             rbss         000000
__Lrdata                                            rdata        000000
__Lreset_vec                                        reset_vec    000000
__Lrparam                                           rparam       000000
__Lsfr                                              sfr          000000
__Lsivt_hi                                          sivt_hi      000000
__Lsivt_lo                                          sivt_lo      000000
__Lsmallconst                                       smallconst   001000
__Lspace_0                                          (abs)        000000
__Lspace_1                                          (abs)        000000
__Lspace_2                                          (abs)        000000
__Lspace_4                                          (abs)        000000
__Lstack                                            stack        000000
__Lstruct                                           struct       000000
__Ltemp                                             temp         000050
__Ltext                                             text         000000
__Ltext0                                            text0        000000
__Ltext1                                            text1        000000
__Ltext10                                           text10       000000
__Ltext11                                           text11       000000
__Ltext12                                           text12       000000
__Ltext13                                           text13       000000
__Ltext14                                           text14       000000
__Ltext15                                           text15       000000
__Ltext16                                           text16       000000
__Ltext17                                           text17       000000
__Ltext18                                           text18       000000
__Ltext19                                           text19       000000
__Ltext2                                            text2        000000
__Ltext20                                           text20       000000
__Ltext21                                           text21       000000
__Ltext22                                           text22       000000
__Ltext23                                           text23       000000
__Ltext24                                           text24       000000
__Ltext25                                           text25       000000
__Ltext26                                           text26       000000
__Ltext27                                           text27       000000
__Ltext29                                           text29       000000
__Ltext3                                            text3        000000
__Ltext30                                           text30       000000
__Ltext31                                           text31       000000
__Ltext32                                           text32       000000
__Ltext33                                           text33       000000
__Ltext34                                           text34       000000
__Ltext35                                           text35       000000
__Ltext36                                           text36       000000
__Ltext37                                           text37       000000
__Ltext38                                           text38       000000
__Ltext39                                           text39       000000
__Ltext4                                            text4        000000
__Ltext40                                           text40       000000
__Ltext41                                           text41       000000
__Ltext42                                           text42       000000
__Ltext43                                           text43       000000
__Ltext44                                           text44       000000
__Ltext45                                           text45       000000
__Ltext46                                           text46       000000
__Ltext47                                           text47       000000
__Ltext48                                           text48       000000
__Ltext49                                           text49       000000
__Ltext5                                            text5        000000
__Ltext50                                           text50       000000
__Ltext51                                           text51       000000
__Ltext52                                           text52       000000
__Ltext53                                           text53       000000
__Ltext54                                           text54       000000
__Ltext55                                           text55       000000
__Ltext56                                           text56       000000
__Ltext57                                           text57       000000
__Ltext58                                           text58       000000
__Ltext59                                           text59       000000
__Ltext6                                            text6        000000
__Ltext60                                           text60       000000
__Ltext61                                           text61       000000
__Ltext62                                           text62       000000
__Ltext7                                            text7        000000
__Ltext8                                            text8        000000
__Ltext9                                            text9        000000
__S0                                                (abs)        001A95
__S1                                                (abs)        000069
__S4                                                (abs)        000000
__S5                                                (abs)        000000
___heap_hi                                          (abs)        000000
___heap_lo                                          (abs)        000000
___inthi_sp                                         stack        000000
___inthi_stack_hi                                   stack        000000
___inthi_stack_lo                                   stack        000000
___intlo_sp                                         stack        000000
___intlo_stack_hi                                   stack        000000
___intlo_stack_lo                                   stack        000000
___param_bank                                       (abs)        000000
___rparam_used                                      (abs)        000001
___sp                                               stack        000000
___stack_hi                                         stack        000000
___stack_lo                                         stack        000000
__accesstop                                         (abs)        000060
__activetblptr                                      (abs)        000003
__end_of_CLOCK_Initialize                           text23       001A34
__end_of_EUSART_FramingErrorCallbackRegister        text22       001928
__end_of_EUSART_Initialize                          text20       001782
__end_of_EUSART_IsTxDone                            text8        001956
__end_of_EUSART_OverrunErrorCallbackRegister        text21       00190C
__end_of_EUSART_Write                               text7        001A2C
__end_of_I2C1_AckSend                               text55       001A60
__end_of_I2C1_BusReset                              text61       001A6C
__end_of_I2C1_CallbackRegister                      text19       0018F0
__end_of_I2C1_Close                                 text57       0018D4
__end_of_I2C1_DataReceive                           text54       001A84
__end_of_I2C1_DataTransmit                          text49       001A3C
__end_of_I2C1_DefaultCallback                       text62       001A94
__end_of_I2C1_ERROR_ISR                             text37       001A4E
__end_of_I2C1_EVENT_ERROR                           text41       001A1A
__end_of_I2C1_EVENT_IDLE                            text46       001A54
__end_of_I2C1_EVENT_NACK                            text42       001A24
__end_of_I2C1_EVENT_RESET                           text39       001A10
__end_of_I2C1_EVENT_RX                              text43       001564
__end_of_I2C1_EVENT_SEND_RD_ADDR                    text45       0019CA
__end_of_I2C1_EVENT_SEND_WR_ADDR                    text44       0019BE
__end_of_I2C1_EVENT_STOP                            text40       0019B2
__end_of_I2C1_EVENT_TX                              text47       00167C
__end_of_I2C1_ErrorEventHandler                     text38       0015C4
__end_of_I2C1_ErrorInterruptClear                   text60       001A90
__end_of_I2C1_EventHandler                          text33       00147E
__end_of_I2C1_Host                                  smallconst   001045
__end_of_I2C1_ISR                                   text32       001A48
__end_of_I2C1_Initialize                            text17       0018B2
__end_of_I2C1_InterruptClear                        text59       001A8C
__end_of_I2C1_InterruptsEnable                      text18       001A42
__end_of_I2C1_IsAddr                                text36       001992
__end_of_I2C1_IsBusy                                text27       001890
__end_of_I2C1_IsData                                text35       00197E
__end_of_I2C1_IsNack                                text34       00196A
__end_of_I2C1_IsRxBufFull                           text53       0019A6
__end_of_I2C1_NackSend                              text52       001A5A
__end_of_I2C1_Read                                  text3        0016C2
__end_of_I2C1_ReadStart                             text4        0019D4
__end_of_I2C1_ReceiveEnable                         text51       001A80
__end_of_I2C1_RestartDisable                        text50       001A7C
__end_of_I2C1_RestartEnable                         text48       001A78
__end_of_I2C1_StartSend                             text26       001A70
__end_of_I2C1_StatusFlagsClear                      text58       001A66
__end_of_I2C1_StopSend                              text56       001A88
__end_of_I2C1_Write                                 text2        00174C
__end_of_I2C1_WriteRead                             text24       001708
__end_of_I2C1_WriteStart                            text25       001A06
__end_of_INT0_SetInterruptHandler                   text16       0019FC
__end_of_INT1_SetInterruptHandler                   text15       0019F2
__end_of_INT2_SetInterruptHandler                   text14       0019E8
__end_of_INTERRUPT_Initialize                       text13       0017EC
__end_of_INTERRUPT_InterruptManager                 intcode      0000CC
__end_of_PIN_MANAGER_Initialize                     text12       001868
__end_of_SYSTEM_Initialize                          text9        001942
__end_of_Timer0                                     smallconst   001063
__end_of_Timer0_DefaultOverflowCallback             text30       001A92
__end_of_Timer0_Initialize                          text10       001818
__end_of_Timer0_OverflowCallbackRegister            text11       0019DE
__end_of_Timer0_OverflowISR                         text29       0017B8
__end_of_UART1                                      smallconst   001031
__end_of__initialization                            cinit        001836
__end_of_disp_display_uart_ascii                    text6        0014F4
__end_of_disp_display_uart_time_date                text5        0013DA
__end_of_i2c1_eventTable                            smallconst   001057
__end_of_main                                       text0        001296
__end_of_rtc_update_time                            text1        001622
__end_of_timer0_int_handler                         text31       001A74
__initialization                                    cinit        001818
__mediumconst                                       mediumconst  000000
__pbssCOMRAM                                        bssCOMRAM    000001
__pcinit                                            cinit        001818
__pcstackBANK0                                      cstackBANK0  000060
__pcstackCOMRAM                                     cstackCOMRAM 000035
__pdataCOMRAM                                       dataCOMRAM   00004F
__pidataCOMRAM                                      idataCOMRAM  001A94
__pintcode                                          intcode      000008
__psmallconst                                       smallconst   001000
__ptext0                                            text0        001082
__ptext1                                            text1        0015C4
__ptext10                                           text10       0017EC
__ptext11                                           text11       0019D4
__ptext12                                           text12       001840
__ptext13                                           text13       0017B8
__ptext14                                           text14       0019DE
__ptext15                                           text15       0019E8
__ptext16                                           text16       0019F2
__ptext17                                           text17       001890
__ptext18                                           text18       001A3C
__ptext19                                           text19       0018D4
__ptext2                                            text2        001708
__ptext20                                           text20       00174C
__ptext21                                           text21       0018F0
__ptext22                                           text22       00190C
__ptext23                                           text23       001A2C
__ptext24                                           text24       0016C2
__ptext25                                           text25       0019FC
__ptext26                                           text26       001A6C
__ptext27                                           text27       001868
__ptext29                                           text29       001782
__ptext3                                            text3        00167C
__ptext30                                           text30       001A90
__ptext31                                           text31       001A70
__ptext32                                           text32       001A42
__ptext33                                           text33       0013DA
__ptext34                                           text34       001956
__ptext35                                           text35       00196A
__ptext36                                           text36       00197E
__ptext37                                           text37       001A48
__ptext38                                           text38       001564
__ptext39                                           text39       001A06
__ptext4                                            text4        0019CA
__ptext40                                           text40       0019A6
__ptext41                                           text41       001A10
__ptext42                                           text42       001A1A
__ptext43                                           text43       0014F4
__ptext44                                           text44       0019B2
__ptext45                                           text45       0019BE
__ptext46                                           text46       001A4E
__ptext47                                           text47       001622
__ptext48                                           text48       001A74
__ptext49                                           text49       001A34
__ptext5                                            text5        001296
__ptext50                                           text50       001A78
__ptext51                                           text51       001A7C
__ptext52                                           text52       001A54
__ptext53                                           text53       001992
__ptext54                                           text54       001A80
__ptext55                                           text55       001A5A
__ptext56                                           text56       001A84
__ptext57                                           text57       0018B2
__ptext58                                           text58       001A60
__ptext59                                           text59       001A88
__ptext6                                            text6        00147E
__ptext60                                           text60       001A8C
__ptext61                                           text61       001A66
__ptext62                                           text62       001A92
__ptext7                                            text7        001A24
__ptext8                                            text8        001942
__ptext9                                            text9        001928
__ramtop                                            ramtop       001000
__smallconst                                        smallconst   001000
_disp_display_uart_ascii                            text6        00147E
_disp_display_uart_time_date                        text5        001296
_eusartRxLastError                                  bssCOMRAM    000023
_externalEEPROMAddress                              bssCOMRAM    000031
_i2c1Status                                         bssCOMRAM    000001
_i2c1_eventTable                                    smallconst   001045
_main                                               text0        001082
_previousTemperatureState                           bssCOMRAM    000029
_rtc_update_time                                    text1        0015C4
_temperature                                        bssCOMRAM    000034
_temperatureAddress                                 bssCOMRAM    000033
_temperatureState                                   bssCOMRAM    000032
_timeDate                                           bssCOMRAM    00002A
_timer0ReloadVal                                    bssCOMRAM    000027
_timer0_int_handler                                 text31       001A70
_timerTicks                                         dataCOMRAM   00004F
btemp                                               temp         000050
disp_display_uart_ascii@data                        cstackCOMRAM 000045
disp_display_uart_time_date@data                    cstackCOMRAM 000047
disp_display_uart_time_date@dispData                cstackBANK0  000060
end_of_initialization                               cinit        001836
int$flags                                           temp         000050
intlevel0                                           text         000000
intlevel1                                           text         000000
intlevel2                                           text         000000
intlevel3                                           text         000000
isa$std                                             (abs)        000001
isa$xinst                                           (abs)        000000
rtc_update_time@rddata                              cstackCOMRAM 00004B
stackhi                                             (abs)        000000
stacklo                                             (abs)        000000
start                                               init         0000CC
start_initialization                                cinit        001818
ttemp5                                              temp         000051
ttemp6                                              temp         000054
ttemp7                                              temp         000058
wtemp8                                              temp         000051


MODULE INFORMATION

Module		Function		Class		Link	Load	Size
ECU_Layer/RTC/rtc.c
		_rtc_update_time		CODE           	15C4	0000	94

ECU_Layer/RTC/rtc.c estimated size: 94

mcc_generated_files/system/src/interrupt.c
		_INT0_SetInterruptHandler		CODE           	19F2	0000	10
		_INT1_SetInterruptHandler		CODE           	19E8	0000	10
		_INT2_SetInterruptHandler		CODE           	19DE	0000	10
		_INTERRUPT_Initialize		CODE           	17B8	0000	52
		_INTERRUPT_InterruptManager		CODE           	0008	0000	196

mcc_generated_files/system/src/interrupt.c estimated size: 278

ECU_Layer/DISP/disp.c
		_disp_display_uart_time_date		CODE           	1296	0000	324
		_disp_display_uart_ascii		CODE           	147E	0000	118

ECU_Layer/DISP/disp.c estimated size: 442

mcc_generated_files/system/src/pins.c
		_PIN_MANAGER_Initialize		CODE           	1840	0000	40

mcc_generated_files/system/src/pins.c estimated size: 40

shared
		__initialization		CODE           	1818	0000	30
		_I2C1_Host     		SMALLCONST     	1031	0000	20
		_i2c1_eventTable		SMALLCONST     	1045	0000	18
		_UART1         		SMALLCONST     	1001	0000	48
		_Timer0        		SMALLCONST     	1057	0000	12

shared estimated size: 128

mcc_generated_files/uart/src/eusart.c
		_EUSART_FramingErrorCallbackRegister		CODE           	190C	0000	28
		_EUSART_OverrunErrorCallbackRegister		CODE           	18F0	0000	28
		_EUSART_Write  		CODE           	1A24	0000	8
		_EUSART_Initialize		CODE           	174C	0000	54
		_EUSART_IsTxDone		CODE           	1942	0000	20

mcc_generated_files/uart/src/eusart.c estimated size: 138

mcc_generated_files/system/src/clock.c
		_CLOCK_Initialize		CODE           	1A2C	0000	8

mcc_generated_files/system/src/clock.c estimated size: 8

mcc_generated_files/i2c_host/src/mssp.c
		_I2C1_EVENT_SEND_WR_ADDR		CODE           	19B2	0000	12
		_I2C1_Read     		CODE           	167C	0000	70
		_I2C1_NackSend 		CODE           	1A54	0000	6
		_I2C1_ErrorEventHandler		CODE           	1564	0000	96
		_I2C1_CallbackRegister		CODE           	18D4	0000	28
		_I2C1_EVENT_RESET		CODE           	1A06	0000	10
		_I2C1_EVENT_ERROR		CODE           	1A10	0000	10
		_I2C1_ErrorInterruptClear		CODE           	1A8C	0000	4
		_I2C1_StatusFlagsClear		CODE           	1A60	0000	6
		_I2C1_InterruptsEnable		CODE           	1A3C	0000	6
		_I2C1_InterruptClear		CODE           	1A88	0000	4
		_I2C1_WriteStart		CODE           	19FC	0000	10
		_I2C1_ReadStart		CODE           	19CA	0000	10
		_I2C1_EVENT_RX 		CODE           	14F4	0000	112
		_I2C1_EVENT_TX 		CODE           	1622	0000	90
		_I2C1_ReceiveEnable		CODE           	1A7C	0000	4
		_I2C1_RestartEnable		CODE           	1A74	0000	4
		_I2C1_ISR      		CODE           	1A42	0000	6
		_I2C1_EventHandler		CODE           	13DA	0000	164
		_I2C1_DataReceive		CODE           	1A80	0000	4
		_I2C1_IsData   		CODE           	196A	0000	20
		_I2C1_IsNack   		CODE           	1956	0000	20
		_I2C1_IsAddr   		CODE           	197E	0000	20
		_I2C1_IsBusy   		CODE           	1868	0000	40
		_I2C1_EVENT_IDLE		CODE           	1A4E	0000	6
		_I2C1_EVENT_NACK		CODE           	1A1A	0000	10
		_I2C1_EVENT_SEND_RD_ADDR		CODE           	19BE	0000	12
		_I2C1_EVENT_STOP		CODE           	19A6	0000	12
		_I2C1_BusReset 		CODE           	1A66	0000	6
		_I2C1_Initialize		CODE           	1890	0000	34
		_I2C1_Close    		CODE           	18B2	0000	34
		_I2C1_ERROR_ISR		CODE           	1A48	0000	6
		_I2C1_IsRxBufFull		CODE           	1992	0000	20
		_I2C1_Write    		CODE           	1708	0000	68
		_I2C1_StopSend 		CODE           	1A84	0000	4
		_I2C1_RestartDisable		CODE           	1A78	0000	4
		_I2C1_DataTransmit		CODE           	1A34	0000	8
		_I2C1_AckSend  		CODE           	1A5A	0000	6
		_I2C1_DefaultCallback		CODE           	1A92	0000	2
		_I2C1_WriteRead		CODE           	16C2	0000	70
		_I2C1_StartSend		CODE           	1A6C	0000	4

mcc_generated_files/i2c_host/src/mssp.c estimated size: 1062

mcc_generated_files/timer/src/tmr0.c
		_Timer0_Initialize		CODE           	17EC	0000	44
		_Timer0_OverflowCallbackRegister		CODE           	19D4	0000	10
		_Timer0_OverflowISR		CODE           	1782	0000	54
		_Timer0_DefaultOverflowCallback		CODE           	1A90	0000	2

mcc_generated_files/timer/src/tmr0.c estimated size: 110

main.c
		_timer0_int_handler		CODE           	1A70	0000	4
		_main          		CODE           	1082	0000	532

main.c estimated size: 536

mcc_generated_files/system/src/system.c
		_SYSTEM_Initialize		CODE           	1928	0000	26

mcc_generated_files/system/src/system.c estimated size: 26

